Component: ARM Compiler 5.06 update 6 (build 750) Tool: armlink [4d35ed]

==============================================================================

Section Cross References

    main.o(i.GREEN_LED_CONNECT) refers to rtx_thread.o(.text.osThreadFlagsWait) for osThreadFlagsWait
    main.o(i.GREEN_LED_CONNECT) refers to main.o(i.ON_ALL_GREEN_LEDS) for ON_ALL_GREEN_LEDS
    main.o(i.GREEN_LED_CONNECT) refers to rtx_delay.o(.text.osDelay) for osDelay
    main.o(i.GREEN_LED_CONNECT) refers to main.o(i.OFF_ALL_GREEN_LEDS) for OFF_ALL_GREEN_LEDS
    main.o(i.GREEN_LED_Moving) refers to rtx_msgqueue.o(.text.osMessageQueueGet) for osMessageQueueGet
    main.o(i.GREEN_LED_Moving) refers to rtx_delay.o(.text.osDelay) for osDelay
    main.o(i.GREEN_LED_Moving) refers to main.o(.data) for greenMovingMsg
    main.o(i.GREEN_LED_Stationary) refers to rtx_msgqueue.o(.text.osMessageQueueGet) for osMessageQueueGet
    main.o(i.GREEN_LED_Stationary) refers to main.o(i.ON_ALL_GREEN_LEDS) for ON_ALL_GREEN_LEDS
    main.o(i.GREEN_LED_Stationary) refers to main.o(i.OFF_ALL_GREEN_LEDS) for OFF_ALL_GREEN_LEDS
    main.o(i.GREEN_LED_Stationary) refers to main.o(.data) for greenStationaryMsg
    main.o(i.Q_Dequeue) refers to main.o(i.Q_Empty) for Q_Empty
    main.o(i.Q_Enqueue) refers to main.o(i.Q_Full) for Q_Full
    main.o(i.RED_LED_Moving) refers to rtx_msgqueue.o(.text.osMessageQueueGet) for osMessageQueueGet
    main.o(i.RED_LED_Moving) refers to main.o(i.RED_LED_ON_500) for RED_LED_ON_500
    main.o(i.RED_LED_Moving) refers to main.o(i.RED_LED_OFF_500) for RED_LED_OFF_500
    main.o(i.RED_LED_Moving) refers to main.o(.data) for redMovingMsg
    main.o(i.RED_LED_OFF_250) refers to rtx_delay.o(.text.osDelay) for osDelay
    main.o(i.RED_LED_OFF_500) refers to rtx_delay.o(.text.osDelay) for osDelay
    main.o(i.RED_LED_ON_250) refers to rtx_delay.o(.text.osDelay) for osDelay
    main.o(i.RED_LED_ON_500) refers to rtx_delay.o(.text.osDelay) for osDelay
    main.o(i.RED_LED_Stationary) refers to rtx_msgqueue.o(.text.osMessageQueueGet) for osMessageQueueGet
    main.o(i.RED_LED_Stationary) refers to main.o(i.RED_LED_ON_250) for RED_LED_ON_250
    main.o(i.RED_LED_Stationary) refers to main.o(i.RED_LED_OFF_250) for RED_LED_OFF_250
    main.o(i.RED_LED_Stationary) refers to main.o(.data) for redStationaryMsg
    main.o(i.UART2_IRQHandler) refers to main.o(i.__NVIC_ClearPendingIRQ) for __NVIC_ClearPendingIRQ
    main.o(i.UART2_IRQHandler) refers to main.o(i.Q_Full) for Q_Full
    main.o(i.UART2_IRQHandler) refers to main.o(i.Q_Enqueue) for Q_Enqueue
    main.o(i.UART2_IRQHandler) refers to rtx_thread.o(.text.osThreadFlagsSet) for osThreadFlagsSet
    main.o(i.UART2_IRQHandler) refers to main.o(.bss) for rx_q
    main.o(i.UART2_IRQHandler) refers to main.o(.data) for UART_id
    main.o(i.UART_decode) refers to rtx_thread.o(.text.osThreadFlagsWait) for osThreadFlagsWait
    main.o(i.UART_decode) refers to main.o(i.Q_Dequeue) for Q_Dequeue
    main.o(i.UART_decode) refers to rtx_thread.o(.text.osThreadFlagsSet) for osThreadFlagsSet
    main.o(i.UART_decode) refers to rtx_msgqueue.o(.text.osMessageQueuePut) for osMessageQueuePut
    main.o(i.UART_decode) refers to main.o(.bss) for rx_q
    main.o(i.UART_decode) refers to main.o(.data) for green_led_connect_id
    main.o(i.calcModValue) refers to idiv.o(.text) for __aeabi_idivmod
    main.o(i.curveBackwardLeft) refers to main.o(i.startPWM) for startPWM
    main.o(i.curveBackwardLeft) refers to main.o(i.reverseFL) for reverseFL
    main.o(i.curveBackwardLeft) refers to main.o(i.reverseRL) for reverseRL
    main.o(i.curveBackwardLeft) refers to main.o(i.reverseFR) for reverseFR
    main.o(i.curveBackwardLeft) refers to main.o(i.reverseRR) for reverseRR
    main.o(i.curveBackwardRight) refers to main.o(i.startPWM) for startPWM
    main.o(i.curveBackwardRight) refers to main.o(i.reverseFL) for reverseFL
    main.o(i.curveBackwardRight) refers to main.o(i.reverseRL) for reverseRL
    main.o(i.curveBackwardRight) refers to main.o(i.reverseFR) for reverseFR
    main.o(i.curveBackwardRight) refers to main.o(i.reverseRR) for reverseRR
    main.o(i.curveForwardLeft) refers to main.o(i.startPWM) for startPWM
    main.o(i.curveForwardLeft) refers to main.o(i.forwardFL) for forwardFL
    main.o(i.curveForwardLeft) refers to main.o(i.forwardRL) for forwardRL
    main.o(i.curveForwardLeft) refers to main.o(i.forwardFR) for forwardFR
    main.o(i.curveForwardLeft) refers to main.o(i.forwardRR) for forwardRR
    main.o(i.curveForwardRight) refers to main.o(i.startPWM) for startPWM
    main.o(i.curveForwardRight) refers to main.o(i.forwardFL) for forwardFL
    main.o(i.curveForwardRight) refers to main.o(i.forwardRL) for forwardRL
    main.o(i.curveForwardRight) refers to main.o(i.forwardFR) for forwardFR
    main.o(i.curveForwardRight) refers to main.o(i.forwardRR) for forwardRR
    main.o(i.end_challenge) refers to rtx_thread.o(.text.osThreadFlagsWait) for osThreadFlagsWait
[...]
    Removing rtx_timer.o(.text.osTimerDelete), (40 bytes).
    Removing rtx_timer.o(.ARM.exidx.text.osTimerDelete), (8 bytes).
    Removing rtx_timer.o(.ARM.exidx.text.TimerInsert), (8 bytes).
    Removing rtx_timer.o(.text.svcRtxTimerNew), (132 bytes).
    Removing rtx_timer.o(.ARM.exidx.text.svcRtxTimerNew), (8 bytes).
    Removing rtx_timer.o(.text.svcRtxTimerGetName), (18 bytes).
    Removing rtx_timer.o(.ARM.exidx.text.svcRtxTimerGetName), (8 bytes).
    Removing rtx_timer.o(.text.svcRtxTimerStart), (72 bytes).
    Removing rtx_timer.o(.ARM.exidx.text.svcRtxTimerStart), (8 bytes).
    Removing rtx_timer.o(.text.TimerRemove), (40 bytes).
    Removing rtx_timer.o(.ARM.exidx.text.TimerRemove), (8 bytes).
    Removing rtx_timer.o(.text.svcRtxTimerStop), (42 bytes).
    Removing rtx_timer.o(.ARM.exidx.text.svcRtxTimerStop), (8 bytes).
    Removing rtx_timer.o(.text.svcRtxTimerIsRunning), (24 bytes).
    Removing rtx_timer.o(.ARM.exidx.text.svcRtxTimerIsRunning), (8 bytes).
    Removing rtx_timer.o(.text.svcRtxTimerDelete), (76 bytes).
    Removing rtx_timer.o(.ARM.exidx.text.svcRtxTimerDelete), (8 bytes).
    Removing rtx_mutex.o(.text), (0 bytes).
    Removing rtx_mutex.o(.ARM.exidx.text.osRtxMutexOwnerRelease), (8 bytes).
    Removing rtx_mutex.o(.text.osMutexNew), (36 bytes).
    Removing rtx_mutex.o(.ARM.exidx.text.osMutexNew), (8 bytes).
    Removing rtx_mutex.o(.text.osMutexGetName), (36 bytes).
    Removing rtx_mutex.o(.ARM.exidx.text.osMutexGetName), (8 bytes).
    Removing rtx_mutex.o(.text.osMutexAcquire), (40 bytes).
    Removing rtx_mutex.o(.ARM.exidx.text.osMutexAcquire), (8 bytes).
    Removing rtx_mutex.o(.text.osMutexRelease), (40 bytes).
    Removing rtx_mutex.o(.ARM.exidx.text.osMutexRelease), (8 bytes).
    Removing rtx_mutex.o(.text.osMutexGetOwner), (36 bytes).
    Removing rtx_mutex.o(.ARM.exidx.text.osMutexGetOwner), (8 bytes).
    Removing rtx_mutex.o(.text.osMutexDelete), (40 bytes).
    Removing rtx_mutex.o(.ARM.exidx.text.osMutexDelete), (8 bytes).
    Removing rtx_mutex.o(.text.svcRtxMutexNew), (112 bytes).
    Removing rtx_mutex.o(.ARM.exidx.text.svcRtxMutexNew), (8 bytes).
    Removing rtx_mutex.o(.text.svcRtxMutexGetName), (18 bytes).
    Removing rtx_mutex.o(.ARM.exidx.text.svcRtxMutexGetName), (8 bytes).
    Removing rtx_mutex.o(.text.svcRtxMutexAcquire), (152 bytes).
    Removing rtx_mutex.o(.ARM.exidx.text.svcRtxMutexAcquire), (8 bytes).
    Removing rtx_mutex.o(.text.svcRtxMutexRelease), (192 bytes).
    Removing rtx_mutex.o(.ARM.exidx.text.svcRtxMutexRelease), (8 bytes).
    Removing rtx_mutex.o(.text.svcRtxMutexGetOwner), (24 bytes).
    Removing rtx_mutex.o(.ARM.exidx.text.svcRtxMutexGetOwner), (8 bytes).
    Removing rtx_mutex.o(.text.svcRtxMutexDelete), (188 bytes).
    Removing rtx_mutex.o(.ARM.exidx.text.svcRtxMutexDelete), (8 bytes).
    Removing rtx_memory.o(.text), (0 bytes).
    Removing rtx_memory.o(.ARM.exidx.text.osRtxMemoryInit), (8 bytes).
    Removing rtx_memory.o(.ARM.exidx.text.osRtxMemoryAlloc), (8 bytes).
    Removing rtx_memory.o(.ARM.exidx.text.osRtxMemoryFree), (8 bytes).
    Removing rtx_mempool.o(.text), (0 bytes).
    Removing rtx_mempool.o(.ARM.exidx.text.osRtxMemoryPoolInit), (8 bytes).
    Removing rtx_mempool.o(.ARM.exidx.text.osRtxMemoryPoolAlloc), (8 bytes).
    Removing rtx_mempool.o(.ARM.exidx.text.osRtxMemoryPoolFree), (8 bytes).
    Removing rtx_mempool.o(.text.osMemoryPoolNew), (36 bytes).
    Removing rtx_mempool.o(.ARM.exidx.text.osMemoryPoolNew), (8 bytes).
    Removing rtx_mempool.o(.text.osMemoryPoolGetName), (36 bytes).
    Removing rtx_mempool.o(.ARM.exidx.text.osMemoryPoolGetName), (8 bytes).
    Removing rtx_mempool.o(.text.osMemoryPoolAlloc), (56 bytes).
    Removing rtx_mempool.o(.ARM.exidx.text.osMemoryPoolAlloc), (8 bytes).
    Removing rtx_mempool.o(.text.osMemoryPoolFree), (72 bytes).
    Removing rtx_mempool.o(.ARM.exidx.text.osMemoryPoolFree), (8 bytes).
    Removing rtx_mempool.o(.text.osMemoryPoolGetCapacity), (48 bytes).
    Removing rtx_mempool.o(.ARM.exidx.text.osMemoryPoolGetCapacity), (8 bytes).
    Removing rtx_mempool.o(.text.svcRtxMemoryPoolGetCapacity), (18 bytes).
    Removing rtx_mempool.o(.ARM.exidx.text.svcRtxMemoryPoolGetCapacity), (8 bytes).
    Removing rtx_mempool.o(.text.osMemoryPoolGetBlockSize), (48 bytes).
    Removing rtx_mempool.o(.ARM.exidx.text.osMemoryPoolGetBlockSize), (8 bytes).
    Removing rtx_mempool.o(.text.svcRtxMemoryPoolGetBlockSize), (18 bytes).
    Removing rtx_mempool.o(.ARM.exidx.text.svcRtxMemoryPoolGetBlockSize), (8 bytes).
    Removing rtx_mempool.o(.text.osMemoryPoolGetCount), (48 bytes).
    Removing rtx_mempool.o(.ARM.exidx.text.osMemoryPoolGetCount), (8 bytes).
    Removing rtx_mempool.o(.text.svcRtxMemoryPoolGetCount), (18 bytes).
    Removing rtx_mempool.o(.ARM.exidx.text.svcRtxMemoryPoolGetCount), (8 bytes).
    Removing rtx_mempool.o(.text.osMemoryPoolGetSpace), (36 bytes).
    Removing rtx_mempool.o(.ARM.exidx.text.osMemoryPoolGetSpace), (8 bytes).
    Removing rtx_mempool.o(.text.svcRtxMemoryPoolGetSpace), (22 bytes).
    Removing rtx_mempool.o(.ARM.exidx.text.svcRtxMemoryPoolGetSpace), (8 bytes).
    Removing rtx_mempool.o(.text.osMemoryPoolDelete), (40 bytes).
    Removing rtx_mempool.o(.ARM.exidx.text.osMemoryPoolDelete), (8 bytes).
    Removing rtx_mempool.o(.text.svcRtxMemoryPoolNew), (444 bytes).
    Removing rtx_mempool.o(.ARM.exidx.text.svcRtxMemoryPoolNew), (8 bytes).
    Removing rtx_mempool.o(.text.osRtxMemoryPoolPostProcess), (40 bytes).
    Removing rtx_mempool.o(.ARM.exidx.text.osRtxMemoryPoolPostProcess), (8 bytes).
    Removing rtx_mempool.o(.text.svcRtxMemoryPoolGetName), (18 bytes).
    Removing rtx_mempool.o(.ARM.exidx.text.svcRtxMemoryPoolGetName), (8 bytes).
    Removing rtx_mempool.o(.text.svcRtxMemoryPoolAlloc), (64 bytes).
    Removing rtx_mempool.o(.ARM.exidx.text.svcRtxMemoryPoolAlloc), (8 bytes).
    Removing rtx_mempool.o(.text.svcRtxMemoryPoolFree), (72 bytes).
    Removing rtx_mempool.o(.ARM.exidx.text.svcRtxMemoryPoolFree), (8 bytes).
    Removing rtx_mempool.o(.text.svcRtxMemoryPoolDelete), (112 bytes).
    Removing rtx_mempool.o(.ARM.exidx.text.svcRtxMemoryPoolDelete), (8 bytes).
    Removing rtx_system.o(.text), (0 bytes).
    Removing rtx_system.o(.ARM.exidx.text.osRtxTick_Handler), (8 bytes).
    Removing rtx_system.o(.ARM.exidx.text.osRtxPendSV_Handler), (8 bytes).
    Removing rtx_system.o(.ARM.exidx.text.osRtxPostProcess), (8 bytes).
    Removing os_systick.o(.text), (0 bytes).
    Removing os_systick.o(.ARM.exidx.text.OS_Tick_Setup), (8 bytes).
    Removing os_systick.o(.ARM.exidx.text.OS_Tick_Enable), (8 bytes).
    Removing os_systick.o(.text.OS_Tick_Disable), (40 bytes).
    Removing os_systick.o(.ARM.exidx.text.OS_Tick_Disable), (8 bytes).
    Removing os_systick.o(.ARM.exidx.text.OS_Tick_AcknowledgeIRQ), (8 bytes).
    Removing os_systick.o(.ARM.exidx.text.OS_Tick_GetIRQn), (8 bytes).
    Removing os_systick.o(.text.OS_Tick_GetClock), (12 bytes).
    Removing os_systick.o(.ARM.exidx.text.OS_Tick_GetClock), (8 bytes).
    Removing os_systick.o(.text.OS_Tick_GetInterval), (12 bytes).
    Removing os_systick.o(.ARM.exidx.text.OS_Tick_GetInterval), (8 bytes).
    Removing os_systick.o(.text.OS_Tick_GetCount), (16 bytes).
    Removing os_systick.o(.ARM.exidx.text.OS_Tick_GetCount), (8 bytes).
    Removing os_systick.o(.text.OS_Tick_GetOverflow), (16 bytes).
    Removing os_systick.o(.ARM.exidx.text.OS_Tick_GetOverflow), (8 bytes).

328 unused section(s) (total 7831 bytes) removed from the image.

==============================================================================

Image Symbol Table

    Local Symbols

    Symbol Name                              Value     Ov Type        Size  Object(Section)

    RESET                                    0x00000000   Section      192  startup_mkl25z4.o(RESET)
    ../clib/../cmprslib/zerorunl.c           0x00000000   Number         0  __dczerorl.o ABSOLUTE
    ../clib/microlib/division.c              0x00000000   Number         0  idiv.o ABSOLUTE
    ../clib/microlib/division.c              0x00000000   Number         0  uidiv.o ABSOLUTE
    ../clib/microlib/init/entry.s            0x00000000   Number         0  entry.o ABSOLUTE
    ../clib/microlib/init/entry.s            0x00000000   Number         0  entry9a.o ABSOLUTE
    ../clib/microlib/init/entry.s            0x00000000   Number         0  entry8b.o ABSOLUTE
    ../clib/microlib/init/entry.s            0x00000000   Number         0  entry9b.o ABSOLUTE
    ../clib/microlib/init/entry.s            0x00000000   Number         0  entry10a.o ABSOLUTE
    ../clib/microlib/init/entry.s            0x00000000   Number         0  entry8a.o ABSOLUTE
    ../clib/microlib/init/entry.s            0x00000000   Number         0  entry10b.o ABSOLUTE
    ../clib/microlib/init/entry.s            0x00000000   Number         0  entry7a.o ABSOLUTE
    ../clib/microlib/init/entry.s            0x00000000   Number         0  entry11a.o ABSOLUTE
    ../clib/microlib/init/entry.s            0x00000000   Number         0  entry11b.o ABSOLUTE
    ../clib/microlib/init/entry.s            0x00000000   Number         0  entry7b.o ABSOLUTE
    ../clib/microlib/init/entry.s            0x00000000   Number         0  entry2.o ABSOLUTE
    ../clib/microlib/init/entry.s            0x00000000   Number         0  entry5.o ABSOLUTE
    ../clib/microlib/longlong.c              0x00000000   Number         0  llushr.o ABSOLUTE
    ../clib/microlib/longlong.c              0x00000000   Number         0  llshl.o ABSOLUTE
    ../clib/microlib/string/memcpy.c         0x00000000   Number         0  memcpyb.o ABSOLUTE
    ../clib/microlib/string/memcpy.c         0x00000000   Number         0  memcpya.o ABSOLUTE
    ../clib/microlib/string/memset.c         0x00000000   Number         0  memseta.o ABSOLUTE
    ../clib/microlib/stubs.s                 0x00000000   Number         0  iusefp.o ABSOLUTE
    ../fplib/microlib/fpadd.c                0x00000000   Number         0  fadd.o ABSOLUTE
    ../fplib/microlib/fpdiv.c                0x00000000   Number         0  fdiv.o ABSOLUTE
    ../fplib/microlib/fpepilogue.c           0x00000000   Number         0  depilogue.o ABSOLUTE
    ../fplib/microlib/fpepilogue.c           0x00000000   Number         0  fepilogue.o ABSOLUTE
    ../fplib/microlib/fpfix.c                0x00000000   Number         0  dfixui.o ABSOLUTE
    ../fplib/microlib/fpfix.c                0x00000000   Number         0  ffixui.o ABSOLUTE
    ../fplib/microlib/fpfix.c                0x00000000   Number         0  ffixi.o ABSOLUTE
    ../fplib/microlib/fpflt.c                0x00000000   Number         0  dfltui.o ABSOLUTE
    ../fplib/microlib/fpflt.c                0x00000000   Number         0  ffltui.o ABSOLUTE
    ../fplib/microlib/fpflt.c                0x00000000   Number         0  fflti.o ABSOLUTE
    ../fplib/microlib/fpmul.c                0x00000000   Number         0  dmul.o ABSOLUTE
    ../fplib/microlib/fpmul.c                0x00000000   Number         0  fmul.o ABSOLUTE
    ..\..\..\Source\ARM\irq_cm0.s            0x00000000   Number         0  irq_cm0.o ABSOLUTE
    C:\Users\yy2\AppData\Local\Arm\Packs\ARM\CMSIS\5.6.0\CMSIS\RTOS2\RTX\Source\rtx_lib.c 0x00000000   Number         0  rtx_lib.o ABSOLUTE
    C:\\Users\\yy2\\AppData\\Local\\Arm\\Packs\\ARM\\CMSIS\\5.6.0\\CMSIS\\RTOS2\\RTX\\Source\\rtx_lib.c 0x00000000   Number         0  rtx_lib.o ABSOLUTE
    RTE\CMSIS\RTX_Config.c                   0x00000000   Number         0  rtx_config.o ABSOLUTE
    RTE\Device\MKL25Z128xxx4\startup_MKL25Z4.s 0x00000000   Number         0  startup_mkl25z4.o ABSOLUTE
    RTE\Device\MKL25Z128xxx4\system_MKL25Z4.c 0x00000000   Number         0  system_mkl25z4.o ABSOLUTE
    RTE\\CMSIS\\RTX_Config.c                 0x00000000   Number         0  rtx_config.o ABSOLUTE
    RTE\\Device\\MKL25Z128xxx4\\system_MKL25Z4.c 0x00000000   Number         0  system_mkl25z4.o ABSOLUTE
    dc.s                                     0x00000000   Number         0  dc.o ABSOLUTE
    handlers.s                               0x00000000   Number         0  handlers.o ABSOLUTE
    init.s                                   0x00000000   Number         0  init.o ABSOLUTE
    main.c                                   0x00000000   Number         0  main.o ABSOLUTE
    main.c                                   0x00000000   Number         0  main.o ABSOLUTE
    os_systick.c                             0x00000000   Number         0  os_systick.o ABSOLUTE
    rtx_delay.c                              0x00000000   Number         0  rtx_delay.o ABSOLUTE
    rtx_kernel.c                             0x00000000   Number         0  rtx_kernel.o ABSOLUTE
    rtx_memory.c                             0x00000000   Number         0  rtx_memory.o ABSOLUTE
    rtx_mempool.c                            0x00000000   Number         0  rtx_mempool.o ABSOLUTE
    rtx_msgqueue.c                           0x00000000   Number         0  rtx_msgqueue.o ABSOLUTE
    rtx_mutex.c                              0x00000000   Number         0  rtx_mutex.o ABSOLUTE
    rtx_system.c                             0x00000000   Number         0  rtx_system.o ABSOLUTE
    rtx_thread.c                             0x00000000   Number         0  rtx_thread.o ABSOLUTE
    rtx_timer.c                              0x00000000   Number         0  rtx_timer.o ABSOLUTE
    .ARM.Collect$$$$00000000                 0x000000c0   Section        0  entry.o(.ARM.Collect$$$$00000000)
    .ARM.Collect$$$$00000001                 0x000000c0   Section        4  entry2.o(.ARM.Collect$$$$00000001)
    .ARM.Collect$$$$00000004                 0x000000c4   Section        4  entry5.o(.ARM.Collect$$$$00000004)
    .ARM.Collect$$$$00000008                 0x000000c8   Section        0  entry7b.o(.ARM.Collect$$$$00000008)
    .ARM.Collect$$$$0000000A                 0x000000c8   Section        0  entry8b.o(.ARM.Collect$$$$0000000A)
    .ARM.Collect$$$$0000000B                 0x000000c8   Section        8  entry9a.o(.ARM.Collect$$$$0000000B)
    .ARM.Collect$$$$0000000D                 0x000000d0   Section        0  entry10a.o(.ARM.Collect$$$$0000000D)
    .ARM.Collect$$$$0000000F                 0x000000d0   Section        0  entry11a.o(.ARM.Collect$$$$0000000F)
    .ARM.Collect$$$$00002712                 0x000000d0   Section        4  entry2.o(.ARM.Collect$$$$00002712)
    __lit__00000000                          0x000000d0   Data           4  entry2.o(.ARM.Collect$$$$00002712)
    .text                                    0x000000d4   Section       40  startup_mkl25z4.o(.text)
    .text                                    0x000000fc   Section      164  irq_cm0.o(.text)
    .text                                    0x000001a0   Section        0  uidiv.o(.text)
    .text                                    0x000001cc   Section        0  idiv.o(.text)
    .text                                    0x000001f4   Section        0  memcpya.o(.text)
    .text                                    0x00000218   Section        0  memseta.o(.text)
    .text                                    0x0000023c   Section        0  fadd.o(.text)
    .text                                    0x000002ee   Section        0  fmul.o(.text)
    .text                                    0x00000368   Section        0  fdiv.o(.text)
    .text                                    0x000003e4   Section        0  fflti.o(.text)
    [Anonymous Symbol]                       0x000003fa   Section        0  os_systick.o(.text.OS_Tick_GetIRQn)
    .text                                    0x000003fa   Section        0  iusefp.o(.text)
    .ARM.__at_0x400                          0x00000400   Section       16  startup_mkl25z4.o(.ARM.__at_0x400)
    .text                                    0x00000410   Section        0  dmul.o(.text)
    .text                                    0x000004e0   Section        0  ffltui.o(.text)
    .text                                    0x000004f0   Section        0  dfltui.o(.text)
    .text                                    0x0000050c   Section        0  ffixi.o(.text)
    .text                                    0x0000053e   Section        0  ffixui.o(.text)
    .text                                    0x00000568   Section        0  dfixui.o(.text)
    .text                                    0x000005a4   Section        0  llushr.o(.text)
    .text                                    0x000005c6   Section        0  fepilogue.o(.text)
    .text                                    0x00000648   Section        0  depilogue.o(.text)
    .text                                    0x00000708   Section       36  init.o(.text)
    .text                                    0x0000072c   Section        0  llshl.o(.text)
    .text                                    0x0000074c   Section        0  __dczerorl.o(.text)
    [Anonymous Symbol]                       0x00000786   Section        0  rtx_msgqueue.o(.text.MessageQueueGet)
    MessageQueueGet                          0x00000787   Thumb Code    76  rtx_msgqueue.o(.text.MessageQueueGet)
    [Anonymous Symbol]                       0x000007d2   Section        0  rtx_msgqueue.o(.text.MessageQueuePut)
    MessageQueuePut                          0x000007d3   Thumb Code    98  rtx_msgqueue.o(.text.MessageQueuePut)
    [Anonymous Symbol]                       0x00000834   Section        0  rtx_msgqueue.o(.text.MessageQueueRemove)
    MessageQueueRemove                       0x00000835   Thumb Code    30  rtx_msgqueue.o(.text.MessageQueueRemove)
    [Anonymous Symbol]                       0x00000854   Section        0  os_systick.o(.text.OS_Tick_AcknowledgeIRQ)
    __arm_cp.3_0                             0x0000085c   Number         4  os_systick.o(.text.OS_Tick_AcknowledgeIRQ)
    [Anonymous Symbol]                       0x00000860   Section        0  os_systick.o(.text.OS_Tick_Enable)
    __arm_cp.1_0                             0x00000880   Number         4  os_systick.o(.text.OS_Tick_Enable)
    __arm_cp.1_1                             0x00000884   Number         4  os_systick.o(.text.OS_Tick_Enable)
    __arm_cp.1_2                             0x00000888   Number         4  os_systick.o(.text.OS_Tick_Enable)
    [Anonymous Symbol]                       0x0000088c   Section        0  os_systick.o(.text.OS_Tick_Setup)
    __arm_cp.0_0                             0x000008c8   Number         4  os_systick.o(.text.OS_Tick_Setup)
    __arm_cp.0_1                             0x000008cc   Number         4  os_systick.o(.text.OS_Tick_Setup)
    __arm_cp.0_2                             0x000008d0   Number         4  os_systick.o(.text.OS_Tick_Setup)
    __arm_cp.0_3                             0x000008d4   Number         4  os_systick.o(.text.OS_Tick_Setup)
    [Anonymous Symbol]                       0x000008d8   Section        0  rtx_thread.o(.text.ThreadFlagsCheck)
    ThreadFlagsCheck                         0x000008d9   Thumb Code    78  rtx_thread.o(.text.ThreadFlagsCheck)
    [Anonymous Symbol]                       0x00000928   Section        0  rtx_timer.o(.text.TimerInsert)
    TimerInsert                              0x00000929   Thumb Code    76  rtx_timer.o(.text.TimerInsert)
    __arm_cp.8_0                             0x00000970   Number         4  rtx_timer.o(.text.TimerInsert)
    [Anonymous Symbol]                       0x00000974   Section        0  rtx_delay.o(.text.osDelay)
    __arm_cp.0_0                             0x00000998   Number         4  rtx_delay.o(.text.osDelay)
    [Anonymous Symbol]                       0x0000099c   Section        0  rtx_kernel.o(.text.osKernelInitialize)
    __arm_cp.1_0                             0x000009c0   Number         4  rtx_kernel.o(.text.osKernelInitialize)
    [Anonymous Symbol]                       0x000009c4   Section        0  rtx_kernel.o(.text.osKernelStart)
    __arm_cp.6_0                             0x000009e4   Number         4  rtx_kernel.o(.text.osKernelStart)
    [Anonymous Symbol]                       0x000009e8   Section        0  rtx_msgqueue.o(.text.osMessageQueueGet)
    __arm_cp.3_0                             0x00000a58   Number         4  rtx_msgqueue.o(.text.osMessageQueueGet)
    [Anonymous Symbol]                       0x00000a5c   Section        0  rtx_msgqueue.o(.text.osMessageQueueNew)
    __arm_cp.0_0                             0x00000a7c   Number         4  rtx_msgqueue.o(.text.osMessageQueueNew)
    [Anonymous Symbol]                       0x00000a80   Section        0  rtx_msgqueue.o(.text.osMessageQueuePut)
    __arm_cp.2_0                             0x00000af4   Number         4  rtx_msgqueue.o(.text.osMessageQueuePut)
    [Anonymous Symbol]                       0x00000af8   Section        0  rtx_kernel.o(.text.osRtxKernelPreInit)
    [Anonymous Symbol]                       0x00000afa   Section        0  rtx_memory.o(.text.osRtxMemoryAlloc)
    [Anonymous Symbol]                       0x00000b76   Section        0  rtx_memory.o(.text.osRtxMemoryFree)
    [Anonymous Symbol]                       0x00000bc4   Section        0  rtx_memory.o(.text.osRtxMemoryInit)
    [Anonymous Symbol]                       0x00000bf6   Section        0  rtx_mempool.o(.text.osRtxMemoryPoolAlloc)
    [Anonymous Symbol]                       0x00000c24   Section        0  rtx_mempool.o(.text.osRtxMemoryPoolFree)
    [Anonymous Symbol]                       0x00000c5e   Section        0  rtx_mempool.o(.text.osRtxMemoryPoolInit)
    [Anonymous Symbol]                       0x00000c9c   Section        0  rtx_msgqueue.o(.text.osRtxMessageQueuePostProcess)
    osRtxMessageQueuePostProcess             0x00000c9d   Thumb Code   188  rtx_msgqueue.o(.text.osRtxMessageQueuePostProcess)
    [Anonymous Symbol]                       0x00000d58   Section        0  rtx_mutex.o(.text.osRtxMutexOwnerRelease)
    [Anonymous Symbol]                       0x00000d9c   Section        0  rtx_system.o(.text.osRtxPendSV_Handler)
    __arm_cp.1_0                             0x00000e18   Number         4  rtx_system.o(.text.osRtxPendSV_Handler)
    [Anonymous Symbol]                       0x00000e1c   Section        0  rtx_system.o(.text.osRtxPostProcess)
    __arm_cp.2_0                             0x00000e80   Number         4  rtx_system.o(.text.osRtxPostProcess)
    __arm_cp.2_1                             0x00000e84   Number         4  rtx_system.o(.text.osRtxPostProcess)
    [Anonymous Symbol]                       0x00000e88   Section        0  rtx_thread.o(.text.osRtxThreadBlock)
    osRtxThreadBlock                         0x00000e89   Thumb Code    56  rtx_thread.o(.text.osRtxThreadBlock)
    __arm_cp.10_0                            0x00000ebc   Number         4  rtx_thread.o(.text.osRtxThreadBlock)
    [Anonymous Symbol]                       0x00000ec0   Section        0  rtx_thread.o(.text.osRtxThreadDelayInsert)
    osRtxThreadDelayInsert                   0x00000ec1   Thumb Code   128  rtx_thread.o(.text.osRtxThreadDelayInsert)
    __arm_cp.14_0                            0x00000f3c   Number         4  rtx_thread.o(.text.osRtxThreadDelayInsert)
    [Anonymous Symbol]                       0x00000f40   Section        0  rtx_thread.o(.text.osRtxThreadDelayRemove)
    osRtxThreadDelayRemove                   0x00000f41   Thumb Code    68  rtx_thread.o(.text.osRtxThreadDelayRemove)
    __arm_cp.12_0                            0x00000f80   Number         4  rtx_thread.o(.text.osRtxThreadDelayRemove)
    [Anonymous Symbol]                       0x00000f84   Section        0  rtx_thread.o(.text.osRtxThreadDelayTick)
    __arm_cp.5_0                             0x00000fb8   Number         4  rtx_thread.o(.text.osRtxThreadDelayTick)
    [Anonymous Symbol]                       0x00000fbc   Section        0  rtx_thread.o(.text.osRtxThreadDispatch)
    __arm_cp.9_0                             0x00001008   Number         4  rtx_thread.o(.text.osRtxThreadDispatch)
    [Anonymous Symbol]                       0x0000100c   Section        0  rtx_thread.o(.text.osRtxThreadFree)
    osRtxThreadFree                          0x0000100d   Thumb Code    84  rtx_thread.o(.text.osRtxThreadFree)
    __arm_cp.52_0                            0x0000105c   Number         4  rtx_thread.o(.text.osRtxThreadFree)
    [Anonymous Symbol]                       0x00001060   Section        0  rtx_thread.o(.text.osRtxThreadListGet)
    [Anonymous Symbol]                       0x00001074   Section        0  rtx_thread.o(.text.osRtxThreadListPut)
    [Anonymous Symbol]                       0x000010a0   Section        0  rtx_thread.o(.text.osRtxThreadListRemove)
    [Anonymous Symbol]                       0x000010b8   Section        0  rtx_thread.o(.text.osRtxThreadPostProcess)
    osRtxThreadPostProcess                   0x000010b9   Thumb Code    38  rtx_thread.o(.text.osRtxThreadPostProcess)
    [Anonymous Symbol]                       0x000010e0   Section        0  rtx_thread.o(.text.osRtxThreadReadyPut)
    __arm_cp.4_0                             0x000010f4   Number         4  rtx_thread.o(.text.osRtxThreadReadyPut)
    [Anonymous Symbol]                       0x000010f8   Section        0  rtx_thread.o(.text.osRtxThreadRegPtr)
    [Anonymous Symbol]                       0x00001100   Section        0  rtx_thread.o(.text.osRtxThreadStackCheck)
    __arm_cp.8_0                             0x00001124   Number         4  rtx_thread.o(.text.osRtxThreadStackCheck)
    __arm_cp.8_1                             0x00001128   Number         4  rtx_thread.o(.text.osRtxThreadStackCheck)
    [Anonymous Symbol]                       0x0000112c   Section        0  rtx_thread.o(.text.osRtxThreadStartup)
    __arm_cp.15_0                            0x0000115c   Number         4  rtx_thread.o(.text.osRtxThreadStartup)
    __arm_cp.15_1                            0x00001160   Number         4  rtx_thread.o(.text.osRtxThreadStartup)
    __arm_cp.15_2                            0x00001164   Number         4  rtx_thread.o(.text.osRtxThreadStartup)
    __arm_cp.15_3                            0x00001168   Number         4  rtx_thread.o(.text.osRtxThreadStartup)
    [Anonymous Symbol]                       0x0000116c   Section        0  rtx_thread.o(.text.osRtxThreadSwitch)
    __arm_cp.7_0                             0x0000117c   Number         4  rtx_thread.o(.text.osRtxThreadSwitch)
    [Anonymous Symbol]                       0x00001180   Section        0  rtx_thread.o(.text.osRtxThreadWaitEnter)
    __arm_cp.13_0                            0x000011b8   Number         4  rtx_thread.o(.text.osRtxThreadWaitEnter)
    [Anonymous Symbol]                       0x000011bc   Section        0  rtx_thread.o(.text.osRtxThreadWaitExit)
    [Anonymous Symbol]                       0x000011e0   Section        0  rtx_system.o(.text.osRtxTick_Handler)
    __arm_cp.0_0                             0x00001250   Number         4  rtx_system.o(.text.osRtxTick_Handler)
    [Anonymous Symbol]                       0x00001254   Section        0  rtx_timer.o(.text.osRtxTimerThread)
    __arm_cp.0_0                             0x00001284   Number         4  rtx_timer.o(.text.osRtxTimerThread)
    __arm_cp.0_1                             0x00001288   Number         4  rtx_timer.o(.text.osRtxTimerThread)
    __arm_cp.0_2                             0x0000128c   Number         4  rtx_timer.o(.text.osRtxTimerThread)
    [Anonymous Symbol]                       0x00001290   Section        0  rtx_timer.o(.text.osRtxTimerTick)
    osRtxTimerTick                           0x00001291   Thumb Code    96  rtx_timer.o(.text.osRtxTimerTick)
    __arm_cp.1_0                             0x000012ec   Number         4  rtx_timer.o(.text.osRtxTimerTick)
    [Anonymous Symbol]                       0x000012f0   Section        0  rtx_thread.o(.text.osThreadExit)
    __arm_cp.31_0                            0x000012f8   Number         4  rtx_thread.o(.text.osThreadExit)
    [Anonymous Symbol]                       0x000012fc   Section        0  rtx_thread.o(.text.osThreadFlagsSet)
    __arm_cp.35_0                            0x00001350   Number         4  rtx_thread.o(.text.osThreadFlagsSet)
    [Anonymous Symbol]                       0x00001354   Section        0  rtx_thread.o(.text.osThreadFlagsWait)
    __arm_cp.38_0                            0x00001378   Number         4  rtx_thread.o(.text.osThreadFlagsWait)
    [Anonymous Symbol]                       0x0000137c   Section        0  rtx_thread.o(.text.osThreadNew)
    __arm_cp.17_0                            0x0000139c   Number         4  rtx_thread.o(.text.osThreadNew)
    [Anonymous Symbol]                       0x000013a0   Section        0  rtx_delay.o(.text.svcRtxDelay)
    svcRtxDelay                              0x000013a1   Thumb Code    18  rtx_delay.o(.text.svcRtxDelay)
    [Anonymous Symbol]                       0x000013b4   Section        0  rtx_kernel.o(.text.svcRtxKernelInitialize)
    svcRtxKernelInitialize                   0x000013b5   Thumb Code   328  rtx_kernel.o(.text.svcRtxKernelInitialize)
    __arm_cp.20_0                            0x000014f0   Number         4  rtx_kernel.o(.text.svcRtxKernelInitialize)
    __arm_cp.20_1                            0x000014f4   Number         4  rtx_kernel.o(.text.svcRtxKernelInitialize)
    __arm_cp.20_2                            0x000014f8   Number         4  rtx_kernel.o(.text.svcRtxKernelInitialize)
    [Anonymous Symbol]                       0x000014fc   Section        0  rtx_kernel.o(.text.svcRtxKernelStart)
    svcRtxKernelStart                        0x000014fd   Thumb Code   132  rtx_kernel.o(.text.svcRtxKernelStart)
    __arm_cp.21_0                            0x00001570   Number         4  rtx_kernel.o(.text.svcRtxKernelStart)
    __arm_cp.21_1                            0x00001574   Number         4  rtx_kernel.o(.text.svcRtxKernelStart)
    __arm_cp.21_2                            0x00001578   Number         4  rtx_kernel.o(.text.svcRtxKernelStart)
    __arm_cp.21_3                            0x0000157c   Number         4  rtx_kernel.o(.text.svcRtxKernelStart)
    [Anonymous Symbol]                       0x00001580   Section        0  rtx_msgqueue.o(.text.svcRtxMessageQueueGet)
    svcRtxMessageQueueGet                    0x00001581   Thumb Code   232  rtx_msgqueue.o(.text.svcRtxMessageQueueGet)
    __arm_cp.21_0                            0x00001664   Number         4  rtx_msgqueue.o(.text.svcRtxMessageQueueGet)
    [Anonymous Symbol]                       0x00001668   Section        0  rtx_msgqueue.o(.text.svcRtxMessageQueueNew)
    svcRtxMessageQueueNew                    0x00001669   Thumb Code   484  rtx_msgqueue.o(.text.svcRtxMessageQueueNew)
    __arm_cp.14_0                            0x00001834   Number         4  rtx_msgqueue.o(.text.svcRtxMessageQueueNew)
    __arm_cp.14_1                            0x00001838   Number         4  rtx_msgqueue.o(.text.svcRtxMessageQueueNew)
    __arm_cp.14_2                            0x0000183c   Number         4  rtx_msgqueue.o(.text.svcRtxMessageQueueNew)
    __arm_cp.14_3                            0x00001840   Number         4  rtx_msgqueue.o(.text.svcRtxMessageQueueNew)
    __arm_cp.14_4                            0x00001844   Number         4  rtx_msgqueue.o(.text.svcRtxMessageQueueNew)
    __arm_cp.14_5                            0x00001848   Number         4  rtx_msgqueue.o(.text.svcRtxMessageQueueNew)
    [Anonymous Symbol]                       0x0000184c   Section        0  rtx_msgqueue.o(.text.svcRtxMessageQueuePut)
    svcRtxMessageQueuePut                    0x0000184d   Thumb Code   188  rtx_msgqueue.o(.text.svcRtxMessageQueuePut)
    __arm_cp.19_0                            0x00001904   Number         4  rtx_msgqueue.o(.text.svcRtxMessageQueuePut)
    [Anonymous Symbol]                       0x00001908   Section        0  rtx_thread.o(.text.svcRtxThreadExit)
    svcRtxThreadExit                         0x00001909   Thumb Code   108  rtx_thread.o(.text.svcRtxThreadExit)
    __arm_cp.54_0                            0x00001970   Number         4  rtx_thread.o(.text.svcRtxThreadExit)
    [Anonymous Symbol]                       0x00001974   Section        0  rtx_thread.o(.text.svcRtxThreadFlagsSet)
    svcRtxThreadFlagsSet                     0x00001975   Thumb Code   108  rtx_thread.o(.text.svcRtxThreadFlagsSet)
    [Anonymous Symbol]                       0x000019e0   Section        0  rtx_thread.o(.text.svcRtxThreadFlagsWait)
    svcRtxThreadFlagsWait                    0x000019e1   Thumb Code    80  rtx_thread.o(.text.svcRtxThreadFlagsWait)
    __arm_cp.61_0                            0x00001a2c   Number         4  rtx_thread.o(.text.svcRtxThreadFlagsWait)
    [Anonymous Symbol]                       0x00001a30   Section        0  rtx_thread.o(.text.svcRtxThreadNew)
    svcRtxThreadNew                          0x00001a31   Thumb Code   492  rtx_thread.o(.text.svcRtxThreadNew)
    __arm_cp.16_0                            0x00001c04   Number         4  rtx_thread.o(.text.svcRtxThreadNew)
    __arm_cp.16_1                            0x00001c08   Number         4  rtx_thread.o(.text.svcRtxThreadNew)
    __arm_cp.16_2                            0x00001c0c   Number         4  rtx_thread.o(.text.svcRtxThreadNew)
    __arm_cp.16_3                            0x00001c10   Number         4  rtx_thread.o(.text.svcRtxThreadNew)
    __arm_cp.16_4                            0x00001c14   Number         4  rtx_thread.o(.text.svcRtxThreadNew)
    __arm_cp.16_5                            0x00001c18   Number         4  rtx_thread.o(.text.svcRtxThreadNew)
    i.ALL_LED_OFF                            0x00001c1c   Section        0  main.o(i.ALL_LED_OFF)
    i.GREEN_LED_CONNECT                      0x00001c28   Section        0  main.o(i.GREEN_LED_CONNECT)
    i.GREEN_LED_Moving                       0x00001c5c   Section        0  main.o(i.GREEN_LED_Moving)
    i.GREEN_LED_Stationary                   0x00001dcc   Section        0  main.o(i.GREEN_LED_Stationary)
    i.OFF_ALL_GREEN_LEDS                     0x00001e08   Section        0  main.o(i.OFF_ALL_GREEN_LEDS)
    i.ON_ALL_GREEN_LEDS                      0x00001e34   Section        0  main.o(i.ON_ALL_GREEN_LEDS)
    i.Q_Dequeue                              0x00001e60   Section        0  main.o(i.Q_Dequeue)
    i.Q_Empty                                0x00001e90   Section        0  main.o(i.Q_Empty)
    i.Q_Enqueue                              0x00001ea0   Section        0  main.o(i.Q_Enqueue)
    i.Q_Full                                 0x00001ece   Section        0  main.o(i.Q_Full)
    i.Q_Init                                 0x00001ede   Section        0  main.o(i.Q_Init)
    i.RED_LED_Moving                         0x00001ef8   Section        0  main.o(i.RED_LED_Moving)
    i.RED_LED_OFF_250                        0x00001f34   Section        0  main.o(i.RED_LED_OFF_250)
    i.RED_LED_OFF_500                        0x00001f48   Section        0  main.o(i.RED_LED_OFF_500)
    i.RED_LED_ON_250                         0x00001f60   Section        0  main.o(i.RED_LED_ON_250)
    i.RED_LED_ON_500                         0x00001f74   Section        0  main.o(i.RED_LED_ON_500)
    i.RED_LED_Stationary                     0x00001f8c   Section        0  main.o(i.RED_LED_Stationary)
    i.SystemCoreClockUpdate                  0x00001fc8   Section        0  system_mkl25z4.o(i.SystemCoreClockUpdate)
    i.SystemInit                             0x00002158   Section        0  system_mkl25z4.o(i.SystemInit)
    i.UART2_IRQHandler                       0x00002164   Section        0  main.o(i.UART2_IRQHandler)
    i.UART_decode                            0x000021a4   Section        0  main.o(i.UART_decode)
    i.__ARM_clz                              0x00002564   Section        0  depilogue.o(i.__ARM_clz)
    i.__ARM_common_switch8                   0x00002592   Section        0  rtx_config.o(i.__ARM_common_switch8)
    i.__NVIC_ClearPendingIRQ                 0x000025b0   Section        0  main.o(i.__NVIC_ClearPendingIRQ)
    __NVIC_ClearPendingIRQ                   0x000025b1   Thumb Code    18  main.o(i.__NVIC_ClearPendingIRQ)
    i.__NVIC_SetPriority                     0x000025c8   Section        0  main.o(i.__NVIC_SetPriority)
    __NVIC_SetPriority                       0x000025c9   Thumb Code   110  main.o(i.__NVIC_SetPriority)
    i.__scatterload_copy                     0x00002640   Section       14  handlers.o(i.__scatterload_copy)
    i.__scatterload_null                     0x0000264e   Section        2  handlers.o(i.__scatterload_null)
    i.__scatterload_zeroinit                 0x00002650   Section       14  handlers.o(i.__scatterload_zeroinit)
    i.calcModValue                           0x00002660   Section        0  main.o(i.calcModValue)
    i.curveBackwardLeft                      0x00002678   Section        0  main.o(i.curveBackwardLeft)
    i.curveBackwardRight                     0x000026a8   Section        0  main.o(i.curveBackwardRight)
    i.curveForwardLeft                       0x000026d8   Section        0  main.o(i.curveForwardLeft)
    i.curveForwardRight                      0x00002708   Section        0  main.o(i.curveForwardRight)
    i.delay                                  0x00002738   Section        0  main.o(i.delay)
    delay                                    0x00002739   Thumb Code    20  main.o(i.delay)
    i.end_challenge                          0x0000274c   Section        0  main.o(i.end_challenge)
    i.forwardFL                              0x000027b4   Section        0  main.o(i.forwardFL)
    i.forwardFR                              0x00002838   Section        0  main.o(i.forwardFR)
    i.forwardRL                              0x000028c0   Section        0  main.o(i.forwardRL)
    i.forwardRR                              0x00002948   Section        0  main.o(i.forwardRR)
    i.generateEighthNote                     0x000029d0   Section        0  main.o(i.generateEighthNote)
    i.generateEndFullNote                    0x000029ec   Section        0  main.o(i.generateEndFullNote)
    i.generateEndHalfNote                    0x00002a0c   Section        0  main.o(i.generateEndHalfNote)
    i.generateEndTripleNote                  0x00002a2c   Section        0  main.o(i.generateEndTripleNote)
    i.generateFullNote                       0x00002a4c   Section        0  main.o(i.generateFullNote)
    i.generateHalfNote                       0x00002a6a   Section        0  main.o(i.generateHalfNote)
    i.generateQuarterNote                    0x00002a88   Section        0  main.o(i.generateQuarterNote)
    i.generateRest                           0x00002aa4   Section        0  main.o(i.generateRest)
    i.generateSignal                         0x00002ab0   Section        0  main.o(i.generateSignal)
    i.generateTwoFullNote                    0x00002ae0   Section        0  main.o(i.generateTwoFullNote)
    i.generate_melody                        0x00002b00   Section        0  main.o(i.generate_melody)
    i.initGPIO                               0x00002c84   Section        0  main.o(i.initGPIO)
    i.initPWM                                0x00002eb0   Section        0  main.o(i.initPWM)
    i.initUART2                              0x00002fd4   Section        0  main.o(i.initUART2)
    i.main                                   0x00003098   Section        0  main.o(i.main)
    i.motor                                  0x000031ec   Section        0  main.o(i.motor)
    i.moveBackward                           0x0000327c   Section        0  main.o(i.moveBackward)
    i.moveForward                            0x000032a8   Section        0  main.o(i.moveForward)
    i.osRtxErrorNotify                       0x000032d4   Section        0  rtx_config.o(i.osRtxErrorNotify)
    i.osRtxIdleThread                        0x000032f4   Section        0  rtx_config.o(i.osRtxIdleThread)
    i.reverseFL                              0x000032f8   Section        0  main.o(i.reverseFL)
    i.reverseFR                              0x0000337c   Section        0  main.o(i.reverseFR)
    i.reverseRL                              0x00003404   Section        0  main.o(i.reverseRL)
    i.reverseRR                              0x0000348c   Section        0  main.o(i.reverseRR)
    i.startPWM                               0x00003514   Section        0  main.o(i.startPWM)
    i.stopFL                                 0x0000354c   Section        0  main.o(i.stopFL)
    i.stopFR                                 0x000035ac   Section        0  main.o(i.stopFR)
    i.stopMovement                           0x0000360c   Section        0  main.o(i.stopMovement)
    i.stopRL                                 0x00003620   Section        0  main.o(i.stopRL)
    i.stopRR                                 0x00003680   Section        0  main.o(i.stopRR)
    i.turnLeft                               0x000036e0   Section        0  main.o(i.turnLeft)
    i.turnRight                              0x0000370c   Section        0  main.o(i.turnRight)
    .constdata                               0x00003738   Section       72  main.o(.constdata)
    .constdata                               0x00003780   Section      100  rtx_lib.o(.constdata)
    os_idle_thread_attr                      0x00003780   Data          36  rtx_lib.o(.constdata)
    os_timer_thread_attr                     0x000037a4   Data          36  rtx_lib.o(.constdata)
    os_timer_mq_attr                         0x000037c8   Data          24  rtx_lib.o(.constdata)
    .rodata                                  0x000037e4   Section      160  rtx_lib.o(.rodata)
    __tagsym$$used                           0x000037e4   Number         0  rtx_lib.o(.rodata)
    __tagsym$$used                           0x0000384c   Number         0  rtx_lib.o(.rodata)
    [Anonymous Symbol]                       0x00003884   Section        0  rtx_kernel.o(.rodata.str1.4)
    .L.str                                   0x00003884   Data          11  rtx_kernel.o(.rodata.str1.4)
    .bss.os                                  0x1ffff000   Section     4160  rtx_lib.o(.bss.os)
    os_mem                                   0x1ffff000   Data        4096  rtx_lib.o(.bss.os)
    os_isr_queue                             0x20000000   Data          64  rtx_lib.o(.bss.os)
    .bss.os.msgqueue.cb                      0x20000040   Section       52  rtx_lib.o(.bss.os.msgqueue.cb)
    os_timer_mq_cb                           0x20000040   Data          52  rtx_lib.o(.bss.os.msgqueue.cb)
    .bss.os.msgqueue.mem                     0x20000074   Section       80  rtx_lib.o(.bss.os.msgqueue.mem)
    os_timer_mq_data                         0x20000074   Data          80  rtx_lib.o(.bss.os.msgqueue.mem)
    .bss.os.thread.cb                        0x200000c4   Section      136  rtx_lib.o(.bss.os.thread.cb)
    os_idle_thread_cb                        0x200000c4   Data          68  rtx_lib.o(.bss.os.thread.cb)
    os_timer_thread_cb                       0x20000108   Data          68  rtx_lib.o(.bss.os.thread.cb)
    .bss.os.thread.stack                     0x20000150   Section      512  rtx_lib.o(.bss.os.thread.stack)
    os_idle_thread_stack                     0x20000150   Data         256  rtx_lib.o(.bss.os.thread.stack)
    os_timer_thread_stack                    0x20000250   Data         256  rtx_lib.o(.bss.os.thread.stack)
    .data                                    0x20000350   Section       56  main.o(.data)
    .data                                    0x20000388   Section        4  system_mkl25z4.o(.data)
    .bss                                     0x20000430   Section       44  main.o(.bss)
    [Anonymous Symbol]                       0x2000045c   Section        0  os_systick.o(.bss.PendST)
    PendST                                   0x2000045c   Data           1  os_systick.o(.bss.PendST)
    STACK                                    0x20000460   Section      256  startup_mkl25z4.o(STACK)

    Global Symbols

    Symbol Name                              Value     Ov Type        Size  Object(Section)

    BuildAttributes$$THM_ISAv3M$S$PE$A:L22$X:L11$S22$IEEE1$IW$~IW$USESV6$~STKCKD$USESV7$~SHL$OTIME$ROPI$EBA8$MICROLIB$REQ8$PRES8$EABIv2 0x00000000   Number         0  anon$$obj.o ABSOLUTE
    __ARM_use_no_argv                        0x00000000   Number         0  main.o ABSOLUTE
    __Vectors                                0x00000000   Data           4  startup_mkl25z4.o(RESET)
    .bss.os.evflags.cb$$Base                  - Undefined Weak Reference
    .bss.os.evflags.cb$$Limit                 - Undefined Weak Reference
    .bss.os.mempool.cb$$Base                  - Undefined Weak Reference
    .bss.os.mempool.cb$$Limit                 - Undefined Weak Reference
    .bss.os.mutex.cb$$Base                    - Undefined Weak Reference
    .bss.os.mutex.cb$$Limit                   - Undefined Weak Reference
    .bss.os.semaphore.cb$$Base                - Undefined Weak Reference
    .bss.os.semaphore.cb$$Limit               - Undefined Weak Reference
    .bss.os.timer.cb$$Base                    - Undefined Weak Reference
    .bss.os.timer.cb$$Limit                   - Undefined Weak Reference
    __cpp_initialize__aeabi_                  - Undefined Weak Reference
    __cxa_finalize                            - Undefined Weak Reference
    _clock_init                               - Undefined Weak Reference
    _microlib_exit                            - Undefined Weak Reference
    __Vectors_End                            0x000000c0   Data           0  startup_mkl25z4.o(RESET)
    __Vectors_Size                           0x000000c0   Number         0  startup_mkl25z4.o ABSOLUTE
    __main                                   0x000000c1   Thumb Code     0  entry.o(.ARM.Collect$$$$00000000)
    _main_stk                                0x000000c1   Thumb Code     0  entry2.o(.ARM.Collect$$$$00000001)
    _main_scatterload                        0x000000c5   Thumb Code     0  entry5.o(.ARM.Collect$$$$00000004)
    __main_after_scatterload                 0x000000c9   Thumb Code     0  entry5.o(.ARM.Collect$$$$00000004)
    _main_clock                              0x000000c9   Thumb Code     0  entry7b.o(.ARM.Collect$$$$00000008)
    _main_cpp_init                           0x000000c9   Thumb Code     0  entry8b.o(.ARM.Collect$$$$0000000A)
    _main_init                               0x000000c9   Thumb Code     0  entry9a.o(.ARM.Collect$$$$0000000B)
    __rt_final_cpp                           0x000000d1   Thumb Code     0  entry10a.o(.ARM.Collect$$$$0000000D)
    __rt_final_exit                          0x000000d1   Thumb Code     0  entry11a.o(.ARM.Collect$$$$0000000F)
    Reset_Handler                            0x000000d5   Thumb Code    12  startup_mkl25z4.o(.text)
    NMI_Handler                              0x000000e1   Thumb Code     2  startup_mkl25z4.o(.text)
    HardFault_Handler                        0x000000e3   Thumb Code     2  startup_mkl25z4.o(.text)
    ADC0_IRQHandler                          0x000000eb   Thumb Code     0  startup_mkl25z4.o(.text)
    CMP0_IRQHandler                          0x000000eb   Thumb Code     0  startup_mkl25z4.o(.text)
    DAC0_IRQHandler                          0x000000eb   Thumb Code     0  startup_mkl25z4.o(.text)
    DMA0_IRQHandler                          0x000000eb   Thumb Code     0  startup_mkl25z4.o(.text)
    DMA1_IRQHandler                          0x000000eb   Thumb Code     0  startup_mkl25z4.o(.text)
    DMA2_IRQHandler                          0x000000eb   Thumb Code     0  startup_mkl25z4.o(.text)
    DMA3_IRQHandler                          0x000000eb   Thumb Code     0  startup_mkl25z4.o(.text)
    DefaultISR                               0x000000eb   Thumb Code     0  startup_mkl25z4.o(.text)
    FTFA_IRQHandler                          0x000000eb   Thumb Code     0  startup_mkl25z4.o(.text)
    I2C0_IRQHandler                          0x000000eb   Thumb Code     0  startup_mkl25z4.o(.text)
    I2C1_IRQHandler                          0x000000eb   Thumb Code     0  startup_mkl25z4.o(.text)
    LLWU_IRQHandler                          0x000000eb   Thumb Code     0  startup_mkl25z4.o(.text)
    LPTMR0_IRQHandler                        0x000000eb   Thumb Code     0  startup_mkl25z4.o(.text)
    LVD_LVW_IRQHandler                       0x000000eb   Thumb Code     0  startup_mkl25z4.o(.text)
    MCG_IRQHandler                           0x000000eb   Thumb Code     0  startup_mkl25z4.o(.text)
    PIT_IRQHandler                           0x000000eb   Thumb Code     0  startup_mkl25z4.o(.text)
    PORTA_IRQHandler                         0x000000eb   Thumb Code     0  startup_mkl25z4.o(.text)
    PORTD_IRQHandler                         0x000000eb   Thumb Code     0  startup_mkl25z4.o(.text)
    RTC_IRQHandler                           0x000000eb   Thumb Code     0  startup_mkl25z4.o(.text)
    RTC_Seconds_IRQHandler                   0x000000eb   Thumb Code     0  startup_mkl25z4.o(.text)
    Reserved20_IRQHandler                    0x000000eb   Thumb Code     0  startup_mkl25z4.o(.text)
    Reserved39_IRQHandler                    0x000000eb   Thumb Code     0  startup_mkl25z4.o(.text)
    Reserved45_IRQHandler                    0x000000eb   Thumb Code     0  startup_mkl25z4.o(.text)
    SPI0_IRQHandler                          0x000000eb   Thumb Code     0  startup_mkl25z4.o(.text)
    SPI1_IRQHandler                          0x000000eb   Thumb Code     0  startup_mkl25z4.o(.text)
    TPM0_IRQHandler                          0x000000eb   Thumb Code     0  startup_mkl25z4.o(.text)
    TPM1_IRQHandler                          0x000000eb   Thumb Code     0  startup_mkl25z4.o(.text)
    TPM2_IRQHandler                          0x000000eb   Thumb Code     0  startup_mkl25z4.o(.text)
    TSI0_IRQHandler                          0x000000eb   Thumb Code     0  startup_mkl25z4.o(.text)
    UART0_IRQHandler                         0x000000eb   Thumb Code     0  startup_mkl25z4.o(.text)
    UART1_IRQHandler                         0x000000eb   Thumb Code     0  startup_mkl25z4.o(.text)
    USB0_IRQHandler                          0x000000eb   Thumb Code     0  startup_mkl25z4.o(.text)
    SVC_Handler                              0x000000fd   Thumb Code   132  irq_cm0.o(.text)
    PendSV_Handler                           0x00000181   Thumb Code    12  irq_cm0.o(.text)
    SysTick_Handler                          0x0000018d   Thumb Code    12  irq_cm0.o(.text)
    __aeabi_uidiv                            0x000001a1   Thumb Code     0  uidiv.o(.text)
    __aeabi_uidivmod                         0x000001a1   Thumb Code    44  uidiv.o(.text)
    __aeabi_idiv                             0x000001cd   Thumb Code     0  idiv.o(.text)
    __aeabi_idivmod                          0x000001cd   Thumb Code    40  idiv.o(.text)
    __aeabi_memcpy                           0x000001f5   Thumb Code    36  memcpya.o(.text)
    __aeabi_memcpy4                          0x000001f5   Thumb Code     0  memcpya.o(.text)
    __aeabi_memcpy8                          0x000001f5   Thumb Code     0  memcpya.o(.text)
    __aeabi_memset                           0x00000219   Thumb Code    14  memseta.o(.text)
    __aeabi_memset4                          0x00000219   Thumb Code     0  memseta.o(.text)
    __aeabi_memset8                          0x00000219   Thumb Code     0  memseta.o(.text)
    __aeabi_memclr                           0x00000227   Thumb Code     4  memseta.o(.text)
    __aeabi_memclr4                          0x00000227   Thumb Code     0  memseta.o(.text)
    __aeabi_memclr8                          0x00000227   Thumb Code     0  memseta.o(.text)
    _memset$wrapper                          0x0000022b   Thumb Code    18  memseta.o(.text)
    __aeabi_fadd                             0x0000023d   Thumb Code   162  fadd.o(.text)
    __aeabi_fsub                             0x000002df   Thumb Code     8  fadd.o(.text)
    __aeabi_frsub                            0x000002e7   Thumb Code     8  fadd.o(.text)
    __aeabi_fmul                             0x000002ef   Thumb Code   122  fmul.o(.text)
    __aeabi_fdiv                             0x00000369   Thumb Code   124  fdiv.o(.text)
    __aeabi_i2f                              0x000003e5   Thumb Code    22  fflti.o(.text)
    OS_Tick_GetIRQn                          0x000003fb   Thumb Code     6  os_systick.o(.text.OS_Tick_GetIRQn)
    __I$use$fp                               0x000003fb   Thumb Code     0  iusefp.o(.text)
    __aeabi_dmul                             0x00000411   Thumb Code   202  dmul.o(.text)
    __aeabi_ui2f                             0x000004e1   Thumb Code    14  ffltui.o(.text)
    __aeabi_ui2d                             0x000004f1   Thumb Code    24  dfltui.o(.text)
    __aeabi_f2iz                             0x0000050d   Thumb Code    50  ffixi.o(.text)
    __aeabi_f2uiz                            0x0000053f   Thumb Code    40  ffixui.o(.text)
    __aeabi_d2uiz                            0x00000569   Thumb Code    50  dfixui.o(.text)
    __aeabi_llsr                             0x000005a5   Thumb Code    34  llushr.o(.text)
    _ll_ushift_r                             0x000005a5   Thumb Code     0  llushr.o(.text)
    _float_round                             0x000005c7   Thumb Code    16  fepilogue.o(.text)
    _float_epilogue                          0x000005d7   Thumb Code   114  fepilogue.o(.text)
    _double_round                            0x00000649   Thumb Code    26  depilogue.o(.text)
    _double_epilogue                         0x00000663   Thumb Code   164  depilogue.o(.text)
    __scatterload                            0x00000709   Thumb Code    28  init.o(.text)
    __scatterload_rt2                        0x00000709   Thumb Code     0  init.o(.text)
    __aeabi_llsl                             0x0000072d   Thumb Code    32  llshl.o(.text)
    _ll_shift_l                              0x0000072d   Thumb Code     0  llshl.o(.text)
    __decompress                             0x0000074d   Thumb Code     0  __dczerorl.o(.text)
    __decompress0                            0x0000074d   Thumb Code    58  __dczerorl.o(.text)
    OS_Tick_AcknowledgeIRQ                   0x00000855   Thumb Code    12  os_systick.o(.text.OS_Tick_AcknowledgeIRQ)
    OS_Tick_Enable                           0x00000861   Thumb Code    44  os_systick.o(.text.OS_Tick_Enable)
    OS_Tick_Setup                            0x0000088d   Thumb Code    76  os_systick.o(.text.OS_Tick_Setup)
    osDelay                                  0x00000975   Thumb Code    40  rtx_delay.o(.text.osDelay)
    osKernelInitialize                       0x0000099d   Thumb Code    40  rtx_kernel.o(.text.osKernelInitialize)
    osKernelStart                            0x000009c5   Thumb Code    36  rtx_kernel.o(.text.osKernelStart)
    osMessageQueueGet                        0x000009e9   Thumb Code   116  rtx_msgqueue.o(.text.osMessageQueueGet)
    osMessageQueueNew                        0x00000a5d   Thumb Code    36  rtx_msgqueue.o(.text.osMessageQueueNew)
    osMessageQueuePut                        0x00000a81   Thumb Code   120  rtx_msgqueue.o(.text.osMessageQueuePut)
    osRtxKernelPreInit                       0x00000af9   Thumb Code     2  rtx_kernel.o(.text.osRtxKernelPreInit)
    osRtxMemoryAlloc                         0x00000afb   Thumb Code   124  rtx_memory.o(.text.osRtxMemoryAlloc)
    osRtxMemoryFree                          0x00000b77   Thumb Code    78  rtx_memory.o(.text.osRtxMemoryFree)
    osRtxMemoryInit                          0x00000bc5   Thumb Code    50  rtx_memory.o(.text.osRtxMemoryInit)
    osRtxMemoryPoolAlloc                     0x00000bf7   Thumb Code    46  rtx_mempool.o(.text.osRtxMemoryPoolAlloc)
    osRtxMemoryPoolFree                      0x00000c25   Thumb Code    58  rtx_mempool.o(.text.osRtxMemoryPoolFree)
    osRtxMemoryPoolInit                      0x00000c5f   Thumb Code    62  rtx_mempool.o(.text.osRtxMemoryPoolInit)
    osRtxMutexOwnerRelease                   0x00000d59   Thumb Code    68  rtx_mutex.o(.text.osRtxMutexOwnerRelease)
    osRtxPendSV_Handler                      0x00000d9d   Thumb Code   128  rtx_system.o(.text.osRtxPendSV_Handler)
    osRtxPostProcess                         0x00000e1d   Thumb Code   108  rtx_system.o(.text.osRtxPostProcess)
    osRtxThreadDelayTick                     0x00000f85   Thumb Code    56  rtx_thread.o(.text.osRtxThreadDelayTick)
    osRtxThreadDispatch                      0x00000fbd   Thumb Code    80  rtx_thread.o(.text.osRtxThreadDispatch)
    osRtxThreadListGet                       0x00001061   Thumb Code    20  rtx_thread.o(.text.osRtxThreadListGet)
    osRtxThreadListPut                       0x00001075   Thumb Code    44  rtx_thread.o(.text.osRtxThreadListPut)
    osRtxThreadListRemove                    0x000010a1   Thumb Code    24  rtx_thread.o(.text.osRtxThreadListRemove)
    osRtxThreadReadyPut                      0x000010e1   Thumb Code    24  rtx_thread.o(.text.osRtxThreadReadyPut)
    osRtxThreadRegPtr                        0x000010f9   Thumb Code     6  rtx_thread.o(.text.osRtxThreadRegPtr)
    osRtxThreadStackCheck                    0x00001101   Thumb Code    44  rtx_thread.o(.text.osRtxThreadStackCheck)
    osRtxThreadStartup                       0x0000112d   Thumb Code    64  rtx_thread.o(.text.osRtxThreadStartup)
    osRtxThreadSwitch                        0x0000116d   Thumb Code    20  rtx_thread.o(.text.osRtxThreadSwitch)
    osRtxThreadWaitEnter                     0x00001181   Thumb Code    60  rtx_thread.o(.text.osRtxThreadWaitEnter)
    osRtxThreadWaitExit                      0x000011bd   Thumb Code    34  rtx_thread.o(.text.osRtxThreadWaitExit)
    osRtxTick_Handler                        0x000011e1   Thumb Code   116  rtx_system.o(.text.osRtxTick_Handler)
    osRtxTimerThread                         0x00001255   Thumb Code    60  rtx_timer.o(.text.osRtxTimerThread)
    osThreadExit                             0x000012f1   Thumb Code    12  rtx_thread.o(.text.osThreadExit)
    osThreadFlagsSet                         0x000012fd   Thumb Code    88  rtx_thread.o(.text.osThreadFlagsSet)
    osThreadFlagsWait                        0x00001355   Thumb Code    40  rtx_thread.o(.text.osThreadFlagsWait)
    osThreadNew                              0x0000137d   Thumb Code    36  rtx_thread.o(.text.osThreadNew)
    ALL_LED_OFF                              0x00001c1d   Thumb Code     8  main.o(i.ALL_LED_OFF)
    GREEN_LED_CONNECT                        0x00001c29   Thumb Code    50  main.o(i.GREEN_LED_CONNECT)
    GREEN_LED_Moving                         0x00001c5d   Thumb Code   356  main.o(i.GREEN_LED_Moving)
    GREEN_LED_Stationary                     0x00001dcd   Thumb Code    56  main.o(i.GREEN_LED_Stationary)
    OFF_ALL_GREEN_LEDS                       0x00001e09   Thumb Code    40  main.o(i.OFF_ALL_GREEN_LEDS)
    ON_ALL_GREEN_LEDS                        0x00001e35   Thumb Code    40  main.o(i.ON_ALL_GREEN_LEDS)
    Q_Dequeue                                0x00001e61   Thumb Code    48  main.o(i.Q_Dequeue)
    Q_Empty                                  0x00001e91   Thumb Code    16  main.o(i.Q_Empty)
    Q_Enqueue                                0x00001ea1   Thumb Code    46  main.o(i.Q_Enqueue)
    Q_Full                                   0x00001ecf   Thumb Code    16  main.o(i.Q_Full)
    Q_Init                                   0x00001edf   Thumb Code    24  main.o(i.Q_Init)
    RED_LED_Moving                           0x00001ef9   Thumb Code    56  main.o(i.RED_LED_Moving)
    RED_LED_OFF_250                          0x00001f35   Thumb Code    16  main.o(i.RED_LED_OFF_250)
    RED_LED_OFF_500                          0x00001f49   Thumb Code    18  main.o(i.RED_LED_OFF_500)
    RED_LED_ON_250                           0x00001f61   Thumb Code    16  main.o(i.RED_LED_ON_250)
    RED_LED_ON_500                           0x00001f75   Thumb Code    18  main.o(i.RED_LED_ON_500)
    RED_LED_Stationary                       0x00001f8d   Thumb Code    56  main.o(i.RED_LED_Stationary)
    SystemCoreClockUpdate                    0x00001fc9   Thumb Code   372  system_mkl25z4.o(i.SystemCoreClockUpdate)
    SystemInit                               0x00002159   Thumb Code     8  system_mkl25z4.o(i.SystemInit)
    UART2_IRQHandler                         0x00002165   Thumb Code    52  main.o(i.UART2_IRQHandler)
    UART_decode                              0x000021a5   Thumb Code   920  main.o(i.UART_decode)
    __ARM_clz                                0x00002565   Thumb Code    46  depilogue.o(i.__ARM_clz)
    __ARM_common_switch8                     0x00002593   Thumb Code    28  rtx_config.o(i.__ARM_common_switch8)
    __scatterload_copy                       0x00002641   Thumb Code    14  handlers.o(i.__scatterload_copy)
    __scatterload_null                       0x0000264f   Thumb Code     2  handlers.o(i.__scatterload_null)
    __scatterload_zeroinit                   0x00002651   Thumb Code    14  handlers.o(i.__scatterload_zeroinit)
    calcModValue                             0x00002661   Thumb Code    20  main.o(i.calcModValue)
    curveBackwardLeft                        0x00002679   Thumb Code    34  main.o(i.curveBackwardLeft)
    curveBackwardRight                       0x000026a9   Thumb Code    34  main.o(i.curveBackwardRight)
    curveForwardLeft                         0x000026d9   Thumb Code    34  main.o(i.curveForwardLeft)
    curveForwardRight                        0x00002709   Thumb Code    34  main.o(i.curveForwardRight)
    end_challenge                            0x0000274d   Thumb Code    92  main.o(i.end_challenge)
    forwardFL                                0x000027b5   Thumb Code   116  main.o(i.forwardFL)
    forwardFR                                0x00002839   Thumb Code   118  main.o(i.forwardFR)
    forwardRL                                0x000028c1   Thumb Code   118  main.o(i.forwardRL)
    forwardRR                                0x00002949   Thumb Code   118  main.o(i.forwardRR)
    generateEighthNote                       0x000029d1   Thumb Code    28  main.o(i.generateEighthNote)
    generateEndFullNote                      0x000029ed   Thumb Code    32  main.o(i.generateEndFullNote)
    generateEndHalfNote                      0x00002a0d   Thumb Code    32  main.o(i.generateEndHalfNote)
    generateEndTripleNote                    0x00002a2d   Thumb Code    32  main.o(i.generateEndTripleNote)
    generateFullNote                         0x00002a4d   Thumb Code    30  main.o(i.generateFullNote)
    generateHalfNote                         0x00002a6b   Thumb Code    30  main.o(i.generateHalfNote)
    generateQuarterNote                      0x00002a89   Thumb Code    28  main.o(i.generateQuarterNote)
    generateRest                             0x00002aa5   Thumb Code     8  main.o(i.generateRest)
    generateSignal                           0x00002ab1   Thumb Code    40  main.o(i.generateSignal)
    generateTwoFullNote                      0x00002ae1   Thumb Code    28  main.o(i.generateTwoFullNote)
    generate_melody                          0x00002b01   Thumb Code   346  main.o(i.generate_melody)
    initGPIO                                 0x00002c85   Thumb Code   536  main.o(i.initGPIO)
    initPWM                                  0x00002eb1   Thumb Code   280  main.o(i.initPWM)
    initUART2                                0x00002fd5   Thumb Code   176  main.o(i.initUART2)
    main                                     0x00003099   Thumb Code   248  main.o(i.main)
    motor                                    0x000031ed   Thumb Code   140  main.o(i.motor)
    moveBackward                             0x0000327d   Thumb Code    34  main.o(i.moveBackward)
    moveForward                              0x000032a9   Thumb Code    34  main.o(i.moveForward)
    osRtxErrorNotify                         0x000032d5   Thumb Code    32  rtx_config.o(i.osRtxErrorNotify)
    osRtxIdleThread                          0x000032f5   Thumb Code     4  rtx_config.o(i.osRtxIdleThread)
    reverseFL                                0x000032f9   Thumb Code   116  main.o(i.reverseFL)
    reverseFR                                0x0000337d   Thumb Code   120  main.o(i.reverseFR)
    reverseRL                                0x00003405   Thumb Code   118  main.o(i.reverseRL)
    reverseRR                                0x0000348d   Thumb Code   118  main.o(i.reverseRR)
    startPWM                                 0x00003515   Thumb Code    46  main.o(i.startPWM)
    stopFL                                   0x0000354d   Thumb Code    80  main.o(i.stopFL)
    stopFR                                   0x000035ad   Thumb Code    80  main.o(i.stopFR)
    stopMovement                             0x0000360d   Thumb Code    20  main.o(i.stopMovement)
    stopRL                                   0x00003621   Thumb Code    80  main.o(i.stopRL)
    stopRR                                   0x00003681   Thumb Code    80  main.o(i.stopRR)
    turnLeft                                 0x000036e1   Thumb Code    34  main.o(i.turnLeft)
    turnRight                                0x0000370d   Thumb Code    34  main.o(i.turnRight)
    osRtxUserSVC                             0x000037e0   Data           4  rtx_lib.o(.constdata)
    osRtxConfig                              0x000037e4   Data         104  rtx_lib.o(.rodata)
    os_cb_sections                           0x0000384c   Data          56  rtx_lib.o(.rodata)
    Region$$Table$$Base                      0x00003890   Number         0  anon$$obj.o(Region$$Table)
    Region$$Table$$Limit                     0x000038b0   Number         0  anon$$obj.o(Region$$Table)
    .bss.os.msgqueue.cb$$Base                0x20000040   Number         0  rtx_lib.o(.bss.os.msgqueue.cb)
    .bss.os.msgqueue.cb$$Limit               0x20000074   Number         0  rtx_lib.o(.bss.os.msgqueue.cb)
    .bss.os.thread.cb$$Base                  0x200000c4   Number         0  rtx_lib.o(.bss.os.thread.cb)
    .bss.os.thread.cb$$Limit                 0x2000014c   Number         0  rtx_lib.o(.bss.os.thread.cb)
    green_led_moving                         0x20000350   Data           4  main.o(.data)
    green_led_connect_id                     0x20000354   Data           4  main.o(.data)
    green_led_moving_id                      0x20000358   Data           4  main.o(.data)
    green_led_stationary_id                  0x2000035c   Data           4  main.o(.data)
    red_led_moving_id                        0x20000360   Data           4  main.o(.data)
    red_led_stationary_id                    0x20000364   Data           4  main.o(.data)
    generate_melody_id                       0x20000368   Data           4  main.o(.data)
    end_challenge_id                         0x2000036c   Data           4  main.o(.data)
    UART_id                                  0x20000370   Data           4  main.o(.data)
    redMovingMsg                             0x20000374   Data           4  main.o(.data)
    redStationaryMsg                         0x20000378   Data           4  main.o(.data)
    greenMovingMsg                           0x2000037c   Data           4  main.o(.data)
    greenStationaryMsg                       0x20000380   Data           4  main.o(.data)
    moveMsg                                  0x20000384   Data           4  main.o(.data)
    SystemCoreClock                          0x20000388   Data           4  system_mkl25z4.o(.data)
    osRtxInfo                                0x2000038c   Data         164  rtx_kernel.o(.data.os)
    rx_q                                     0x20000430   Data          44  main.o(.bss)
    __initial_sp                             0x20000560   Data           0  startup_mkl25z4.o(STACK)



==============================================================================

Memory Map of the image

  Image Entry point : 0x000000d5

  Load Region LR_1 (Base: 0x00000000, Size: 0x00004ce0, Max: 0xffffffff, ABSOLUTE, COMPRESSED[0x000038e4])

    Execution Region ER_RO (Exec base: 0x00000000, Load base: 0x00000000, Size: 0x000038b0, Max: 0xffffffff, ABSOLUTE)

    Exec Addr    Load Addr    Size         Type   Attr      Idx    E Section Name        Object

    0x00000000   0x00000000   0x000000c0   Data   RO          498    RESET               startup_mkl25z4.o
    0x000000c0   0x000000c0   0x00000000   Code   RO         1005  * .ARM.Collect$$$$00000000  mc_p.l(entry.o)
    0x000000c0   0x000000c0   0x00000004   Code   RO         1038    .ARM.Collect$$$$00000001  mc_p.l(entry2.o)
    0x000000c4   0x000000c4   0x00000004   Code   RO         1041    .ARM.Collect$$$$00000004  mc_p.l(entry5.o)
    0x000000c8   0x000000c8   0x00000000   Code   RO         1043    .ARM.Collect$$$$00000008  mc_p.l(entry7b.o)
    0x000000c8   0x000000c8   0x00000000   Code   RO         1045    .ARM.Collect$$$$0000000A  mc_p.l(entry8b.o)
    0x000000c8   0x000000c8   0x00000008   Code   RO         1046    .ARM.Collect$$$$0000000B  mc_p.l(entry9a.o)
    0x000000d0   0x000000d0   0x00000000   Code   RO         1048    .ARM.Collect$$$$0000000D  mc_p.l(entry10a.o)
    0x000000d0   0x000000d0   0x00000000   Code   RO         1050    .ARM.Collect$$$$0000000F  mc_p.l(entry11a.o)
    0x000000d0   0x000000d0   0x00000004   Code   RO         1039    .ARM.Collect$$$$00002712  mc_p.l(entry2.o)
    0x000000d4   0x000000d4   0x00000028   Code   RO          500  * .text               startup_mkl25z4.o
    0x000000fc   0x000000fc   0x000000a4   Code   RO          814    .text               RTX_CM0.lib(irq_cm0.o)
    0x000001a0   0x000001a0   0x0000002c   Code   RO         1008    .text               mc_p.l(uidiv.o)
    0x000001cc   0x000001cc   0x00000028   Code   RO         1010    .text               mc_p.l(idiv.o)
    0x000001f4   0x000001f4   0x00000024   Code   RO         1012    .text               mc_p.l(memcpya.o)
    0x00000218   0x00000218   0x00000024   Code   RO         1014    .text               mc_p.l(memseta.o)
    0x0000023c   0x0000023c   0x000000b2   Code   RO         1018    .text               mf_p.l(fadd.o)
    0x000002ee   0x000002ee   0x0000007a   Code   RO         1020    .text               mf_p.l(fmul.o)
    0x00000368   0x00000368   0x0000007c   Code   RO         1022    .text               mf_p.l(fdiv.o)
    0x000003e4   0x000003e4   0x00000016   Code   RO         1026    .text               mf_p.l(fflti.o)
    0x000003fa   0x000003fa   0x00000000   Code   RO         1054    .text               mc_p.l(iusefp.o)
    0x000003fa   0x000003fa   0x00000006   Code   RO          986    .text.OS_Tick_GetIRQn  RTX_CM0.lib(os_systick.o)
    0x00000400   0x00000400   0x00000010   Code   RO          499    .ARM.__at_0x400     startup_mkl25z4.o
    0x00000410   0x00000410   0x000000d0   Code   RO         1024    .text               mf_p.l(dmul.o)
    0x000004e0   0x000004e0   0x0000000e   Code   RO         1028    .text               mf_p.l(ffltui.o)
    0x000004ee   0x000004ee   0x00000002   PAD
    0x000004f0   0x000004f0   0x0000001c   Code   RO         1030    .text               mf_p.l(dfltui.o)
    0x0000050c   0x0000050c   0x00000032   Code   RO         1032    .text               mf_p.l(ffixi.o)
    0x0000053e   0x0000053e   0x00000028   Code   RO         1034    .text               mf_p.l(ffixui.o)
    0x00000566   0x00000566   0x00000002   PAD
    0x00000568   0x00000568   0x0000003c   Code   RO         1036    .text               mf_p.l(dfixui.o)
    0x000005a4   0x000005a4   0x00000022   Code   RO         1052    .text               mc_p.l(llushr.o)
    0x000005c6   0x000005c6   0x00000082   Code   RO         1055    .text               mf_p.l(fepilogue.o)
    0x00000648   0x00000648   0x000000be   Code   RO         1057    .text               mf_p.l(depilogue.o)
    0x00000706   0x00000706   0x00000002   PAD
    0x00000708   0x00000708   0x00000024   Code   RO         1061    .text               mc_p.l(init.o)
    0x0000072c   0x0000072c   0x00000020   Code   RO         1063    .text               mc_p.l(llshl.o)
    0x0000074c   0x0000074c   0x0000003a   Code   RO         1073    .text               mc_p.l(__dczerorl.o)
    0x00000786   0x00000786   0x0000004c   Code   RO          797    .text.MessageQueueGet  RTX_CM0.lib(rtx_msgqueue.o)
    0x000007d2   0x000007d2   0x00000062   Code   RO          791    .text.MessageQueuePut  RTX_CM0.lib(rtx_msgqueue.o)
    0x00000834   0x00000834   0x0000001e   Code   RO          789    .text.MessageQueueRemove  RTX_CM0.lib(rtx_msgqueue.o)
    0x00000852   0x00000852   0x00000002   PAD
    0x00000854   0x00000854   0x0000000c   Code   RO          984    .text.OS_Tick_AcknowledgeIRQ  RTX_CM0.lib(os_systick.o)
    0x00000860   0x00000860   0x0000002c   Code   RO          980    .text.OS_Tick_Enable  RTX_CM0.lib(os_systick.o)
    0x0000088c   0x0000088c   0x0000004c   Code   RO          978    .text.OS_Tick_Setup  RTX_CM0.lib(os_systick.o)
    0x000008d8   0x000008d8   0x0000004e   Code   RO          687    .text.ThreadFlagsCheck  RTX_CM0.lib(rtx_thread.o)
    0x00000926   0x00000926   0x00000002   PAD
    0x00000928   0x00000928   0x0000004c   Code   RO          835    .text.TimerInsert   RTX_CM0.lib(rtx_timer.o)
    0x00000974   0x00000974   0x00000028   Code   RO          740    .text.osDelay       RTX_CM0.lib(rtx_delay.o)
    0x0000099c   0x0000099c   0x00000028   Code   RO          544    .text.osKernelInitialize  RTX_CM0.lib(rtx_kernel.o)
    0x000009c4   0x000009c4   0x00000024   Code   RO          554    .text.osKernelStart  RTX_CM0.lib(rtx_kernel.o)
    0x000009e8   0x000009e8   0x00000074   Code   RO          763    .text.osMessageQueueGet  RTX_CM0.lib(rtx_msgqueue.o)
    0x00000a5c   0x00000a5c   0x00000024   Code   RO          757    .text.osMessageQueueNew  RTX_CM0.lib(rtx_msgqueue.o)
    0x00000a80   0x00000a80   0x00000078   Code   RO          761    .text.osMessageQueuePut  RTX_CM0.lib(rtx_msgqueue.o)
    0x00000af8   0x00000af8   0x00000002   Code   RO          542    .text.osRtxKernelPreInit  RTX_CM0.lib(rtx_kernel.o)
    0x00000afa   0x00000afa   0x0000007c   Code   RO          897    .text.osRtxMemoryAlloc  RTX_CM0.lib(rtx_memory.o)
    0x00000b76   0x00000b76   0x0000004e   Code   RO          899    .text.osRtxMemoryFree  RTX_CM0.lib(rtx_memory.o)
    0x00000bc4   0x00000bc4   0x00000032   Code   RO          895    .text.osRtxMemoryInit  RTX_CM0.lib(rtx_memory.o)
    0x00000bf6   0x00000bf6   0x0000002e   Code   RO          912    .text.osRtxMemoryPoolAlloc  RTX_CM0.lib(rtx_mempool.o)
    0x00000c24   0x00000c24   0x0000003a   Code   RO          914    .text.osRtxMemoryPoolFree  RTX_CM0.lib(rtx_mempool.o)
    0x00000c5e   0x00000c5e   0x0000003e   Code   RO          910    .text.osRtxMemoryPoolInit  RTX_CM0.lib(rtx_mempool.o)
    0x00000c9c   0x00000c9c   0x000000bc   Code   RO          787    .text.osRtxMessageQueuePostProcess  RTX_CM0.lib(rtx_msgqueue.o)
    0x00000d58   0x00000d58   0x00000044   Code   RO          860    .text.osRtxMutexOwnerRelease  RTX_CM0.lib(rtx_mutex.o)
    0x00000d9c   0x00000d9c   0x00000080   Code   RO          965    .text.osRtxPendSV_Handler  RTX_CM0.lib(rtx_system.o)
    0x00000e1c   0x00000e1c   0x0000006c   Code   RO          967    .text.osRtxPostProcess  RTX_CM0.lib(rtx_system.o)
    0x00000e88   0x00000e88   0x00000038   Code   RO          627    .text.osRtxThreadBlock  RTX_CM0.lib(rtx_thread.o)
    0x00000ec0   0x00000ec0   0x00000080   Code   RO          635    .text.osRtxThreadDelayInsert  RTX_CM0.lib(rtx_thread.o)
    0x00000f40   0x00000f40   0x00000044   Code   RO          631    .text.osRtxThreadDelayRemove  RTX_CM0.lib(rtx_thread.o)
    0x00000f84   0x00000f84   0x00000038   Code   RO          617    .text.osRtxThreadDelayTick  RTX_CM0.lib(rtx_thread.o)
    0x00000fbc   0x00000fbc   0x00000050   Code   RO          625    .text.osRtxThreadDispatch  RTX_CM0.lib(rtx_thread.o)
    0x0000100c   0x0000100c   0x00000054   Code   RO          711    .text.osRtxThreadFree  RTX_CM0.lib(rtx_thread.o)
    0x00001060   0x00001060   0x00000014   Code   RO          609    .text.osRtxThreadListGet  RTX_CM0.lib(rtx_thread.o)
    0x00001074   0x00001074   0x0000002c   Code   RO          607    .text.osRtxThreadListPut  RTX_CM0.lib(rtx_thread.o)
    0x000010a0   0x000010a0   0x00000018   Code   RO          613    .text.osRtxThreadListRemove  RTX_CM0.lib(rtx_thread.o)
    0x000010b8   0x000010b8   0x00000026   Code   RO          685    .text.osRtxThreadPostProcess  RTX_CM0.lib(rtx_thread.o)
    0x000010de   0x000010de   0x00000002   PAD
    0x000010e0   0x000010e0   0x00000018   Code   RO          615    .text.osRtxThreadReadyPut  RTX_CM0.lib(rtx_thread.o)
    0x000010f8   0x000010f8   0x00000006   Code   RO          619    .text.osRtxThreadRegPtr  RTX_CM0.lib(rtx_thread.o)
    0x000010fe   0x000010fe   0x00000002   PAD
    0x00001100   0x00001100   0x0000002c   Code   RO          623    .text.osRtxThreadStackCheck  RTX_CM0.lib(rtx_thread.o)
    0x0000112c   0x0000112c   0x00000040   Code   RO          637    .text.osRtxThreadStartup  RTX_CM0.lib(rtx_thread.o)
    0x0000116c   0x0000116c   0x00000014   Code   RO          621    .text.osRtxThreadSwitch  RTX_CM0.lib(rtx_thread.o)
    0x00001180   0x00001180   0x0000003c   Code   RO          633    .text.osRtxThreadWaitEnter  RTX_CM0.lib(rtx_thread.o)
    0x000011bc   0x000011bc   0x00000022   Code   RO          629    .text.osRtxThreadWaitExit  RTX_CM0.lib(rtx_thread.o)
    0x000011de   0x000011de   0x00000002   PAD
    0x000011e0   0x000011e0   0x00000074   Code   RO          963    .text.osRtxTick_Handler  RTX_CM0.lib(rtx_system.o)
    0x00001254   0x00001254   0x0000003c   Code   RO          819    .text.osRtxTimerThread  RTX_CM0.lib(rtx_timer.o)
    0x00001290   0x00001290   0x00000060   Code   RO          821    .text.osRtxTimerTick  RTX_CM0.lib(rtx_timer.o)
    0x000012f0   0x000012f0   0x0000000c   Code   RO          669    .text.osThreadExit  RTX_CM0.lib(rtx_thread.o)
    0x000012fc   0x000012fc   0x00000058   Code   RO          677    .text.osThreadFlagsSet  RTX_CM0.lib(rtx_thread.o)
    0x00001354   0x00001354   0x00000028   Code   RO          683    .text.osThreadFlagsWait  RTX_CM0.lib(rtx_thread.o)
    0x0000137c   0x0000137c   0x00000024   Code   RO          641    .text.osThreadNew   RTX_CM0.lib(rtx_thread.o)
    0x000013a0   0x000013a0   0x00000012   Code   RO          744    .text.svcRtxDelay   RTX_CM0.lib(rtx_delay.o)
    0x000013b2   0x000013b2   0x00000002   PAD
    0x000013b4   0x000013b4   0x00000148   Code   RO          582    .text.svcRtxKernelInitialize  RTX_CM0.lib(rtx_kernel.o)
    0x000014fc   0x000014fc   0x00000084   Code   RO          584    .text.svcRtxKernelStart  RTX_CM0.lib(rtx_kernel.o)
    0x00001580   0x00001580   0x000000e8   Code   RO          799    .text.svcRtxMessageQueueGet  RTX_CM0.lib(rtx_msgqueue.o)
    0x00001668   0x00001668   0x000001e4   Code   RO          785    .text.svcRtxMessageQueueNew  RTX_CM0.lib(rtx_msgqueue.o)
    0x0000184c   0x0000184c   0x000000bc   Code   RO          795    .text.svcRtxMessageQueuePut  RTX_CM0.lib(rtx_msgqueue.o)
    0x00001908   0x00001908   0x0000006c   Code   RO          715    .text.svcRtxThreadExit  RTX_CM0.lib(rtx_thread.o)
    0x00001974   0x00001974   0x0000006c   Code   RO          723    .text.svcRtxThreadFlagsSet  RTX_CM0.lib(rtx_thread.o)
    0x000019e0   0x000019e0   0x00000050   Code   RO          729    .text.svcRtxThreadFlagsWait  RTX_CM0.lib(rtx_thread.o)
    0x00001a30   0x00001a30   0x000001ec   Code   RO          639    .text.svcRtxThreadNew  RTX_CM0.lib(rtx_thread.o)
    0x00001c1c   0x00001c1c   0x0000000c   Code   RO            3    i.ALL_LED_OFF       main.o
    0x00001c28   0x00001c28   0x00000032   Code   RO            4    i.GREEN_LED_CONNECT  main.o
    0x00001c5a   0x00001c5a   0x00000002   PAD
    0x00001c5c   0x00001c5c   0x00000170   Code   RO            5    i.GREEN_LED_Moving  main.o
    0x00001dcc   0x00001dcc   0x0000003c   Code   RO            6    i.GREEN_LED_Stationary  main.o
    0x00001e08   0x00001e08   0x0000002c   Code   RO            7    i.OFF_ALL_GREEN_LEDS  main.o
    0x00001e34   0x00001e34   0x0000002c   Code   RO            8    i.ON_ALL_GREEN_LEDS  main.o
    0x00001e60   0x00001e60   0x00000030   Code   RO            9    i.Q_Dequeue         main.o
    0x00001e90   0x00001e90   0x00000010   Code   RO           10    i.Q_Empty           main.o
    0x00001ea0   0x00001ea0   0x0000002e   Code   RO           11    i.Q_Enqueue         main.o
    0x00001ece   0x00001ece   0x00000010   Code   RO           12    i.Q_Full            main.o
    0x00001ede   0x00001ede   0x00000018   Code   RO           13    i.Q_Init            main.o
    0x00001ef6   0x00001ef6   0x00000002   PAD
    0x00001ef8   0x00001ef8   0x0000003c   Code   RO           14    i.RED_LED_Moving    main.o
    0x00001f34   0x00001f34   0x00000014   Code   RO           15    i.RED_LED_OFF_250   main.o
    0x00001f48   0x00001f48   0x00000018   Code   RO           16    i.RED_LED_OFF_500   main.o
    0x00001f60   0x00001f60   0x00000014   Code   RO           17    i.RED_LED_ON_250    main.o
    0x00001f74   0x00001f74   0x00000018   Code   RO           18    i.RED_LED_ON_500    main.o
    0x00001f8c   0x00001f8c   0x0000003c   Code   RO           19    i.RED_LED_Stationary  main.o
    0x00001fc8   0x00001fc8   0x00000190   Code   RO          508    i.SystemCoreClockUpdate  system_mkl25z4.o
    0x00002158   0x00002158   0x0000000c   Code   RO          509    i.SystemInit        system_mkl25z4.o
    0x00002164   0x00002164   0x00000040   Code   RO           20    i.UART2_IRQHandler  main.o
    0x000021a4   0x000021a4   0x000003c0   Code   RO           21    i.UART_decode       main.o
    0x00002564   0x00002564   0x0000002e   Code   RO         1059    i.__ARM_clz         mf_p.l(depilogue.o)
    0x00002592   0x00002592   0x0000001c   Code   RO          487    i.__ARM_common_switch8  rtx_config.o
    0x000025ae   0x000025ae   0x00000002   PAD
    0x000025b0   0x000025b0   0x00000018   Code   RO           22    i.__NVIC_ClearPendingIRQ  main.o
    0x000025c8   0x000025c8   0x00000078   Code   RO           23    i.__NVIC_SetPriority  main.o
    0x00002640   0x00002640   0x0000000e   Code   RO         1067    i.__scatterload_copy  mc_p.l(handlers.o)
    0x0000264e   0x0000264e   0x00000002   Code   RO         1068    i.__scatterload_null  mc_p.l(handlers.o)
    0x00002650   0x00002650   0x0000000e   Code   RO         1069    i.__scatterload_zeroinit  mc_p.l(handlers.o)
    0x0000265e   0x0000265e   0x00000002   PAD
    0x00002660   0x00002660   0x00000018   Code   RO           24    i.calcModValue      main.o
    0x00002678   0x00002678   0x00000030   Code   RO           25    i.curveBackwardLeft  main.o
    0x000026a8   0x000026a8   0x00000030   Code   RO           26    i.curveBackwardRight  main.o
    0x000026d8   0x000026d8   0x00000030   Code   RO           27    i.curveForwardLeft  main.o
    0x00002708   0x00002708   0x00000030   Code   RO           28    i.curveForwardRight  main.o
    0x00002738   0x00002738   0x00000014   Code   RO           29    i.delay             main.o
    0x0000274c   0x0000274c   0x00000068   Code   RO           30    i.end_challenge     main.o
    0x000027b4   0x000027b4   0x00000084   Code   RO           31    i.forwardFL         main.o
    0x00002838   0x00002838   0x00000088   Code   RO           32    i.forwardFR         main.o
    0x000028c0   0x000028c0   0x00000088   Code   RO           33    i.forwardRL         main.o
    0x00002948   0x00002948   0x00000088   Code   RO           34    i.forwardRR         main.o
    0x000029d0   0x000029d0   0x0000001c   Code   RO           35    i.generateEighthNote  main.o
    0x000029ec   0x000029ec   0x00000020   Code   RO           36    i.generateEndFullNote  main.o
    0x00002a0c   0x00002a0c   0x00000020   Code   RO           37    i.generateEndHalfNote  main.o
    0x00002a2c   0x00002a2c   0x00000020   Code   RO           39    i.generateEndTripleNote  main.o
    0x00002a4c   0x00002a4c   0x0000001e   Code   RO           40    i.generateFullNote  main.o
    0x00002a6a   0x00002a6a   0x0000001e   Code   RO           41    i.generateHalfNote  main.o
    0x00002a88   0x00002a88   0x0000001c   Code   RO           42    i.generateQuarterNote  main.o
    0x00002aa4   0x00002aa4   0x0000000c   Code   RO           43    i.generateRest      main.o
    0x00002ab0   0x00002ab0   0x00000030   Code   RO           44    i.generateSignal    main.o
    0x00002ae0   0x00002ae0   0x00000020   Code   RO           45    i.generateTwoFullNote  main.o
    0x00002b00   0x00002b00   0x00000184   Code   RO           46    i.generate_melody   main.o
    0x00002c84   0x00002c84   0x0000022c   Code   RO           47    i.initGPIO          main.o
    0x00002eb0   0x00002eb0   0x00000124   Code   RO           48    i.initPWM           main.o
    0x00002fd4   0x00002fd4   0x000000c4   Code   RO           49    i.initUART2         main.o
    0x00003098   0x00003098   0x00000154   Code   RO           50    i.main              main.o
    0x000031ec   0x000031ec   0x00000090   Code   RO           51    i.motor             main.o
    0x0000327c   0x0000327c   0x0000002c   Code   RO           52    i.moveBackward      main.o
    0x000032a8   0x000032a8   0x0000002c   Code   RO           53    i.moveForward       main.o
    0x000032d4   0x000032d4   0x00000020   Code   RO          466    i.osRtxErrorNotify  rtx_config.o
    0x000032f4   0x000032f4   0x00000004   Code   RO          467    i.osRtxIdleThread   rtx_config.o
    0x000032f8   0x000032f8   0x00000084   Code   RO           54    i.reverseFL         main.o
    0x0000337c   0x0000337c   0x00000088   Code   RO           55    i.reverseFR         main.o
    0x00003404   0x00003404   0x00000088   Code   RO           56    i.reverseRL         main.o
    0x0000348c   0x0000348c   0x00000088   Code   RO           57    i.reverseRR         main.o
    0x00003514   0x00003514   0x00000038   Code   RO           58    i.startPWM          main.o
    0x0000354c   0x0000354c   0x00000060   Code   RO           59    i.stopFL            main.o
    0x000035ac   0x000035ac   0x00000060   Code   RO           60    i.stopFR            main.o
    0x0000360c   0x0000360c   0x00000014   Code   RO           61    i.stopMovement      main.o
    0x00003620   0x00003620   0x00000060   Code   RO           62    i.stopRL            main.o
    0x00003680   0x00003680   0x00000060   Code   RO           63    i.stopRR            main.o
    0x000036e0   0x000036e0   0x0000002c   Code   RO           64    i.turnLeft          main.o
    0x0000370c   0x0000370c   0x0000002c   Code   RO           65    i.turnRight         main.o
    0x00003738   0x00003738   0x00000048   Data   RO           67    .constdata          main.o
    0x00003780   0x00003780   0x00000064   Data   RO          436    .constdata          rtx_lib.o
    0x000037e4   0x000037e4   0x000000a0   Data   RO          438    .rodata             rtx_lib.o
    0x00003884   0x00003884   0x0000000b   Data   RO          596    .rodata.str1.4      RTX_CM0.lib(rtx_kernel.o)
    0x0000388f   0x0000388f   0x00000001   PAD
    0x00003890   0x00003890   0x00000020   Data   RO         1065    Region$$Table       anon$$obj.o


    Execution Region ER_RW (Exec base: 0x1ffff000, Load base: 0x000038b0, Size: 0x00001430, Max: 0xffffffff, ABSOLUTE, COMPRESSED[0x00000034])

    Exec Addr    Load Addr    Size         Type   Attr      Idx    E Section Name        Object

    0x1ffff000   COMPRESSED   0x00001040   Data   RW          431    .bss.os             rtx_lib.o
    0x20000040   COMPRESSED   0x00000034   Data   RW          432    .bss.os.msgqueue.cb  rtx_lib.o
    0x20000074   COMPRESSED   0x00000050   Data   RW          433    .bss.os.msgqueue.mem  rtx_lib.o
    0x200000c4   COMPRESSED   0x00000088   Data   RW          434    .bss.os.thread.cb   rtx_lib.o
    0x2000014c   COMPRESSED   0x00000004   PAD
    0x20000150   COMPRESSED   0x00000200   Data   RW          435    .bss.os.thread.stack  rtx_lib.o
    0x20000350   COMPRESSED   0x00000038   Data   RW           68    .data               main.o
    0x20000388   COMPRESSED   0x00000004   Data   RW          510    .data               system_mkl25z4.o
    0x2000038c   COMPRESSED   0x000000a4   Data   RW          597    .data.os            RTX_CM0.lib(rtx_kernel.o)


    Execution Region ER_ZI (Exec base: 0x20000430, Load base: 0x000038e4, Size: 0x00000130, Max: 0xffffffff, ABSOLUTE)

    Exec Addr    Load Addr    Size         Type   Attr      Idx    E Section Name        Object

    0x20000430        -       0x0000002c   Zero   RW           66    .bss                main.o
    0x2000045c        -       0x00000001   Zero   RW          996    .bss.PendST         RTX_CM0.lib(os_systick.o)
    0x2000045d   0x000038e4   0x00000003   PAD
    0x20000460        -       0x00000100   Zero   RW          496    STACK               startup_mkl25z4.o


==============================================================================

Image component sizes


      Code (inc. data)   RO Data    RW Data    ZI Data      Debug   Object Name

      6380        654         72         56         44     259365   main.o
        64          8          0          0          0       1033   rtx_config.o
         0          0        260       4940          0       9166   rtx_lib.o
        56         30        192          0        256        860   startup_mkl25z4.o
       412         42          0          4          0       1503   system_mkl25z4.o

    ----------------------------------------------------------------------
      6918        734        556       5004        300     271927   Object Totals
         0          0         32          0          0          0   (incl. Generated)
         6          0          0          4          0          0   (incl. Padding)

    ----------------------------------------------------------------------

      Code (inc. data)   RO Data    RW Data    ZI Data      Debug   Library Member Name

       164          8          0          0          0        496   irq_cm0.o
       138         32          0          0          1       2766   os_systick.o
        58          4          0          0          0       2753   rtx_delay.o
       538         36         11        164          0      16105   rtx_kernel.o
       252          0          0          0          0       2564   rtx_memory.o
       166          0          0          0          0      14282   rtx_mempool.o
      1568         44          0          0          0      17889   rtx_msgqueue.o
        68          0          0          0          0       9201   rtx_mutex.o
       352         26          0          0          0       4635   rtx_system.o
      1892        108          0          0          0      30867   rtx_thread.o
       232         20          0          0          0      10018   rtx_timer.o
        58          0          0          0          0          0   __dczerorl.o
         0          0          0          0          0          0   entry.o
         0          0          0          0          0          0   entry10a.o
         0          0          0          0          0          0   entry11a.o
         8          4          0          0          0          0   entry2.o
         4          0          0          0          0          0   entry5.o
         0          0          0          0          0          0   entry7b.o
         0          0          0          0          0          0   entry8b.o
         8          4          0          0          0          0   entry9a.o
        30          0          0          0          0          0   handlers.o
        40          0          0          0          0         72   idiv.o
        36          8          0          0          0         68   init.o
         0          0          0          0          0          0   iusefp.o
        32          0          0          0          0         68   llshl.o
        34          0          0          0          0         68   llushr.o
        36          0          0          0          0         60   memcpya.o
        36          0          0          0          0        100   memseta.o
        44          0          0          0          0         72   uidiv.o
       236          0          0          0          0        216   depilogue.o
        60         10          0          0          0         68   dfixui.o
        28          4          0          0          0         68   dfltui.o
       208          6          0          0          0         88   dmul.o
       178          0          0          0          0        108   fadd.o
       124          0          0          0          0         72   fdiv.o
       130          0          0          0          0        144   fepilogue.o
        50          0          0          0          0         60   ffixi.o
        40          0          0          0          0         60   ffixui.o
        22          0          0          0          0         68   fflti.o
        14          0          0          0          0         68   ffltui.o
       122          0          0          0          0         72   fmul.o

    ----------------------------------------------------------------------
      7026        314         12        164          4     113176   Library Totals
        20          0          1          0          3          0   (incl. Padding)

    ----------------------------------------------------------------------

      Code (inc. data)   RO Data    RW Data    ZI Data      Debug   Library Name

      5428        278         11        164          1     111576   RTX_CM0.lib
       366         16          0          0          0        508   mc_p.l
      1212         20          0          0          0       1092   mf_p.l

    ----------------------------------------------------------------------
      7026        314         12        164          4     113176   Library Totals

    ----------------------------------------------------------------------

==============================================================================


      Code (inc. data)   RO Data    RW Data    ZI Data      Debug   

     13944       1048        568       5168        304     381523   Grand Totals
     13944       1048        568         52        304     381523   ELF Image Totals (compressed)
     13944       1048        568         52          0          0   ROM Totals

==============================================================================

    Total RO  Size (Code + RO Data)                14512 (  14.17kB)
    Total RW  Size (RW Data + ZI Data)              5472 (   5.34kB)
    Total ROM Size (Code + RO Data + RW Data)      14564 (  14.22kB)

==============================================================================

