Component: ARM Compiler 5.06 update 6 (build 750) Tool: armlink [4d35ed]

==============================================================================

Section Cross References

    main.o(i.GREEN_LED_CONNECT) refers to rtx_thread.o(.text.osThreadFlagsWait) for osThreadFlagsWait
    main.o(i.GREEN_LED_CONNECT) refers to main.o(i.ON_ALL_GREEN_LEDS) for ON_ALL_GREEN_LEDS
    main.o(i.GREEN_LED_CONNECT) refers to rtx_delay.o(.text.osDelay) for osDelay
    main.o(i.GREEN_LED_CONNECT) refers to main.o(i.OFF_ALL_GREEN_LEDS) for OFF_ALL_GREEN_LEDS
    main.o(i.GREEN_LED_Moving) refers to rtx_msgqueue.o(.text.osMessageQueueGet) for osMessageQueueGet
    main.o(i.GREEN_LED_Moving) refers to rtx_delay.o(.text.osDelay) for osDelay
    main.o(i.GREEN_LED_Moving) refers to main.o(.data) for greenMovingMsg
    main.o(i.GREEN_LED_Stationary) refers to rtx_msgqueue.o(.text.osMessageQueueGet) for osMessageQueueGet
    main.o(i.GREEN_LED_Stationary) refers to main.o(i.ON_ALL_GREEN_LEDS) for ON_ALL_GREEN_LEDS
    main.o(i.GREEN_LED_Stationary) refers to main.o(i.OFF_ALL_GREEN_LEDS) for OFF_ALL_GREEN_LEDS
    main.o(i.GREEN_LED_Stationary) refers to main.o(.data) for greenStationaryMsg
    main.o(i.Q_Dequeue) refers to main.o(i.Q_Empty) for Q_Empty
    main.o(i.Q_Enqueue) refers to main.o(i.Q_Full) for Q_Full
    main.o(i.RED_LED_Moving) refers to rtx_msgqueue.o(.text.osMessageQueueGet) for osMessageQueueGet
    main.o(i.RED_LED_Moving) refers to main.o(i.RED_LED_ON_500) for RED_LED_ON_500
    main.o(i.RED_LED_Moving) refers to main.o(i.RED_LED_OFF_500) for RED_LED_OFF_500
    main.o(i.RED_LED_Moving) refers to main.o(.data) for redMovingMsg
    main.o(i.RED_LED_OFF_250) refers to rtx_delay.o(.text.osDelay) for osDelay
    main.o(i.RED_LED_OFF_500) refers to rtx_delay.o(.text.osDelay) for osDelay
    main.o(i.RED_LED_ON_250) refers to rtx_delay.o(.text.osDelay) for osDelay
    main.o(i.RED_LED_ON_500) refers to rtx_delay.o(.text.osDelay) for osDelay
    main.o(i.RED_LED_Stationary) refers to rtx_msgqueue.o(.text.osMessageQueueGet) for osMessageQueueGet
    main.o(i.RED_LED_Stationary) refers to main.o(i.RED_LED_ON_250) for RED_LED_ON_250
    main.o(i.RED_LED_Stationary) refers to main.o(i.RED_LED_OFF_250) for RED_LED_OFF_250
    main.o(i.RED_LED_Stationary) refers to main.o(.data) for redStationaryMsg
    main.o(i.UART2_IRQHandler) refers to main.o(i.__NVIC_ClearPendingIRQ) for __NVIC_ClearPendingIRQ
    main.o(i.UART2_IRQHandler) refers to main.o(i.Q_Full) for Q_Full
    main.o(i.UART2_IRQHandler) refers to main.o(i.Q_Enqueue) for Q_Enqueue
    main.o(i.UART2_IRQHandler) refers to rtx_thread.o(.text.osThreadFlagsSet) for osThreadFlagsSet
    main.o(i.UART2_IRQHandler) refers to main.o(.bss) for rx_q
    main.o(i.UART2_IRQHandler) refers to main.o(.data) for UART_id
    main.o(i.UART_decode) refers to rtx_thread.o(.text.osThreadFlagsWait) for osThreadFlagsWait
    main.o(i.UART_decode) refers to main.o(i.Q_Dequeue) for Q_Dequeue
    main.o(i.UART_decode) refers to rtx_thread.o(.text.osThreadFlagsSet) for osThreadFlagsSet
    main.o(i.UART_decode) refers to rtx_msgqueue.o(.text.osMessageQueuePut) for osMessageQueuePut
    main.o(i.UART_decode) refers to main.o(.bss) for rx_q
    main.o(i.UART_decode) refers to main.o(.data) for green_led_connect_id
    main.o(i.calcModValue) refers to idiv.o(.text) for __aeabi_idivmod
    main.o(i.end_challenge) refers to rtx_thread.o(.text.osThreadFlagsWait) for osThreadFlagsWait
    main.o(i.end_challenge) refers to main.o(i.generateEndNote) for generateEndNote
    main.o(i.end_challenge) refers to main.o(i.OFF_ALL_GREEN_LEDS) for OFF_ALL_GREEN_LEDS
    main.o(i.end_challenge) refers to main.o(i.ALL_LED_OFF) for ALL_LED_OFF
    main.o(i.forwardFL) refers to fflti.o(.text) for __aeabi_i2f
    main.o(i.forwardFL) refers to fdiv.o(.text) for __aeabi_fdiv
    main.o(i.forwardFL) refers to fadd.o(.text) for __aeabi_fsub
    main.o(i.forwardFL) refers to ffixi.o(.text) for __aeabi_f2iz
    main.o(i.forwardFL) refers to dfltui.o(.text) for __aeabi_ui2d
    main.o(i.forwardFL) refers to dmul.o(.text) for __aeabi_dmul
    main.o(i.forwardFL) refers to dfixui.o(.text) for __aeabi_d2uiz
    main.o(i.forwardFR) refers to fflti.o(.text) for __aeabi_i2f
    main.o(i.forwardFR) refers to fdiv.o(.text) for __aeabi_fdiv
    main.o(i.forwardFR) refers to fadd.o(.text) for __aeabi_fsub
    main.o(i.forwardFR) refers to ffixi.o(.text) for __aeabi_f2iz
    main.o(i.forwardFR) refers to dfltui.o(.text) for __aeabi_ui2d
    main.o(i.forwardFR) refers to dmul.o(.text) for __aeabi_dmul
    main.o(i.forwardFR) refers to dfixui.o(.text) for __aeabi_d2uiz
    main.o(i.forwardRL) refers to fflti.o(.text) for __aeabi_i2f
    main.o(i.forwardRL) refers to fdiv.o(.text) for __aeabi_fdiv
    main.o(i.forwardRL) refers to fadd.o(.text) for __aeabi_fsub
    main.o(i.forwardRL) refers to ffixi.o(.text) for __aeabi_f2iz
    main.o(i.forwardRL) refers to dfltui.o(.text) for __aeabi_ui2d
[...]
    rtx_mutex.o(.ARM.exidx.text.osMutexDelete) refers to rtx_mutex.o(.text.osMutexDelete) for [Anonymous Symbol]
    rtx_mutex.o(.text.svcRtxMutexNew) refers to rtx_mempool.o(.text.osRtxMemoryPoolAlloc) for osRtxMemoryPoolAlloc
    rtx_mutex.o(.text.svcRtxMutexNew) refers to rtx_memory.o(.text.osRtxMemoryAlloc) for osRtxMemoryAlloc
    rtx_mutex.o(.text.svcRtxMutexNew) refers to memseta.o(.text) for __aeabi_memclr4
    rtx_mutex.o(.text.svcRtxMutexNew) refers to rtx_kernel.o(.data.os) for osRtxInfo
    rtx_mutex.o(.ARM.exidx.text.svcRtxMutexNew) refers to rtx_mutex.o(.text.svcRtxMutexNew) for [Anonymous Symbol]
    rtx_mutex.o(.ARM.exidx.text.svcRtxMutexGetName) refers to rtx_mutex.o(.text.svcRtxMutexGetName) for [Anonymous Symbol]
    rtx_mutex.o(.text.svcRtxMutexAcquire) refers to rtx_thread.o(.text.osRtxThreadListSort) for osRtxThreadListSort
    rtx_mutex.o(.text.svcRtxMutexAcquire) refers to rtx_thread.o(.text.osRtxThreadWaitEnter) for osRtxThreadWaitEnter
    rtx_mutex.o(.text.svcRtxMutexAcquire) refers to rtx_thread.o(.text.osRtxThreadListPut) for osRtxThreadListPut
    rtx_mutex.o(.text.svcRtxMutexAcquire) refers to rtx_kernel.o(.data.os) for osRtxInfo
    rtx_mutex.o(.ARM.exidx.text.svcRtxMutexAcquire) refers to rtx_mutex.o(.text.svcRtxMutexAcquire) for [Anonymous Symbol]
    rtx_mutex.o(.text.svcRtxMutexRelease) refers to rtx_thread.o(.text.osRtxThreadListGet) for osRtxThreadListGet
    rtx_mutex.o(.text.svcRtxMutexRelease) refers to rtx_thread.o(.text.osRtxThreadWaitExit) for osRtxThreadWaitExit
    rtx_mutex.o(.text.svcRtxMutexRelease) refers to rtx_thread.o(.text.osRtxThreadDispatch) for osRtxThreadDispatch
    rtx_mutex.o(.text.svcRtxMutexRelease) refers to rtx_kernel.o(.data.os) for osRtxInfo
    rtx_mutex.o(.ARM.exidx.text.svcRtxMutexRelease) refers to rtx_mutex.o(.text.svcRtxMutexRelease) for [Anonymous Symbol]
    rtx_mutex.o(.ARM.exidx.text.svcRtxMutexGetOwner) refers to rtx_mutex.o(.text.svcRtxMutexGetOwner) for [Anonymous Symbol]
    rtx_mutex.o(.text.svcRtxMutexDelete) refers to rtx_thread.o(.text.osRtxThreadListSort) for osRtxThreadListSort
    rtx_mutex.o(.text.svcRtxMutexDelete) refers to rtx_thread.o(.text.osRtxThreadListGet) for osRtxThreadListGet
    rtx_mutex.o(.text.svcRtxMutexDelete) refers to rtx_thread.o(.text.osRtxThreadWaitExit) for osRtxThreadWaitExit
    rtx_mutex.o(.text.svcRtxMutexDelete) refers to rtx_thread.o(.text.osRtxThreadDispatch) for osRtxThreadDispatch
    rtx_mutex.o(.text.svcRtxMutexDelete) refers to rtx_mempool.o(.text.osRtxMemoryPoolFree) for osRtxMemoryPoolFree
    rtx_mutex.o(.text.svcRtxMutexDelete) refers to rtx_memory.o(.text.osRtxMemoryFree) for osRtxMemoryFree
    rtx_mutex.o(.text.svcRtxMutexDelete) refers to rtx_kernel.o(.data.os) for osRtxInfo
    rtx_mutex.o(.ARM.exidx.text.svcRtxMutexDelete) refers to rtx_mutex.o(.text.svcRtxMutexDelete) for [Anonymous Symbol]
    rtx_memory.o(.ARM.exidx.text.osRtxMemoryInit) refers to rtx_memory.o(.text.osRtxMemoryInit) for [Anonymous Symbol]
    rtx_memory.o(.ARM.exidx.text.osRtxMemoryAlloc) refers to rtx_memory.o(.text.osRtxMemoryAlloc) for [Anonymous Symbol]
    rtx_memory.o(.ARM.exidx.text.osRtxMemoryFree) refers to rtx_memory.o(.text.osRtxMemoryFree) for [Anonymous Symbol]
    rtx_mempool.o(.ARM.exidx.text.osRtxMemoryPoolInit) refers to rtx_mempool.o(.text.osRtxMemoryPoolInit) for [Anonymous Symbol]
    rtx_mempool.o(.ARM.exidx.text.osRtxMemoryPoolAlloc) refers to rtx_mempool.o(.text.osRtxMemoryPoolAlloc) for [Anonymous Symbol]
    rtx_mempool.o(.ARM.exidx.text.osRtxMemoryPoolFree) refers to rtx_mempool.o(.text.osRtxMemoryPoolFree) for [Anonymous Symbol]
    rtx_mempool.o(.text.osMemoryPoolNew) refers to rtx_mempool.o(.text.svcRtxMemoryPoolNew) for svcRtxMemoryPoolNew
    rtx_mempool.o(.ARM.exidx.text.osMemoryPoolNew) refers to rtx_mempool.o(.text.osMemoryPoolNew) for [Anonymous Symbol]
    rtx_mempool.o(.text.osMemoryPoolGetName) refers to rtx_mempool.o(.text.svcRtxMemoryPoolGetName) for svcRtxMemoryPoolGetName
    rtx_mempool.o(.ARM.exidx.text.osMemoryPoolGetName) refers to rtx_mempool.o(.text.osMemoryPoolGetName) for [Anonymous Symbol]
    rtx_mempool.o(.text.osMemoryPoolAlloc) refers to rtx_mempool.o(.text.osRtxMemoryPoolAlloc) for osRtxMemoryPoolAlloc
    rtx_mempool.o(.text.osMemoryPoolAlloc) refers to rtx_mempool.o(.text.svcRtxMemoryPoolAlloc) for svcRtxMemoryPoolAlloc
    rtx_mempool.o(.ARM.exidx.text.osMemoryPoolAlloc) refers to rtx_mempool.o(.text.osMemoryPoolAlloc) for [Anonymous Symbol]
    rtx_mempool.o(.text.osMemoryPoolFree) refers to rtx_mempool.o(.text.osRtxMemoryPoolFree) for osRtxMemoryPoolFree
    rtx_mempool.o(.text.osMemoryPoolFree) refers to rtx_system.o(.text.osRtxPostProcess) for osRtxPostProcess
    rtx_mempool.o(.text.osMemoryPoolFree) refers to rtx_mempool.o(.text.svcRtxMemoryPoolFree) for svcRtxMemoryPoolFree
    rtx_mempool.o(.ARM.exidx.text.osMemoryPoolFree) refers to rtx_mempool.o(.text.osMemoryPoolFree) for [Anonymous Symbol]
    rtx_mempool.o(.text.osMemoryPoolGetCapacity) refers to rtx_mempool.o(.text.svcRtxMemoryPoolGetCapacity) for svcRtxMemoryPoolGetCapacity
    rtx_mempool.o(.ARM.exidx.text.osMemoryPoolGetCapacity) refers to rtx_mempool.o(.text.osMemoryPoolGetCapacity) for [Anonymous Symbol]
    rtx_mempool.o(.ARM.exidx.text.svcRtxMemoryPoolGetCapacity) refers to rtx_mempool.o(.text.svcRtxMemoryPoolGetCapacity) for [Anonymous Symbol]
    rtx_mempool.o(.text.osMemoryPoolGetBlockSize) refers to rtx_mempool.o(.text.svcRtxMemoryPoolGetBlockSize) for svcRtxMemoryPoolGetBlockSize
    rtx_mempool.o(.ARM.exidx.text.osMemoryPoolGetBlockSize) refers to rtx_mempool.o(.text.osMemoryPoolGetBlockSize) for [Anonymous Symbol]
    rtx_mempool.o(.ARM.exidx.text.svcRtxMemoryPoolGetBlockSize) refers to rtx_mempool.o(.text.svcRtxMemoryPoolGetBlockSize) for [Anonymous Symbol]
    rtx_mempool.o(.text.osMemoryPoolGetCount) refers to rtx_mempool.o(.text.svcRtxMemoryPoolGetCount) for svcRtxMemoryPoolGetCount
    rtx_mempool.o(.ARM.exidx.text.osMemoryPoolGetCount) refers to rtx_mempool.o(.text.osMemoryPoolGetCount) for [Anonymous Symbol]
    rtx_mempool.o(.ARM.exidx.text.svcRtxMemoryPoolGetCount) refers to rtx_mempool.o(.text.svcRtxMemoryPoolGetCount) for [Anonymous Symbol]
    rtx_mempool.o(.text.osMemoryPoolGetSpace) refers to rtx_mempool.o(.text.svcRtxMemoryPoolGetSpace) for svcRtxMemoryPoolGetSpace
    rtx_mempool.o(.ARM.exidx.text.osMemoryPoolGetSpace) refers to rtx_mempool.o(.text.osMemoryPoolGetSpace) for [Anonymous Symbol]
    rtx_mempool.o(.ARM.exidx.text.svcRtxMemoryPoolGetSpace) refers to rtx_mempool.o(.text.svcRtxMemoryPoolGetSpace) for [Anonymous Symbol]
    rtx_mempool.o(.text.osMemoryPoolDelete) refers to rtx_mempool.o(.text.svcRtxMemoryPoolDelete) for svcRtxMemoryPoolDelete
    rtx_mempool.o(.ARM.exidx.text.osMemoryPoolDelete) refers to rtx_mempool.o(.text.osMemoryPoolDelete) for [Anonymous Symbol]
    rtx_mempool.o(.text.svcRtxMemoryPoolNew) refers to rtx_mempool.o(.text.osRtxMemoryPoolAlloc) for osRtxMemoryPoolAlloc
    rtx_mempool.o(.text.svcRtxMemoryPoolNew) refers to rtx_memory.o(.text.osRtxMemoryAlloc) for osRtxMemoryAlloc
    rtx_mempool.o(.text.svcRtxMemoryPoolNew) refers to memseta.o(.text) for __aeabi_memclr
    rtx_mempool.o(.text.svcRtxMemoryPoolNew) refers to rtx_mempool.o(.text.osRtxMemoryPoolFree) for osRtxMemoryPoolFree
    rtx_mempool.o(.text.svcRtxMemoryPoolNew) refers to rtx_memory.o(.text.osRtxMemoryFree) for osRtxMemoryFree
    rtx_mempool.o(.text.svcRtxMemoryPoolNew) refers to rtx_mempool.o(.text.osRtxMemoryPoolInit) for osRtxMemoryPoolInit
    rtx_mempool.o(.text.svcRtxMemoryPoolNew) refers to rtx_kernel.o(.data.os) for osRtxInfo
    rtx_mempool.o(.text.svcRtxMemoryPoolNew) refers to rtx_mempool.o(.text.osRtxMemoryPoolPostProcess) for osRtxMemoryPoolPostProcess
    rtx_mempool.o(.ARM.exidx.text.svcRtxMemoryPoolNew) refers to rtx_mempool.o(.text.svcRtxMemoryPoolNew) for [Anonymous Symbol]
    rtx_mempool.o(.text.osRtxMemoryPoolPostProcess) refers to rtx_mempool.o(.text.osRtxMemoryPoolAlloc) for osRtxMemoryPoolAlloc
    rtx_mempool.o(.text.osRtxMemoryPoolPostProcess) refers to rtx_thread.o(.text.osRtxThreadListGet) for osRtxThreadListGet
    rtx_mempool.o(.text.osRtxMemoryPoolPostProcess) refers to rtx_thread.o(.text.osRtxThreadWaitExit) for osRtxThreadWaitExit
    rtx_mempool.o(.ARM.exidx.text.osRtxMemoryPoolPostProcess) refers to rtx_mempool.o(.text.osRtxMemoryPoolPostProcess) for [Anonymous Symbol]
    rtx_mempool.o(.ARM.exidx.text.svcRtxMemoryPoolGetName) refers to rtx_mempool.o(.text.svcRtxMemoryPoolGetName) for [Anonymous Symbol]
    rtx_mempool.o(.text.svcRtxMemoryPoolAlloc) refers to rtx_mempool.o(.text.osRtxMemoryPoolAlloc) for osRtxMemoryPoolAlloc
    rtx_mempool.o(.text.svcRtxMemoryPoolAlloc) refers to rtx_thread.o(.text.osRtxThreadWaitEnter) for osRtxThreadWaitEnter
    rtx_mempool.o(.text.svcRtxMemoryPoolAlloc) refers to rtx_thread.o(.text.osRtxThreadListPut) for osRtxThreadListPut
    rtx_mempool.o(.text.svcRtxMemoryPoolAlloc) refers to rtx_kernel.o(.data.os) for osRtxInfo
    rtx_mempool.o(.ARM.exidx.text.svcRtxMemoryPoolAlloc) refers to rtx_mempool.o(.text.svcRtxMemoryPoolAlloc) for [Anonymous Symbol]
    rtx_mempool.o(.text.svcRtxMemoryPoolFree) refers to rtx_mempool.o(.text.osRtxMemoryPoolFree) for osRtxMemoryPoolFree
    rtx_mempool.o(.text.svcRtxMemoryPoolFree) refers to rtx_mempool.o(.text.osRtxMemoryPoolAlloc) for osRtxMemoryPoolAlloc
    rtx_mempool.o(.text.svcRtxMemoryPoolFree) refers to rtx_thread.o(.text.osRtxThreadListGet) for osRtxThreadListGet
    rtx_mempool.o(.text.svcRtxMemoryPoolFree) refers to rtx_thread.o(.text.osRtxThreadWaitExit) for osRtxThreadWaitExit
    rtx_mempool.o(.ARM.exidx.text.svcRtxMemoryPoolFree) refers to rtx_mempool.o(.text.svcRtxMemoryPoolFree) for [Anonymous Symbol]
    rtx_mempool.o(.text.svcRtxMemoryPoolDelete) refers to rtx_thread.o(.text.osRtxThreadListGet) for osRtxThreadListGet
    rtx_mempool.o(.text.svcRtxMemoryPoolDelete) refers to rtx_thread.o(.text.osRtxThreadWaitExit) for osRtxThreadWaitExit
    rtx_mempool.o(.text.svcRtxMemoryPoolDelete) refers to rtx_thread.o(.text.osRtxThreadDispatch) for osRtxThreadDispatch
    rtx_mempool.o(.text.svcRtxMemoryPoolDelete) refers to rtx_memory.o(.text.osRtxMemoryFree) for osRtxMemoryFree
    rtx_mempool.o(.text.svcRtxMemoryPoolDelete) refers to rtx_mempool.o(.text.osRtxMemoryPoolFree) for osRtxMemoryPoolFree
    rtx_mempool.o(.text.svcRtxMemoryPoolDelete) refers to rtx_kernel.o(.data.os) for osRtxInfo
    rtx_mempool.o(.ARM.exidx.text.svcRtxMemoryPoolDelete) refers to rtx_mempool.o(.text.svcRtxMemoryPoolDelete) for [Anonymous Symbol]
    rtx_system.o(.text.osRtxTick_Handler) refers to os_systick.o(.text.OS_Tick_AcknowledgeIRQ) for OS_Tick_AcknowledgeIRQ
    rtx_system.o(.text.osRtxTick_Handler) refers to rtx_thread.o(.text.osRtxThreadDelayTick) for osRtxThreadDelayTick
    rtx_system.o(.text.osRtxTick_Handler) refers to rtx_thread.o(.text.osRtxThreadDispatch) for osRtxThreadDispatch
    rtx_system.o(.text.osRtxTick_Handler) refers to rtx_thread.o(.text.osRtxThreadListRemove) for osRtxThreadListRemove
    rtx_system.o(.text.osRtxTick_Handler) refers to rtx_thread.o(.text.osRtxThreadReadyPut) for osRtxThreadReadyPut
    rtx_system.o(.text.osRtxTick_Handler) refers to rtx_thread.o(.text.osRtxThreadSwitch) for osRtxThreadSwitch
    rtx_system.o(.text.osRtxTick_Handler) refers to rtx_kernel.o(.data.os) for osRtxInfo
    rtx_system.o(.ARM.exidx.text.osRtxTick_Handler) refers to rtx_system.o(.text.osRtxTick_Handler) for [Anonymous Symbol]
    rtx_system.o(.text.osRtxPendSV_Handler) refers to rtx_thread.o(.text.osRtxThreadDispatch) for osRtxThreadDispatch
    rtx_system.o(.text.osRtxPendSV_Handler) refers to rtx_kernel.o(.data.os) for osRtxInfo
    rtx_system.o(.ARM.exidx.text.osRtxPendSV_Handler) refers to rtx_system.o(.text.osRtxPendSV_Handler) for [Anonymous Symbol]
    rtx_system.o(.text.osRtxPostProcess) refers to rtx_config.o(i.osRtxErrorNotify) for osRtxErrorNotify
    rtx_system.o(.text.osRtxPostProcess) refers to rtx_kernel.o(.data.os) for osRtxInfo
    rtx_system.o(.ARM.exidx.text.osRtxPostProcess) refers to rtx_system.o(.text.osRtxPostProcess) for [Anonymous Symbol]
    os_systick.o(.text.OS_Tick_Setup) refers to uidiv.o(.text) for __aeabi_uidiv
    os_systick.o(.text.OS_Tick_Setup) refers to system_mkl25z4.o(.data) for SystemCoreClock
    os_systick.o(.text.OS_Tick_Setup) refers to os_systick.o(.bss.PendST) for [Anonymous Symbol]
    os_systick.o(.ARM.exidx.text.OS_Tick_Setup) refers to os_systick.o(.text.OS_Tick_Setup) for [Anonymous Symbol]
    os_systick.o(.text.OS_Tick_Enable) refers to os_systick.o(.bss.PendST) for [Anonymous Symbol]
    os_systick.o(.ARM.exidx.text.OS_Tick_Enable) refers to os_systick.o(.text.OS_Tick_Enable) for [Anonymous Symbol]
    os_systick.o(.text.OS_Tick_Disable) refers to os_systick.o(.bss.PendST) for [Anonymous Symbol]
    os_systick.o(.ARM.exidx.text.OS_Tick_Disable) refers to os_systick.o(.text.OS_Tick_Disable) for [Anonymous Symbol]
    os_systick.o(.ARM.exidx.text.OS_Tick_AcknowledgeIRQ) refers to os_systick.o(.text.OS_Tick_AcknowledgeIRQ) for [Anonymous Symbol]
    os_systick.o(.ARM.exidx.text.OS_Tick_GetIRQn) refers to os_systick.o(.text.OS_Tick_GetIRQn) for [Anonymous Symbol]
    os_systick.o(.text.OS_Tick_GetClock) refers to system_mkl25z4.o(.data) for SystemCoreClock
    os_systick.o(.ARM.exidx.text.OS_Tick_GetClock) refers to os_systick.o(.text.OS_Tick_GetClock) for [Anonymous Symbol]
    os_systick.o(.ARM.exidx.text.OS_Tick_GetInterval) refers to os_systick.o(.text.OS_Tick_GetInterval) for [Anonymous Symbol]
    os_systick.o(.ARM.exidx.text.OS_Tick_GetCount) refers to os_systick.o(.text.OS_Tick_GetCount) for [Anonymous Symbol]
    os_systick.o(.ARM.exidx.text.OS_Tick_GetOverflow) refers to os_systick.o(.text.OS_Tick_GetOverflow) for [Anonymous Symbol]
    entry.o(.ARM.Collect$$$$00000000) refers (Special) to entry10a.o(.ARM.Collect$$$$0000000D) for __rt_final_cpp
    entry.o(.ARM.Collect$$$$00000000) refers (Special) to entry11a.o(.ARM.Collect$$$$0000000F) for __rt_final_exit
    entry.o(.ARM.Collect$$$$00000000) refers (Special) to entry7b.o(.ARM.Collect$$$$00000008) for _main_clock
    entry.o(.ARM.Collect$$$$00000000) refers (Special) to entry8b.o(.ARM.Collect$$$$0000000A) for _main_cpp_init
    entry.o(.ARM.Collect$$$$00000000) refers (Special) to entry9a.o(.ARM.Collect$$$$0000000B) for _main_init
    entry.o(.ARM.Collect$$$$00000000) refers (Special) to entry5.o(.ARM.Collect$$$$00000004) for _main_scatterload
    entry.o(.ARM.Collect$$$$00000000) refers (Special) to entry2.o(.ARM.Collect$$$$00000001) for _main_stk
    idiv.o(.text) refers to uidiv.o(.text) for __aeabi_uidivmod
    fadd.o(.text) refers (Special) to iusefp.o(.text) for __I$use$fp
    fadd.o(.text) refers to fepilogue.o(.text) for _float_epilogue
    fdiv.o(.text) refers (Special) to iusefp.o(.text) for __I$use$fp
    fdiv.o(.text) refers to fepilogue.o(.text) for _float_round
    dmul.o(.text) refers (Special) to iusefp.o(.text) for __I$use$fp
    dmul.o(.text) refers to depilogue.o(.text) for _double_epilogue
    fflti.o(.text) refers (Special) to iusefp.o(.text) for __I$use$fp
    fflti.o(.text) refers to fepilogue.o(.text) for _float_epilogue
    dfltui.o(.text) refers (Special) to iusefp.o(.text) for __I$use$fp
    dfltui.o(.text) refers to depilogue.o(.text) for _double_epilogue
    ffixi.o(.text) refers (Special) to iusefp.o(.text) for __I$use$fp
    dfixui.o(.text) refers (Special) to iusefp.o(.text) for __I$use$fp
    dfixui.o(.text) refers to llushr.o(.text) for __aeabi_llsr
    entry2.o(.ARM.Collect$$$$00000001) refers to entry2.o(.ARM.Collect$$$$00002712) for __lit__00000000
    entry2.o(.ARM.Collect$$$$00002712) refers to startup_mkl25z4.o(STACK) for __initial_sp
    entry2.o(__vectab_stack_and_reset_area) refers to startup_mkl25z4.o(STACK) for __initial_sp
    entry2.o(__vectab_stack_and_reset_area) refers to entry.o(.ARM.Collect$$$$00000000) for __main
    entry5.o(.ARM.Collect$$$$00000004) refers to init.o(.text) for __scatterload
    entry9a.o(.ARM.Collect$$$$0000000B) refers to main.o(i.main) for main
    entry9b.o(.ARM.Collect$$$$0000000C) refers to main.o(i.main) for main
    depilogue.o(.text) refers to depilogue.o(i.__ARM_clz) for __ARM_clz
    depilogue.o(.text) refers to llshl.o(.text) for __aeabi_llsl
    depilogue.o(.text) refers to llushr.o(.text) for __aeabi_llsr
    init.o(.text) refers to entry5.o(.ARM.Collect$$$$00000004) for __main_after_scatterload


==============================================================================

Removing Unused input sections from the image.

    Removing main.o(.rev16_text), (4 bytes).
    Removing main.o(.revsh_text), (4 bytes).
    Removing main.o(i.ALL_LED_OFF), (12 bytes).
    Removing main.o(i.GREEN_LED_CONNECT), (50 bytes).
    Removing main.o(i.GREEN_LED_Moving), (368 bytes).
    Removing main.o(i.GREEN_LED_Stationary), (60 bytes).
    Removing main.o(i.OFF_ALL_GREEN_LEDS), (44 bytes).
    Removing main.o(i.ON_ALL_GREEN_LEDS), (44 bytes).
    Removing main.o(i.Q_Dequeue), (48 bytes).
    Removing main.o(i.Q_Empty), (16 bytes).
    Removing main.o(i.Q_Init), (24 bytes).
    Removing main.o(i.RED_LED_Moving), (60 bytes).
    Removing main.o(i.RED_LED_OFF_250), (20 bytes).
    Removing main.o(i.RED_LED_OFF_500), (24 bytes).
    Removing main.o(i.RED_LED_ON_250), (20 bytes).
    Removing main.o(i.RED_LED_ON_500), (24 bytes).
    Removing main.o(i.RED_LED_Stationary), (60 bytes).
    Removing main.o(i.UART_decode), (632 bytes).
    Removing main.o(i.__NVIC_SetPriority), (120 bytes).
    Removing main.o(i.calcModValue), (24 bytes).
    Removing main.o(i.delay), (20 bytes).
    Removing main.o(i.end_challenge), (68 bytes).
    Removing main.o(i.forwardFL), (184 bytes).
    Removing main.o(i.forwardFR), (188 bytes).
    Removing main.o(i.forwardRL), (188 bytes).
    Removing main.o(i.forwardRR), (188 bytes).
    Removing main.o(i.generateEndNote), (32 bytes).
    Removing main.o(i.generateFullNote), (32 bytes).
    Removing main.o(i.generateHalfNote), (28 bytes).
    Removing main.o(i.generateRest), (12 bytes).
    Removing main.o(i.generateSignal), (48 bytes).
    Removing main.o(i.generate_melody), (280 bytes).
    Removing main.o(i.initGPIO), (556 bytes).
    Removing main.o(i.initUART2), (196 bytes).
    Removing main.o(i.moveForward), (32 bytes).
    Removing main.o(i.move_backward), (56 bytes).
    Removing main.o(i.move_forward), (64 bytes).
    Removing main.o(i.stop_movement), (20 bytes).
    Removing main.o(i.turnLeft), (32 bytes).
    Removing main.o(i.turnRight), (32 bytes).
    Removing main.o(i.turn_left), (56 bytes).
    Removing main.o(i.turn_right), (56 bytes).
    Removing main.o(.constdata), (72 bytes).
    Removing rtx_lib.o(.rev16_text), (4 bytes).
    Removing rtx_lib.o(.revsh_text), (4 bytes).
    Removing rtx_lib.o(.data), (4 bytes).
    Removing rtx_config.o(.rev16_text), (4 bytes).
    Removing rtx_config.o(.revsh_text), (4 bytes).
    Removing rtx_config.o(i.osRtxIdleThread), (4 bytes).
    Removing startup_mkl25z4.o(HEAP), (0 bytes).
    Removing system_mkl25z4.o(.rev16_text), (4 bytes).
    Removing system_mkl25z4.o(.revsh_text), (4 bytes).
    Removing rtx_thread.o(.text), (0 bytes).
    Removing rtx_thread.o(.ARM.exidx.text.osRtxThreadListPut), (8 bytes).
    Removing rtx_thread.o(.text.osRtxThreadListGet), (20 bytes).
    Removing rtx_thread.o(.ARM.exidx.text.osRtxThreadListGet), (8 bytes).
    Removing rtx_thread.o(.text.osRtxThreadListSort), (38 bytes).
    Removing rtx_thread.o(.ARM.exidx.text.osRtxThreadListSort), (8 bytes).
    Removing rtx_thread.o(.ARM.exidx.text.osRtxThreadListRemove), (8 bytes).
    Removing rtx_thread.o(.ARM.exidx.text.osRtxThreadReadyPut), (8 bytes).
    Removing rtx_thread.o(.ARM.exidx.text.osRtxThreadDelayTick), (8 bytes).
    Removing rtx_thread.o(.text.osRtxThreadRegPtr), (6 bytes).
    Removing rtx_thread.o(.ARM.exidx.text.osRtxThreadRegPtr), (8 bytes).
    Removing rtx_thread.o(.ARM.exidx.text.osRtxThreadSwitch), (8 bytes).
    Removing rtx_thread.o(.ARM.exidx.text.osRtxThreadStackCheck), (8 bytes).
    Removing rtx_thread.o(.ARM.exidx.text.osRtxThreadDispatch), (8 bytes).
    Removing rtx_thread.o(.ARM.exidx.text.osRtxThreadBlock), (8 bytes).
    Removing rtx_thread.o(.ARM.exidx.text.osRtxThreadWaitExit), (8 bytes).
    Removing rtx_thread.o(.ARM.exidx.text.osRtxThreadDelayRemove), (8 bytes).
    Removing rtx_thread.o(.ARM.exidx.text.osRtxThreadWaitEnter), (8 bytes).
    Removing rtx_thread.o(.ARM.exidx.text.osRtxThreadDelayInsert), (8 bytes).
    Removing rtx_thread.o(.text.osRtxThreadStartup), (64 bytes).
    Removing rtx_thread.o(.ARM.exidx.text.osRtxThreadStartup), (8 bytes).
    Removing rtx_thread.o(.text.svcRtxThreadNew), (492 bytes).
    Removing rtx_thread.o(.ARM.exidx.text.svcRtxThreadNew), (8 bytes).
    Removing rtx_thread.o(.text.osThreadNew), (36 bytes).
    Removing rtx_thread.o(.ARM.exidx.text.osThreadNew), (8 bytes).
    Removing rtx_thread.o(.text.osThreadGetName), (36 bytes).
    Removing rtx_thread.o(.ARM.exidx.text.osThreadGetName), (8 bytes).
    Removing rtx_thread.o(.text.osThreadGetId), (40 bytes).
    Removing rtx_thread.o(.ARM.exidx.text.osThreadGetId), (8 bytes).
    Removing rtx_thread.o(.text.svcRtxThreadGetId), (12 bytes).
    Removing rtx_thread.o(.ARM.exidx.text.svcRtxThreadGetId), (8 bytes).
    Removing rtx_thread.o(.text.osThreadGetState), (40 bytes).
    Removing rtx_thread.o(.ARM.exidx.text.osThreadGetState), (8 bytes).
    Removing rtx_thread.o(.text.osThreadGetStackSize), (36 bytes).
    Removing rtx_thread.o(.ARM.exidx.text.osThreadGetStackSize), (8 bytes).
    Removing rtx_thread.o(.text.osThreadGetStackSpace), (36 bytes).
    Removing rtx_thread.o(.ARM.exidx.text.osThreadGetStackSpace), (8 bytes).
    Removing rtx_thread.o(.text.osThreadSetPriority), (40 bytes).
    Removing rtx_thread.o(.ARM.exidx.text.osThreadSetPriority), (8 bytes).
    Removing rtx_thread.o(.text.osThreadGetPriority), (40 bytes).
    Removing rtx_thread.o(.ARM.exidx.text.osThreadGetPriority), (8 bytes).
    Removing rtx_thread.o(.text.osThreadYield), (36 bytes).
    Removing rtx_thread.o(.ARM.exidx.text.osThreadYield), (8 bytes).
    Removing rtx_thread.o(.text.osThreadSuspend), (40 bytes).
    Removing rtx_thread.o(.ARM.exidx.text.osThreadSuspend), (8 bytes).
    Removing rtx_thread.o(.text.osThreadResume), (40 bytes).
    Removing rtx_thread.o(.ARM.exidx.text.osThreadResume), (8 bytes).
    Removing rtx_thread.o(.text.osThreadDetach), (40 bytes).
    Removing rtx_thread.o(.ARM.exidx.text.osThreadDetach), (8 bytes).
    Removing rtx_thread.o(.text.osThreadJoin), (40 bytes).
    Removing rtx_thread.o(.ARM.exidx.text.osThreadJoin), (8 bytes).
    Removing rtx_thread.o(.text.osThreadExit), (12 bytes).
    Removing rtx_thread.o(.ARM.exidx.text.osThreadExit), (8 bytes).
    Removing rtx_thread.o(.text.osThreadTerminate), (40 bytes).
    Removing rtx_thread.o(.ARM.exidx.text.osThreadTerminate), (8 bytes).
    Removing rtx_thread.o(.text.osThreadGetCount), (32 bytes).
    Removing rtx_thread.o(.ARM.exidx.text.osThreadGetCount), (8 bytes).
    Removing rtx_thread.o(.text.osThreadEnumerate), (36 bytes).
    Removing rtx_thread.o(.ARM.exidx.text.osThreadEnumerate), (8 bytes).
    Removing rtx_thread.o(.ARM.exidx.text.osThreadFlagsSet), (8 bytes).
    Removing rtx_thread.o(.text.osThreadFlagsClear), (40 bytes).
    Removing rtx_thread.o(.ARM.exidx.text.osThreadFlagsClear), (8 bytes).
    Removing rtx_thread.o(.text.osThreadFlagsGet), (32 bytes).
    Removing rtx_thread.o(.ARM.exidx.text.osThreadFlagsGet), (8 bytes).
    Removing rtx_thread.o(.text.osThreadFlagsWait), (40 bytes).
    Removing rtx_thread.o(.ARM.exidx.text.osThreadFlagsWait), (8 bytes).
    Removing rtx_thread.o(.text.osRtxThreadPostProcess), (38 bytes).
    Removing rtx_thread.o(.ARM.exidx.text.osRtxThreadPostProcess), (8 bytes).
    Removing rtx_thread.o(.ARM.exidx.text.ThreadFlagsCheck), (8 bytes).
    Removing rtx_thread.o(.text.svcRtxThreadGetName), (18 bytes).
    Removing rtx_thread.o(.ARM.exidx.text.svcRtxThreadGetName), (8 bytes).
    Removing rtx_thread.o(.text.svcRtxThreadGetState), (24 bytes).
    Removing rtx_thread.o(.ARM.exidx.text.svcRtxThreadGetState), (8 bytes).
    Removing rtx_thread.o(.text.svcRtxThreadGetStackSize), (18 bytes).
    Removing rtx_thread.o(.ARM.exidx.text.svcRtxThreadGetStackSize), (8 bytes).
    Removing rtx_thread.o(.text.svcRtxThreadGetStackSpace), (68 bytes).
    Removing rtx_thread.o(.ARM.exidx.text.svcRtxThreadGetStackSpace), (8 bytes).
    Removing rtx_thread.o(.text.svcRtxThreadSetPriority), (72 bytes).
    Removing rtx_thread.o(.ARM.exidx.text.svcRtxThreadSetPriority), (8 bytes).
    Removing rtx_thread.o(.text.svcRtxThreadGetPriority), (28 bytes).
    Removing rtx_thread.o(.ARM.exidx.text.svcRtxThreadGetPriority), (8 bytes).
    Removing rtx_thread.o(.text.svcRtxThreadYield), (56 bytes).
    Removing rtx_thread.o(.ARM.exidx.text.svcRtxThreadYield), (8 bytes).
    Removing rtx_thread.o(.text.svcRtxThreadSuspend), (136 bytes).
    Removing rtx_thread.o(.ARM.exidx.text.svcRtxThreadSuspend), (8 bytes).
    Removing rtx_thread.o(.text.svcRtxThreadResume), (54 bytes).
    Removing rtx_thread.o(.ARM.exidx.text.svcRtxThreadResume), (8 bytes).
    Removing rtx_thread.o(.text.svcRtxThreadDetach), (58 bytes).
    Removing rtx_thread.o(.ARM.exidx.text.svcRtxThreadDetach), (8 bytes).
    Removing rtx_thread.o(.text.osRtxThreadListUnlink), (36 bytes).
    Removing rtx_thread.o(.ARM.exidx.text.osRtxThreadListUnlink), (8 bytes).
    Removing rtx_thread.o(.text.osRtxThreadFree), (84 bytes).
    Removing rtx_thread.o(.ARM.exidx.text.osRtxThreadFree), (8 bytes).
    Removing rtx_thread.o(.text.svcRtxThreadJoin), (92 bytes).
    Removing rtx_thread.o(.ARM.exidx.text.svcRtxThreadJoin), (8 bytes).
    Removing rtx_thread.o(.text.svcRtxThreadExit), (108 bytes).
    Removing rtx_thread.o(.ARM.exidx.text.svcRtxThreadExit), (8 bytes).
    Removing rtx_thread.o(.text.svcRtxThreadTerminate), (188 bytes).
    Removing rtx_thread.o(.ARM.exidx.text.svcRtxThreadTerminate), (8 bytes).
    Removing rtx_thread.o(.text.svcRtxThreadGetCount), (56 bytes).
    Removing rtx_thread.o(.ARM.exidx.text.svcRtxThreadGetCount), (8 bytes).
    Removing rtx_thread.o(.text.svcRtxThreadEnumerate), (96 bytes).
    Removing rtx_thread.o(.ARM.exidx.text.svcRtxThreadEnumerate), (8 bytes).
    Removing rtx_thread.o(.ARM.exidx.text.svcRtxThreadFlagsSet), (8 bytes).
    Removing rtx_thread.o(.text.svcRtxThreadFlagsClear), (56 bytes).
    Removing rtx_thread.o(.ARM.exidx.text.svcRtxThreadFlagsClear), (8 bytes).
    Removing rtx_thread.o(.text.svcRtxThreadFlagsGet), (20 bytes).
    Removing rtx_thread.o(.ARM.exidx.text.svcRtxThreadFlagsGet), (8 bytes).
    Removing rtx_thread.o(.text.svcRtxThreadFlagsWait), (80 bytes).
    Removing rtx_thread.o(.ARM.exidx.text.svcRtxThreadFlagsWait), (8 bytes).
    Removing rtx_delay.o(.text), (0 bytes).
    Removing rtx_delay.o(.ARM.exidx.text.osDelay), (8 bytes).
    Removing rtx_delay.o(.text.osDelayUntil), (40 bytes).
    Removing rtx_delay.o(.ARM.exidx.text.osDelayUntil), (8 bytes).
    Removing rtx_delay.o(.ARM.exidx.text.svcRtxDelay), (8 bytes).
    Removing rtx_delay.o(.text.svcRtxDelayUntil), (32 bytes).
    Removing rtx_delay.o(.ARM.exidx.text.svcRtxDelayUntil), (8 bytes).
    Removing rtx_msgqueue.o(.text), (0 bytes).
    Removing rtx_msgqueue.o(.text.osMessageQueueNew), (36 bytes).
    Removing rtx_msgqueue.o(.ARM.exidx.text.osMessageQueueNew), (8 bytes).
    Removing rtx_msgqueue.o(.text.osMessageQueueGetName), (36 bytes).
    Removing rtx_msgqueue.o(.ARM.exidx.text.osMessageQueueGetName), (8 bytes).
    Removing rtx_msgqueue.o(.text.osMessageQueuePut), (120 bytes).
    Removing rtx_msgqueue.o(.ARM.exidx.text.osMessageQueuePut), (8 bytes).
    Removing rtx_msgqueue.o(.text.osMessageQueueGet), (116 bytes).
    Removing rtx_msgqueue.o(.ARM.exidx.text.osMessageQueueGet), (8 bytes).
    Removing rtx_msgqueue.o(.text.osMessageQueueGetCapacity), (48 bytes).
    Removing rtx_msgqueue.o(.ARM.exidx.text.osMessageQueueGetCapacity), (8 bytes).
    Removing rtx_msgqueue.o(.text.svcRtxMessageQueueGetCapacity), (18 bytes).
    Removing rtx_msgqueue.o(.ARM.exidx.text.svcRtxMessageQueueGetCapacity), (8 bytes).
    Removing rtx_msgqueue.o(.text.osMessageQueueGetMsgSize), (48 bytes).
    Removing rtx_msgqueue.o(.ARM.exidx.text.osMessageQueueGetMsgSize), (8 bytes).
    Removing rtx_msgqueue.o(.text.svcRtxMessageQueueGetMsgSize), (18 bytes).
    Removing rtx_msgqueue.o(.ARM.exidx.text.svcRtxMessageQueueGetMsgSize), (8 bytes).
    Removing rtx_msgqueue.o(.text.osMessageQueueGetCount), (48 bytes).
    Removing rtx_msgqueue.o(.ARM.exidx.text.osMessageQueueGetCount), (8 bytes).
    Removing rtx_msgqueue.o(.text.svcRtxMessageQueueGetCount), (18 bytes).
    Removing rtx_msgqueue.o(.ARM.exidx.text.svcRtxMessageQueueGetCount), (8 bytes).
    Removing rtx_msgqueue.o(.text.osMessageQueueGetSpace), (36 bytes).
    Removing rtx_msgqueue.o(.ARM.exidx.text.osMessageQueueGetSpace), (8 bytes).
    Removing rtx_msgqueue.o(.text.svcRtxMessageQueueGetSpace), (22 bytes).
    Removing rtx_msgqueue.o(.ARM.exidx.text.svcRtxMessageQueueGetSpace), (8 bytes).
    Removing rtx_msgqueue.o(.text.osMessageQueueReset), (40 bytes).
    Removing rtx_msgqueue.o(.ARM.exidx.text.osMessageQueueReset), (8 bytes).
    Removing rtx_msgqueue.o(.text.osMessageQueueDelete), (40 bytes).
    Removing rtx_msgqueue.o(.ARM.exidx.text.osMessageQueueDelete), (8 bytes).
    Removing rtx_msgqueue.o(.text.svcRtxMessageQueueNew), (484 bytes).
    Removing rtx_msgqueue.o(.ARM.exidx.text.svcRtxMessageQueueNew), (8 bytes).
    Removing rtx_msgqueue.o(.text.osRtxMessageQueuePostProcess), (188 bytes).
    Removing rtx_msgqueue.o(.ARM.exidx.text.osRtxMessageQueuePostProcess), (8 bytes).
    Removing rtx_msgqueue.o(.text.MessageQueueRemove), (30 bytes).
    Removing rtx_msgqueue.o(.ARM.exidx.text.MessageQueueRemove), (8 bytes).
    Removing rtx_msgqueue.o(.text.MessageQueuePut), (98 bytes).
    Removing rtx_msgqueue.o(.ARM.exidx.text.MessageQueuePut), (8 bytes).
    Removing rtx_msgqueue.o(.text.svcRtxMessageQueueGetName), (18 bytes).
    Removing rtx_msgqueue.o(.ARM.exidx.text.svcRtxMessageQueueGetName), (8 bytes).
    Removing rtx_msgqueue.o(.text.svcRtxMessageQueuePut), (188 bytes).
    Removing rtx_msgqueue.o(.ARM.exidx.text.svcRtxMessageQueuePut), (8 bytes).
    Removing rtx_msgqueue.o(.text.MessageQueueGet), (76 bytes).
    Removing rtx_msgqueue.o(.ARM.exidx.text.MessageQueueGet), (8 bytes).
    Removing rtx_msgqueue.o(.text.svcRtxMessageQueueGet), (232 bytes).
    Removing rtx_msgqueue.o(.ARM.exidx.text.svcRtxMessageQueueGet), (8 bytes).
    Removing rtx_msgqueue.o(.text.svcRtxMessageQueueReset), (162 bytes).
    Removing rtx_msgqueue.o(.ARM.exidx.text.svcRtxMessageQueueReset), (8 bytes).
    Removing rtx_msgqueue.o(.text.svcRtxMessageQueueDelete), (112 bytes).
    Removing rtx_msgqueue.o(.ARM.exidx.text.svcRtxMessageQueueDelete), (8 bytes).
    Removing irq_cm0.o(.constdata), (1 bytes).
    Removing rtx_kernel.o(.text), (0 bytes).
    Removing rtx_kernel.o(.text.osRtxKernelPreInit), (2 bytes).
    Removing rtx_kernel.o(.ARM.exidx.text.osRtxKernelPreInit), (8 bytes).
    Removing rtx_kernel.o(.text.osKernelInitialize), (40 bytes).
    Removing rtx_kernel.o(.ARM.exidx.text.osKernelInitialize), (8 bytes).
    Removing rtx_kernel.o(.text.osKernelGetInfo), (44 bytes).
    Removing rtx_kernel.o(.ARM.exidx.text.osKernelGetInfo), (8 bytes).
    Removing rtx_kernel.o(.text.svcRtxKernelGetInfo), (56 bytes).
    Removing rtx_kernel.o(.ARM.exidx.text.svcRtxKernelGetInfo), (8 bytes).
    Removing rtx_kernel.o(.text.osKernelGetState), (48 bytes).
    Removing rtx_kernel.o(.ARM.exidx.text.osKernelGetState), (8 bytes).
    Removing rtx_kernel.o(.text.svcRtxKernelGetState), (12 bytes).
    Removing rtx_kernel.o(.ARM.exidx.text.svcRtxKernelGetState), (8 bytes).
    Removing rtx_kernel.o(.text.osKernelStart), (36 bytes).
    Removing rtx_kernel.o(.ARM.exidx.text.osKernelStart), (8 bytes).
    Removing rtx_kernel.o(.text.osKernelLock), (36 bytes).
    Removing rtx_kernel.o(.ARM.exidx.text.osKernelLock), (8 bytes).
    Removing rtx_kernel.o(.text.osKernelUnlock), (36 bytes).
    Removing rtx_kernel.o(.ARM.exidx.text.osKernelUnlock), (8 bytes).
    Removing rtx_kernel.o(.text.osKernelRestoreLock), (40 bytes).
    Removing rtx_kernel.o(.ARM.exidx.text.osKernelRestoreLock), (8 bytes).
    Removing rtx_kernel.o(.text.osKernelSuspend), (32 bytes).
    Removing rtx_kernel.o(.ARM.exidx.text.osKernelSuspend), (8 bytes).
    Removing rtx_kernel.o(.text.osKernelResume), (32 bytes).
    Removing rtx_kernel.o(.ARM.exidx.text.osKernelResume), (8 bytes).
    Removing rtx_kernel.o(.text.osKernelGetTickCount), (40 bytes).
    Removing rtx_kernel.o(.ARM.exidx.text.osKernelGetTickCount), (8 bytes).
    Removing rtx_kernel.o(.text.svcRtxKernelGetTickCount), (12 bytes).
    Removing rtx_kernel.o(.ARM.exidx.text.svcRtxKernelGetTickCount), (8 bytes).
    Removing rtx_kernel.o(.text.osKernelGetTickFreq), (40 bytes).
    Removing rtx_kernel.o(.ARM.exidx.text.osKernelGetTickFreq), (8 bytes).
    Removing rtx_kernel.o(.text.svcRtxKernelGetTickFreq), (12 bytes).
    Removing rtx_kernel.o(.ARM.exidx.text.svcRtxKernelGetTickFreq), (8 bytes).
    Removing rtx_kernel.o(.text.osKernelGetSysTimerCount), (36 bytes).
    Removing rtx_kernel.o(.ARM.exidx.text.osKernelGetSysTimerCount), (8 bytes).
    Removing rtx_kernel.o(.text.svcRtxKernelGetSysTimerCount), (44 bytes).
    Removing rtx_kernel.o(.ARM.exidx.text.svcRtxKernelGetSysTimerCount), (8 bytes).
    Removing rtx_kernel.o(.text.osKernelGetSysTimerFreq), (36 bytes).
    Removing rtx_kernel.o(.ARM.exidx.text.osKernelGetSysTimerFreq), (8 bytes).
    Removing rtx_kernel.o(.text.svcRtxKernelGetSysTimerFreq), (8 bytes).
    Removing rtx_kernel.o(.ARM.exidx.text.svcRtxKernelGetSysTimerFreq), (8 bytes).
    Removing rtx_kernel.o(.text.svcRtxKernelInitialize), (328 bytes).
    Removing rtx_kernel.o(.ARM.exidx.text.svcRtxKernelInitialize), (8 bytes).
    Removing rtx_kernel.o(.text.svcRtxKernelStart), (132 bytes).
    Removing rtx_kernel.o(.ARM.exidx.text.svcRtxKernelStart), (8 bytes).
    Removing rtx_kernel.o(.text.svcRtxKernelLock), (36 bytes).
    Removing rtx_kernel.o(.ARM.exidx.text.svcRtxKernelLock), (8 bytes).
    Removing rtx_kernel.o(.text.svcRtxKernelUnlock), (36 bytes).
    Removing rtx_kernel.o(.ARM.exidx.text.svcRtxKernelUnlock), (8 bytes).
    Removing rtx_kernel.o(.text.svcRtxKernelRestoreLock), (48 bytes).
    Removing rtx_kernel.o(.ARM.exidx.text.svcRtxKernelRestoreLock), (8 bytes).
    Removing rtx_kernel.o(.text.svcRtxKernelSuspend), (84 bytes).
    Removing rtx_kernel.o(.ARM.exidx.text.svcRtxKernelSuspend), (8 bytes).
    Removing rtx_kernel.o(.text.svcRtxKernelResume), (136 bytes).
    Removing rtx_kernel.o(.ARM.exidx.text.svcRtxKernelResume), (8 bytes).
    Removing rtx_timer.o(.text), (0 bytes).
    Removing rtx_timer.o(.text.osRtxTimerThread), (60 bytes).
    Removing rtx_timer.o(.ARM.exidx.text.osRtxTimerThread), (8 bytes).
    Removing rtx_timer.o(.text.osRtxTimerTick), (96 bytes).
    Removing rtx_timer.o(.ARM.exidx.text.osRtxTimerTick), (8 bytes).
    Removing rtx_timer.o(.text.osTimerNew), (36 bytes).
    Removing rtx_timer.o(.ARM.exidx.text.osTimerNew), (8 bytes).
    Removing rtx_timer.o(.text.osTimerGetName), (36 bytes).
    Removing rtx_timer.o(.ARM.exidx.text.osTimerGetName), (8 bytes).
    Removing rtx_timer.o(.text.osTimerStart), (40 bytes).
    Removing rtx_timer.o(.ARM.exidx.text.osTimerStart), (8 bytes).
    Removing rtx_timer.o(.text.osTimerStop), (40 bytes).
    Removing rtx_timer.o(.ARM.exidx.text.osTimerStop), (8 bytes).
    Removing rtx_timer.o(.text.osTimerIsRunning), (36 bytes).
    Removing rtx_timer.o(.ARM.exidx.text.osTimerIsRunning), (8 bytes).
    Removing rtx_timer.o(.text.osTimerDelete), (40 bytes).
    Removing rtx_timer.o(.ARM.exidx.text.osTimerDelete), (8 bytes).
    Removing rtx_timer.o(.text.TimerInsert), (76 bytes).
    Removing rtx_timer.o(.ARM.exidx.text.TimerInsert), (8 bytes).
    Removing rtx_timer.o(.text.svcRtxTimerNew), (132 bytes).
    Removing rtx_timer.o(.ARM.exidx.text.svcRtxTimerNew), (8 bytes).
    Removing rtx_timer.o(.text.svcRtxTimerGetName), (18 bytes).
    Removing rtx_timer.o(.ARM.exidx.text.svcRtxTimerGetName), (8 bytes).
    Removing rtx_timer.o(.text.svcRtxTimerStart), (72 bytes).
    Removing rtx_timer.o(.ARM.exidx.text.svcRtxTimerStart), (8 bytes).
    Removing rtx_timer.o(.text.TimerRemove), (40 bytes).
    Removing rtx_timer.o(.ARM.exidx.text.TimerRemove), (8 bytes).
    Removing rtx_timer.o(.text.svcRtxTimerStop), (42 bytes).
    Removing rtx_timer.o(.ARM.exidx.text.svcRtxTimerStop), (8 bytes).
    Removing rtx_timer.o(.text.svcRtxTimerIsRunning), (24 bytes).
    Removing rtx_timer.o(.ARM.exidx.text.svcRtxTimerIsRunning), (8 bytes).
    Removing rtx_timer.o(.text.svcRtxTimerDelete), (76 bytes).
    Removing rtx_timer.o(.ARM.exidx.text.svcRtxTimerDelete), (8 bytes).
    Removing rtx_mutex.o(.text), (0 bytes).
    Removing rtx_mutex.o(.text.osRtxMutexOwnerRelease), (68 bytes).
    Removing rtx_mutex.o(.ARM.exidx.text.osRtxMutexOwnerRelease), (8 bytes).
    Removing rtx_mutex.o(.text.osMutexNew), (36 bytes).
    Removing rtx_mutex.o(.ARM.exidx.text.osMutexNew), (8 bytes).
    Removing rtx_mutex.o(.text.osMutexGetName), (36 bytes).
    Removing rtx_mutex.o(.ARM.exidx.text.osMutexGetName), (8 bytes).
    Removing rtx_mutex.o(.text.osMutexAcquire), (40 bytes).
    Removing rtx_mutex.o(.ARM.exidx.text.osMutexAcquire), (8 bytes).
    Removing rtx_mutex.o(.text.osMutexRelease), (40 bytes).
    Removing rtx_mutex.o(.ARM.exidx.text.osMutexRelease), (8 bytes).
    Removing rtx_mutex.o(.text.osMutexGetOwner), (36 bytes).
    Removing rtx_mutex.o(.ARM.exidx.text.osMutexGetOwner), (8 bytes).
    Removing rtx_mutex.o(.text.osMutexDelete), (40 bytes).
    Removing rtx_mutex.o(.ARM.exidx.text.osMutexDelete), (8 bytes).
    Removing rtx_mutex.o(.text.svcRtxMutexNew), (112 bytes).
    Removing rtx_mutex.o(.ARM.exidx.text.svcRtxMutexNew), (8 bytes).
    Removing rtx_mutex.o(.text.svcRtxMutexGetName), (18 bytes).
    Removing rtx_mutex.o(.ARM.exidx.text.svcRtxMutexGetName), (8 bytes).
    Removing rtx_mutex.o(.text.svcRtxMutexAcquire), (152 bytes).
    Removing rtx_mutex.o(.ARM.exidx.text.svcRtxMutexAcquire), (8 bytes).
    Removing rtx_mutex.o(.text.svcRtxMutexRelease), (192 bytes).
    Removing rtx_mutex.o(.ARM.exidx.text.svcRtxMutexRelease), (8 bytes).
    Removing rtx_mutex.o(.text.svcRtxMutexGetOwner), (24 bytes).
    Removing rtx_mutex.o(.ARM.exidx.text.svcRtxMutexGetOwner), (8 bytes).
    Removing rtx_mutex.o(.text.svcRtxMutexDelete), (188 bytes).
    Removing rtx_mutex.o(.ARM.exidx.text.svcRtxMutexDelete), (8 bytes).
    Removing rtx_memory.o(.text), (0 bytes).
    Removing rtx_memory.o(.text.osRtxMemoryInit), (50 bytes).
    Removing rtx_memory.o(.ARM.exidx.text.osRtxMemoryInit), (8 bytes).
    Removing rtx_memory.o(.text.osRtxMemoryAlloc), (124 bytes).
    Removing rtx_memory.o(.ARM.exidx.text.osRtxMemoryAlloc), (8 bytes).
    Removing rtx_memory.o(.text.osRtxMemoryFree), (78 bytes).
    Removing rtx_memory.o(.ARM.exidx.text.osRtxMemoryFree), (8 bytes).
    Removing rtx_mempool.o(.text), (0 bytes).
    Removing rtx_mempool.o(.text.osRtxMemoryPoolInit), (62 bytes).
    Removing rtx_mempool.o(.ARM.exidx.text.osRtxMemoryPoolInit), (8 bytes).
    Removing rtx_mempool.o(.text.osRtxMemoryPoolAlloc), (46 bytes).
    Removing rtx_mempool.o(.ARM.exidx.text.osRtxMemoryPoolAlloc), (8 bytes).
    Removing rtx_mempool.o(.text.osRtxMemoryPoolFree), (58 bytes).
    Removing rtx_mempool.o(.ARM.exidx.text.osRtxMemoryPoolFree), (8 bytes).
    Removing rtx_mempool.o(.text.osMemoryPoolNew), (36 bytes).
    Removing rtx_mempool.o(.ARM.exidx.text.osMemoryPoolNew), (8 bytes).
    Removing rtx_mempool.o(.text.osMemoryPoolGetName), (36 bytes).
    Removing rtx_mempool.o(.ARM.exidx.text.osMemoryPoolGetName), (8 bytes).
    Removing rtx_mempool.o(.text.osMemoryPoolAlloc), (56 bytes).
    Removing rtx_mempool.o(.ARM.exidx.text.osMemoryPoolAlloc), (8 bytes).
    Removing rtx_mempool.o(.text.osMemoryPoolFree), (72 bytes).
    Removing rtx_mempool.o(.ARM.exidx.text.osMemoryPoolFree), (8 bytes).
    Removing rtx_mempool.o(.text.osMemoryPoolGetCapacity), (48 bytes).
    Removing rtx_mempool.o(.ARM.exidx.text.osMemoryPoolGetCapacity), (8 bytes).
    Removing rtx_mempool.o(.text.svcRtxMemoryPoolGetCapacity), (18 bytes).
    Removing rtx_mempool.o(.ARM.exidx.text.svcRtxMemoryPoolGetCapacity), (8 bytes).
    Removing rtx_mempool.o(.text.osMemoryPoolGetBlockSize), (48 bytes).
    Removing rtx_mempool.o(.ARM.exidx.text.osMemoryPoolGetBlockSize), (8 bytes).
    Removing rtx_mempool.o(.text.svcRtxMemoryPoolGetBlockSize), (18 bytes).
    Removing rtx_mempool.o(.ARM.exidx.text.svcRtxMemoryPoolGetBlockSize), (8 bytes).
    Removing rtx_mempool.o(.text.osMemoryPoolGetCount), (48 bytes).
    Removing rtx_mempool.o(.ARM.exidx.text.osMemoryPoolGetCount), (8 bytes).
    Removing rtx_mempool.o(.text.svcRtxMemoryPoolGetCount), (18 bytes).
    Removing rtx_mempool.o(.ARM.exidx.text.svcRtxMemoryPoolGetCount), (8 bytes).
    Removing rtx_mempool.o(.text.osMemoryPoolGetSpace), (36 bytes).
    Removing rtx_mempool.o(.ARM.exidx.text.osMemoryPoolGetSpace), (8 bytes).
    Removing rtx_mempool.o(.text.svcRtxMemoryPoolGetSpace), (22 bytes).
    Removing rtx_mempool.o(.ARM.exidx.text.svcRtxMemoryPoolGetSpace), (8 bytes).
    Removing rtx_mempool.o(.text.osMemoryPoolDelete), (40 bytes).
    Removing rtx_mempool.o(.ARM.exidx.text.osMemoryPoolDelete), (8 bytes).
    Removing rtx_mempool.o(.text.svcRtxMemoryPoolNew), (444 bytes).
    Removing rtx_mempool.o(.ARM.exidx.text.svcRtxMemoryPoolNew), (8 bytes).
    Removing rtx_mempool.o(.text.osRtxMemoryPoolPostProcess), (40 bytes).
    Removing rtx_mempool.o(.ARM.exidx.text.osRtxMemoryPoolPostProcess), (8 bytes).
    Removing rtx_mempool.o(.text.svcRtxMemoryPoolGetName), (18 bytes).
    Removing rtx_mempool.o(.ARM.exidx.text.svcRtxMemoryPoolGetName), (8 bytes).
    Removing rtx_mempool.o(.text.svcRtxMemoryPoolAlloc), (64 bytes).
    Removing rtx_mempool.o(.ARM.exidx.text.svcRtxMemoryPoolAlloc), (8 bytes).
    Removing rtx_mempool.o(.text.svcRtxMemoryPoolFree), (72 bytes).
    Removing rtx_mempool.o(.ARM.exidx.text.svcRtxMemoryPoolFree), (8 bytes).
    Removing rtx_mempool.o(.text.svcRtxMemoryPoolDelete), (112 bytes).
    Removing rtx_mempool.o(.ARM.exidx.text.svcRtxMemoryPoolDelete), (8 bytes).
    Removing rtx_system.o(.text), (0 bytes).
    Removing rtx_system.o(.ARM.exidx.text.osRtxTick_Handler), (8 bytes).
    Removing rtx_system.o(.ARM.exidx.text.osRtxPendSV_Handler), (8 bytes).
    Removing rtx_system.o(.ARM.exidx.text.osRtxPostProcess), (8 bytes).
    Removing os_systick.o(.text), (0 bytes).
    Removing os_systick.o(.text.OS_Tick_Setup), (76 bytes).
    Removing os_systick.o(.ARM.exidx.text.OS_Tick_Setup), (8 bytes).
    Removing os_systick.o(.text.OS_Tick_Enable), (44 bytes).
    Removing os_systick.o(.ARM.exidx.text.OS_Tick_Enable), (8 bytes).
    Removing os_systick.o(.text.OS_Tick_Disable), (40 bytes).
    Removing os_systick.o(.ARM.exidx.text.OS_Tick_Disable), (8 bytes).
    Removing os_systick.o(.ARM.exidx.text.OS_Tick_AcknowledgeIRQ), (8 bytes).
    Removing os_systick.o(.text.OS_Tick_GetIRQn), (6 bytes).
    Removing os_systick.o(.ARM.exidx.text.OS_Tick_GetIRQn), (8 bytes).
    Removing os_systick.o(.text.OS_Tick_GetClock), (12 bytes).
    Removing os_systick.o(.ARM.exidx.text.OS_Tick_GetClock), (8 bytes).
    Removing os_systick.o(.text.OS_Tick_GetInterval), (12 bytes).
    Removing os_systick.o(.ARM.exidx.text.OS_Tick_GetInterval), (8 bytes).
    Removing os_systick.o(.text.OS_Tick_GetCount), (16 bytes).
    Removing os_systick.o(.ARM.exidx.text.OS_Tick_GetCount), (8 bytes).
    Removing os_systick.o(.text.OS_Tick_GetOverflow), (16 bytes).
    Removing os_systick.o(.ARM.exidx.text.OS_Tick_GetOverflow), (8 bytes).
    Removing os_systick.o(.bss.PendST), (1 bytes).

409 unused section(s) (total 15824 bytes) removed from the image.

==============================================================================

Image Symbol Table

    Local Symbols

    Symbol Name                              Value     Ov Type        Size  Object(Section)

    RESET                                    0x00000000   Section      192  startup_mkl25z4.o(RESET)
    ../clib/../cmprslib/zerorunl.c           0x00000000   Number         0  __dczerorl.o ABSOLUTE
    ../clib/microlib/division.c              0x00000000   Number         0  uidiv.o ABSOLUTE
    ../clib/microlib/division.c              0x00000000   Number         0  idiv.o ABSOLUTE
    ../clib/microlib/init/entry.s            0x00000000   Number         0  entry10a.o ABSOLUTE
    ../clib/microlib/init/entry.s            0x00000000   Number         0  entry9b.o ABSOLUTE
    ../clib/microlib/init/entry.s            0x00000000   Number         0  entry9a.o ABSOLUTE
    ../clib/microlib/init/entry.s            0x00000000   Number         0  entry8b.o ABSOLUTE
    ../clib/microlib/init/entry.s            0x00000000   Number         0  entry8a.o ABSOLUTE
    ../clib/microlib/init/entry.s            0x00000000   Number         0  entry7b.o ABSOLUTE
    ../clib/microlib/init/entry.s            0x00000000   Number         0  entry7a.o ABSOLUTE
    ../clib/microlib/init/entry.s            0x00000000   Number         0  entry5.o ABSOLUTE
    ../clib/microlib/init/entry.s            0x00000000   Number         0  entry2.o ABSOLUTE
    ../clib/microlib/init/entry.s            0x00000000   Number         0  entry11a.o ABSOLUTE
    ../clib/microlib/init/entry.s            0x00000000   Number         0  entry.o ABSOLUTE
    ../clib/microlib/init/entry.s            0x00000000   Number         0  entry11b.o ABSOLUTE
    ../clib/microlib/init/entry.s            0x00000000   Number         0  entry10b.o ABSOLUTE
    ../clib/microlib/longlong.c              0x00000000   Number         0  llushr.o ABSOLUTE
    ../clib/microlib/longlong.c              0x00000000   Number         0  llshl.o ABSOLUTE
    ../clib/microlib/string/memcpy.c         0x00000000   Number         0  memcpyb.o ABSOLUTE
    ../clib/microlib/string/memcpy.c         0x00000000   Number         0  memcpya.o ABSOLUTE
    ../clib/microlib/string/memset.c         0x00000000   Number         0  memseta.o ABSOLUTE
    ../clib/microlib/stubs.s                 0x00000000   Number         0  iusefp.o ABSOLUTE
    ../fplib/microlib/fpadd.c                0x00000000   Number         0  fadd.o ABSOLUTE
    ../fplib/microlib/fpdiv.c                0x00000000   Number         0  fdiv.o ABSOLUTE
    ../fplib/microlib/fpepilogue.c           0x00000000   Number         0  depilogue.o ABSOLUTE
    ../fplib/microlib/fpepilogue.c           0x00000000   Number         0  fepilogue.o ABSOLUTE
    ../fplib/microlib/fpfix.c                0x00000000   Number         0  ffixi.o ABSOLUTE
    ../fplib/microlib/fpfix.c                0x00000000   Number         0  dfixui.o ABSOLUTE
    ../fplib/microlib/fpflt.c                0x00000000   Number         0  fflti.o ABSOLUTE
    ../fplib/microlib/fpflt.c                0x00000000   Number         0  dfltui.o ABSOLUTE
    ../fplib/microlib/fpmul.c                0x00000000   Number         0  dmul.o ABSOLUTE
    ..\..\..\Source\ARM\irq_cm0.s            0x00000000   Number         0  irq_cm0.o ABSOLUTE
    C:\Users\yy2\AppData\Local\Arm\Packs\ARM\CMSIS\5.6.0\CMSIS\RTOS2\RTX\Source\rtx_lib.c 0x00000000   Number         0  rtx_lib.o ABSOLUTE
    C:\\Users\\yy2\\AppData\\Local\\Arm\\Packs\\ARM\\CMSIS\\5.6.0\\CMSIS\\RTOS2\\RTX\\Source\\rtx_lib.c 0x00000000   Number         0  rtx_lib.o ABSOLUTE
    RTE\CMSIS\RTX_Config.c                   0x00000000   Number         0  rtx_config.o ABSOLUTE
    RTE\Device\MKL25Z128xxx4\startup_MKL25Z4.s 0x00000000   Number         0  startup_mkl25z4.o ABSOLUTE
    RTE\Device\MKL25Z128xxx4\system_MKL25Z4.c 0x00000000   Number         0  system_mkl25z4.o ABSOLUTE
    RTE\\CMSIS\\RTX_Config.c                 0x00000000   Number         0  rtx_config.o ABSOLUTE
    RTE\\Device\\MKL25Z128xxx4\\system_MKL25Z4.c 0x00000000   Number         0  system_mkl25z4.o ABSOLUTE
    dc.s                                     0x00000000   Number         0  dc.o ABSOLUTE
    handlers.s                               0x00000000   Number         0  handlers.o ABSOLUTE
    init.s                                   0x00000000   Number         0  init.o ABSOLUTE
    main.c                                   0x00000000   Number         0  main.o ABSOLUTE
    main.c                                   0x00000000   Number         0  main.o ABSOLUTE
    os_systick.c                             0x00000000   Number         0  os_systick.o ABSOLUTE
    rtx_delay.c                              0x00000000   Number         0  rtx_delay.o ABSOLUTE
    rtx_kernel.c                             0x00000000   Number         0  rtx_kernel.o ABSOLUTE
    rtx_memory.c                             0x00000000   Number         0  rtx_memory.o ABSOLUTE
    rtx_mempool.c                            0x00000000   Number         0  rtx_mempool.o ABSOLUTE
    rtx_msgqueue.c                           0x00000000   Number         0  rtx_msgqueue.o ABSOLUTE
    rtx_mutex.c                              0x00000000   Number         0  rtx_mutex.o ABSOLUTE
    rtx_system.c                             0x00000000   Number         0  rtx_system.o ABSOLUTE
    rtx_thread.c                             0x00000000   Number         0  rtx_thread.o ABSOLUTE
    rtx_timer.c                              0x00000000   Number         0  rtx_timer.o ABSOLUTE
    .ARM.Collect$$$$00000000                 0x000000c0   Section        0  entry.o(.ARM.Collect$$$$00000000)
    .ARM.Collect$$$$00000001                 0x000000c0   Section        4  entry2.o(.ARM.Collect$$$$00000001)
    .ARM.Collect$$$$00000004                 0x000000c4   Section        4  entry5.o(.ARM.Collect$$$$00000004)
    .ARM.Collect$$$$00000008                 0x000000c8   Section        0  entry7b.o(.ARM.Collect$$$$00000008)
    .ARM.Collect$$$$0000000A                 0x000000c8   Section        0  entry8b.o(.ARM.Collect$$$$0000000A)
    .ARM.Collect$$$$0000000B                 0x000000c8   Section        8  entry9a.o(.ARM.Collect$$$$0000000B)
    .ARM.Collect$$$$0000000D                 0x000000d0   Section        0  entry10a.o(.ARM.Collect$$$$0000000D)
    .ARM.Collect$$$$0000000F                 0x000000d0   Section        0  entry11a.o(.ARM.Collect$$$$0000000F)
    .ARM.Collect$$$$00002712                 0x000000d0   Section        4  entry2.o(.ARM.Collect$$$$00002712)
    __lit__00000000                          0x000000d0   Data           4  entry2.o(.ARM.Collect$$$$00002712)
    .text                                    0x000000d4   Section       40  startup_mkl25z4.o(.text)
    .text                                    0x000000fc   Section      164  irq_cm0.o(.text)
    .text                                    0x000001a0   Section        0  uidiv.o(.text)
    .text                                    0x000001cc   Section        0  fadd.o(.text)
    .text                                    0x0000027e   Section        0  fdiv.o(.text)
    .text                                    0x000002fc   Section        0  dmul.o(.text)
    .text                                    0x000003cc   Section        0  fflti.o(.text)
    .text                                    0x000003e4   Section        0  dfltui.o(.text)
    .ARM.__at_0x400                          0x00000400   Section       16  startup_mkl25z4.o(.ARM.__at_0x400)
    .text                                    0x00000410   Section        0  ffixi.o(.text)
    .text                                    0x00000444   Section        0  dfixui.o(.text)
    .text                                    0x00000480   Section        0  llushr.o(.text)
    .text                                    0x000004a2   Section        0  iusefp.o(.text)
    .text                                    0x000004a2   Section        0  fepilogue.o(.text)
    .text                                    0x00000524   Section        0  depilogue.o(.text)
    .text                                    0x000005e4   Section       36  init.o(.text)
    .text                                    0x00000608   Section        0  llshl.o(.text)
    .text                                    0x00000628   Section        0  __dczerorl.o(.text)
    [Anonymous Symbol]                       0x00000664   Section        0  os_systick.o(.text.OS_Tick_AcknowledgeIRQ)
    __arm_cp.3_0                             0x0000066c   Number         4  os_systick.o(.text.OS_Tick_AcknowledgeIRQ)
    [Anonymous Symbol]                       0x00000670   Section        0  rtx_thread.o(.text.ThreadFlagsCheck)
    ThreadFlagsCheck                         0x00000671   Thumb Code    78  rtx_thread.o(.text.ThreadFlagsCheck)
    [Anonymous Symbol]                       0x000006c0   Section        0  rtx_delay.o(.text.osDelay)
    __arm_cp.0_0                             0x000006e4   Number         4  rtx_delay.o(.text.osDelay)
    [Anonymous Symbol]                       0x000006e8   Section        0  rtx_system.o(.text.osRtxPendSV_Handler)
    __arm_cp.1_0                             0x00000764   Number         4  rtx_system.o(.text.osRtxPendSV_Handler)
    [Anonymous Symbol]                       0x00000768   Section        0  rtx_system.o(.text.osRtxPostProcess)
    __arm_cp.2_0                             0x000007cc   Number         4  rtx_system.o(.text.osRtxPostProcess)
    __arm_cp.2_1                             0x000007d0   Number         4  rtx_system.o(.text.osRtxPostProcess)
    [Anonymous Symbol]                       0x000007d4   Section        0  rtx_thread.o(.text.osRtxThreadBlock)
    osRtxThreadBlock                         0x000007d5   Thumb Code    56  rtx_thread.o(.text.osRtxThreadBlock)
    __arm_cp.10_0                            0x00000808   Number         4  rtx_thread.o(.text.osRtxThreadBlock)
    [Anonymous Symbol]                       0x0000080c   Section        0  rtx_thread.o(.text.osRtxThreadDelayInsert)
    osRtxThreadDelayInsert                   0x0000080d   Thumb Code   128  rtx_thread.o(.text.osRtxThreadDelayInsert)
    __arm_cp.14_0                            0x00000888   Number         4  rtx_thread.o(.text.osRtxThreadDelayInsert)
    [Anonymous Symbol]                       0x0000088c   Section        0  rtx_thread.o(.text.osRtxThreadDelayRemove)
    osRtxThreadDelayRemove                   0x0000088d   Thumb Code    68  rtx_thread.o(.text.osRtxThreadDelayRemove)
    __arm_cp.12_0                            0x000008cc   Number         4  rtx_thread.o(.text.osRtxThreadDelayRemove)
    [Anonymous Symbol]                       0x000008d0   Section        0  rtx_thread.o(.text.osRtxThreadDelayTick)
    __arm_cp.5_0                             0x00000904   Number         4  rtx_thread.o(.text.osRtxThreadDelayTick)
    [Anonymous Symbol]                       0x00000908   Section        0  rtx_thread.o(.text.osRtxThreadDispatch)
    __arm_cp.9_0                             0x00000954   Number         4  rtx_thread.o(.text.osRtxThreadDispatch)
    [Anonymous Symbol]                       0x00000958   Section        0  rtx_thread.o(.text.osRtxThreadListPut)
    [Anonymous Symbol]                       0x00000984   Section        0  rtx_thread.o(.text.osRtxThreadListRemove)
    [Anonymous Symbol]                       0x0000099c   Section        0  rtx_thread.o(.text.osRtxThreadReadyPut)
    __arm_cp.4_0                             0x000009b0   Number         4  rtx_thread.o(.text.osRtxThreadReadyPut)
    [Anonymous Symbol]                       0x000009b4   Section        0  rtx_thread.o(.text.osRtxThreadStackCheck)
    __arm_cp.8_0                             0x000009d8   Number         4  rtx_thread.o(.text.osRtxThreadStackCheck)
    __arm_cp.8_1                             0x000009dc   Number         4  rtx_thread.o(.text.osRtxThreadStackCheck)
    [Anonymous Symbol]                       0x000009e0   Section        0  rtx_thread.o(.text.osRtxThreadSwitch)
    __arm_cp.7_0                             0x000009f0   Number         4  rtx_thread.o(.text.osRtxThreadSwitch)
    [Anonymous Symbol]                       0x000009f4   Section        0  rtx_thread.o(.text.osRtxThreadWaitEnter)
    __arm_cp.13_0                            0x00000a2c   Number         4  rtx_thread.o(.text.osRtxThreadWaitEnter)
    [Anonymous Symbol]                       0x00000a30   Section        0  rtx_thread.o(.text.osRtxThreadWaitExit)
    [Anonymous Symbol]                       0x00000a54   Section        0  rtx_system.o(.text.osRtxTick_Handler)
    __arm_cp.0_0                             0x00000ac4   Number         4  rtx_system.o(.text.osRtxTick_Handler)
    [Anonymous Symbol]                       0x00000ac8   Section        0  rtx_thread.o(.text.osThreadFlagsSet)
    __arm_cp.35_0                            0x00000b1c   Number         4  rtx_thread.o(.text.osThreadFlagsSet)
    [Anonymous Symbol]                       0x00000b20   Section        0  rtx_delay.o(.text.svcRtxDelay)
    svcRtxDelay                              0x00000b21   Thumb Code    18  rtx_delay.o(.text.svcRtxDelay)
    [Anonymous Symbol]                       0x00000b32   Section        0  rtx_thread.o(.text.svcRtxThreadFlagsSet)
    svcRtxThreadFlagsSet                     0x00000b33   Thumb Code   108  rtx_thread.o(.text.svcRtxThreadFlagsSet)
    i.Q_Enqueue                              0x00000b9e   Section        0  main.o(i.Q_Enqueue)
    i.Q_Full                                 0x00000bcc   Section        0  main.o(i.Q_Full)
    i.SystemCoreClockUpdate                  0x00000bdc   Section        0  system_mkl25z4.o(i.SystemCoreClockUpdate)
    i.SystemInit                             0x00000d6c   Section        0  system_mkl25z4.o(i.SystemInit)
    i.UART2_IRQHandler                       0x00000d78   Section        0  main.o(i.UART2_IRQHandler)
    i.__ARM_clz                              0x00000db8   Section        0  depilogue.o(i.__ARM_clz)
    i.__ARM_common_switch8                   0x00000de6   Section        0  rtx_config.o(i.__ARM_common_switch8)
    i.__NVIC_ClearPendingIRQ                 0x00000e04   Section        0  main.o(i.__NVIC_ClearPendingIRQ)
    __NVIC_ClearPendingIRQ                   0x00000e05   Thumb Code    18  main.o(i.__NVIC_ClearPendingIRQ)
    i.__scatterload_copy                     0x00000e1c   Section       14  handlers.o(i.__scatterload_copy)
    i.__scatterload_null                     0x00000e2a   Section        2  handlers.o(i.__scatterload_null)
    i.__scatterload_zeroinit                 0x00000e2c   Section       14  handlers.o(i.__scatterload_zeroinit)
    i.initPWM                                0x00000e3c   Section        0  main.o(i.initPWM)
    i.main                                   0x00000f7c   Section        0  main.o(i.main)
    i.moveBackward                           0x00000fa0   Section        0  main.o(i.moveBackward)
    i.osRtxErrorNotify                       0x00000fc0   Section        0  rtx_config.o(i.osRtxErrorNotify)
    i.reverseFL                              0x00000fe0   Section        0  main.o(i.reverseFL)
    i.reverseFR                              0x00001098   Section        0  main.o(i.reverseFR)
    i.reverseRL                              0x00001154   Section        0  main.o(i.reverseRL)
    i.reverseRR                              0x00001210   Section        0  main.o(i.reverseRR)
    i.stopFL                                 0x000012cc   Section        0  main.o(i.stopFL)
    i.stopFR                                 0x0000132c   Section        0  main.o(i.stopFR)
    i.stopMovement                           0x0000138c   Section        0  main.o(i.stopMovement)
    i.stopRL                                 0x000013a0   Section        0  main.o(i.stopRL)
    i.stopRR                                 0x00001400   Section        0  main.o(i.stopRR)
    .constdata                               0x00001460   Section      100  rtx_lib.o(.constdata)
    os_idle_thread_attr                      0x00001460   Data          36  rtx_lib.o(.constdata)
    os_timer_thread_attr                     0x00001484   Data          36  rtx_lib.o(.constdata)
    os_timer_mq_attr                         0x000014a8   Data          24  rtx_lib.o(.constdata)
    .rodata                                  0x000014c4   Section      160  rtx_lib.o(.rodata)
    __tagsym$$used                           0x000014c4   Number         0  rtx_lib.o(.rodata)
    __tagsym$$used                           0x0000152c   Number         0  rtx_lib.o(.rodata)
    [Anonymous Symbol]                       0x00001564   Section        0  rtx_kernel.o(.rodata.str1.4)
    .L.str                                   0x00001564   Data          11  rtx_kernel.o(.rodata.str1.4)
    .bss.os                                  0x1ffff000   Section     4160  rtx_lib.o(.bss.os)
    os_mem                                   0x1ffff000   Data        4096  rtx_lib.o(.bss.os)
    os_isr_queue                             0x20000000   Data          64  rtx_lib.o(.bss.os)
    .bss.os.msgqueue.cb                      0x20000040   Section       52  rtx_lib.o(.bss.os.msgqueue.cb)
    os_timer_mq_cb                           0x20000040   Data          52  rtx_lib.o(.bss.os.msgqueue.cb)
    .bss.os.msgqueue.mem                     0x20000074   Section       80  rtx_lib.o(.bss.os.msgqueue.mem)
    os_timer_mq_data                         0x20000074   Data          80  rtx_lib.o(.bss.os.msgqueue.mem)
    .bss.os.thread.cb                        0x200000c4   Section      136  rtx_lib.o(.bss.os.thread.cb)
    os_idle_thread_cb                        0x200000c4   Data          68  rtx_lib.o(.bss.os.thread.cb)
    os_timer_thread_cb                       0x20000108   Data          68  rtx_lib.o(.bss.os.thread.cb)
    .bss.os.thread.stack                     0x20000150   Section      512  rtx_lib.o(.bss.os.thread.stack)
    os_idle_thread_stack                     0x20000150   Data         256  rtx_lib.o(.bss.os.thread.stack)
    os_timer_thread_stack                    0x20000250   Data         256  rtx_lib.o(.bss.os.thread.stack)
    .data                                    0x20000350   Section       96  main.o(.data)
    .data                                    0x200003b0   Section        4  system_mkl25z4.o(.data)
    .bss                                     0x20000458   Section       44  main.o(.bss)
    STACK                                    0x20000488   Section      256  startup_mkl25z4.o(STACK)

    Global Symbols

    Symbol Name                              Value     Ov Type        Size  Object(Section)

    BuildAttributes$$THM_ISAv3M$S$PE$A:L22$X:L11$S22$IEEE1$IW$~IW$USESV6$~STKCKD$USESV7$~SHL$OTIME$ROPI$EBA8$MICROLIB$REQ8$PRES8$EABIv2 0x00000000   Number         0  anon$$obj.o ABSOLUTE
    __ARM_use_no_argv                        0x00000000   Number         0  main.o ABSOLUTE
    __Vectors                                0x00000000   Data           4  startup_mkl25z4.o(RESET)
    .bss.os.evflags.cb$$Base                  - Undefined Weak Reference
    .bss.os.evflags.cb$$Limit                 - Undefined Weak Reference
    .bss.os.mempool.cb$$Base                  - Undefined Weak Reference
    .bss.os.mempool.cb$$Limit                 - Undefined Weak Reference
    .bss.os.mutex.cb$$Base                    - Undefined Weak Reference
    .bss.os.mutex.cb$$Limit                   - Undefined Weak Reference
    .bss.os.semaphore.cb$$Base                - Undefined Weak Reference
    .bss.os.semaphore.cb$$Limit               - Undefined Weak Reference
    .bss.os.timer.cb$$Base                    - Undefined Weak Reference
    .bss.os.timer.cb$$Limit                   - Undefined Weak Reference
    __cpp_initialize__aeabi_                  - Undefined Weak Reference
    __cxa_finalize                            - Undefined Weak Reference
    _clock_init                               - Undefined Weak Reference
    _microlib_exit                            - Undefined Weak Reference
    __Vectors_End                            0x000000c0   Data           0  startup_mkl25z4.o(RESET)
    __Vectors_Size                           0x000000c0   Number         0  startup_mkl25z4.o ABSOLUTE
    __main                                   0x000000c1   Thumb Code     0  entry.o(.ARM.Collect$$$$00000000)
    _main_stk                                0x000000c1   Thumb Code     0  entry2.o(.ARM.Collect$$$$00000001)
    _main_scatterload                        0x000000c5   Thumb Code     0  entry5.o(.ARM.Collect$$$$00000004)
    __main_after_scatterload                 0x000000c9   Thumb Code     0  entry5.o(.ARM.Collect$$$$00000004)
    _main_clock                              0x000000c9   Thumb Code     0  entry7b.o(.ARM.Collect$$$$00000008)
    _main_cpp_init                           0x000000c9   Thumb Code     0  entry8b.o(.ARM.Collect$$$$0000000A)
    _main_init                               0x000000c9   Thumb Code     0  entry9a.o(.ARM.Collect$$$$0000000B)
    __rt_final_cpp                           0x000000d1   Thumb Code     0  entry10a.o(.ARM.Collect$$$$0000000D)
    __rt_final_exit                          0x000000d1   Thumb Code     0  entry11a.o(.ARM.Collect$$$$0000000F)
    Reset_Handler                            0x000000d5   Thumb Code    12  startup_mkl25z4.o(.text)
    NMI_Handler                              0x000000e1   Thumb Code     2  startup_mkl25z4.o(.text)
    HardFault_Handler                        0x000000e3   Thumb Code     2  startup_mkl25z4.o(.text)
    ADC0_IRQHandler                          0x000000eb   Thumb Code     0  startup_mkl25z4.o(.text)
    CMP0_IRQHandler                          0x000000eb   Thumb Code     0  startup_mkl25z4.o(.text)
    DAC0_IRQHandler                          0x000000eb   Thumb Code     0  startup_mkl25z4.o(.text)
    DMA0_IRQHandler                          0x000000eb   Thumb Code     0  startup_mkl25z4.o(.text)
    DMA1_IRQHandler                          0x000000eb   Thumb Code     0  startup_mkl25z4.o(.text)
    DMA2_IRQHandler                          0x000000eb   Thumb Code     0  startup_mkl25z4.o(.text)
    DMA3_IRQHandler                          0x000000eb   Thumb Code     0  startup_mkl25z4.o(.text)
    DefaultISR                               0x000000eb   Thumb Code     0  startup_mkl25z4.o(.text)
    FTFA_IRQHandler                          0x000000eb   Thumb Code     0  startup_mkl25z4.o(.text)
    I2C0_IRQHandler                          0x000000eb   Thumb Code     0  startup_mkl25z4.o(.text)
    I2C1_IRQHandler                          0x000000eb   Thumb Code     0  startup_mkl25z4.o(.text)
    LLWU_IRQHandler                          0x000000eb   Thumb Code     0  startup_mkl25z4.o(.text)
    LPTMR0_IRQHandler                        0x000000eb   Thumb Code     0  startup_mkl25z4.o(.text)
    LVD_LVW_IRQHandler                       0x000000eb   Thumb Code     0  startup_mkl25z4.o(.text)
    MCG_IRQHandler                           0x000000eb   Thumb Code     0  startup_mkl25z4.o(.text)
    PIT_IRQHandler                           0x000000eb   Thumb Code     0  startup_mkl25z4.o(.text)
    PORTA_IRQHandler                         0x000000eb   Thumb Code     0  startup_mkl25z4.o(.text)
    PORTD_IRQHandler                         0x000000eb   Thumb Code     0  startup_mkl25z4.o(.text)
    RTC_IRQHandler                           0x000000eb   Thumb Code     0  startup_mkl25z4.o(.text)
    RTC_Seconds_IRQHandler                   0x000000eb   Thumb Code     0  startup_mkl25z4.o(.text)
    Reserved20_IRQHandler                    0x000000eb   Thumb Code     0  startup_mkl25z4.o(.text)
    Reserved39_IRQHandler                    0x000000eb   Thumb Code     0  startup_mkl25z4.o(.text)
    Reserved45_IRQHandler                    0x000000eb   Thumb Code     0  startup_mkl25z4.o(.text)
    SPI0_IRQHandler                          0x000000eb   Thumb Code     0  startup_mkl25z4.o(.text)
    SPI1_IRQHandler                          0x000000eb   Thumb Code     0  startup_mkl25z4.o(.text)
    TPM0_IRQHandler                          0x000000eb   Thumb Code     0  startup_mkl25z4.o(.text)
    TPM1_IRQHandler                          0x000000eb   Thumb Code     0  startup_mkl25z4.o(.text)
    TPM2_IRQHandler                          0x000000eb   Thumb Code     0  startup_mkl25z4.o(.text)
    TSI0_IRQHandler                          0x000000eb   Thumb Code     0  startup_mkl25z4.o(.text)
    UART0_IRQHandler                         0x000000eb   Thumb Code     0  startup_mkl25z4.o(.text)
    UART1_IRQHandler                         0x000000eb   Thumb Code     0  startup_mkl25z4.o(.text)
    USB0_IRQHandler                          0x000000eb   Thumb Code     0  startup_mkl25z4.o(.text)
    SVC_Handler                              0x000000fd   Thumb Code   132  irq_cm0.o(.text)
    PendSV_Handler                           0x00000181   Thumb Code    12  irq_cm0.o(.text)
    SysTick_Handler                          0x0000018d   Thumb Code    12  irq_cm0.o(.text)
    __aeabi_uidiv                            0x000001a1   Thumb Code     0  uidiv.o(.text)
    __aeabi_uidivmod                         0x000001a1   Thumb Code    44  uidiv.o(.text)
    __aeabi_fadd                             0x000001cd   Thumb Code   162  fadd.o(.text)
    __aeabi_fsub                             0x0000026f   Thumb Code     8  fadd.o(.text)
    __aeabi_frsub                            0x00000277   Thumb Code     8  fadd.o(.text)
    __aeabi_fdiv                             0x0000027f   Thumb Code   124  fdiv.o(.text)
    __aeabi_dmul                             0x000002fd   Thumb Code   202  dmul.o(.text)
    __aeabi_i2f                              0x000003cd   Thumb Code    22  fflti.o(.text)
    __aeabi_ui2d                             0x000003e5   Thumb Code    24  dfltui.o(.text)
    __aeabi_f2iz                             0x00000411   Thumb Code    50  ffixi.o(.text)
    __aeabi_d2uiz                            0x00000445   Thumb Code    50  dfixui.o(.text)
    __aeabi_llsr                             0x00000481   Thumb Code    34  llushr.o(.text)
    _ll_ushift_r                             0x00000481   Thumb Code     0  llushr.o(.text)
    __I$use$fp                               0x000004a3   Thumb Code     0  iusefp.o(.text)
    _float_round                             0x000004a3   Thumb Code    16  fepilogue.o(.text)
    _float_epilogue                          0x000004b3   Thumb Code   114  fepilogue.o(.text)
    _double_round                            0x00000525   Thumb Code    26  depilogue.o(.text)
    _double_epilogue                         0x0000053f   Thumb Code   164  depilogue.o(.text)
    __scatterload                            0x000005e5   Thumb Code    28  init.o(.text)
    __scatterload_rt2                        0x000005e5   Thumb Code     0  init.o(.text)
    __aeabi_llsl                             0x00000609   Thumb Code    32  llshl.o(.text)
    _ll_shift_l                              0x00000609   Thumb Code     0  llshl.o(.text)
    __decompress                             0x00000629   Thumb Code     0  __dczerorl.o(.text)
    __decompress0                            0x00000629   Thumb Code    58  __dczerorl.o(.text)
    OS_Tick_AcknowledgeIRQ                   0x00000665   Thumb Code    12  os_systick.o(.text.OS_Tick_AcknowledgeIRQ)
    osDelay                                  0x000006c1   Thumb Code    40  rtx_delay.o(.text.osDelay)
    osRtxPendSV_Handler                      0x000006e9   Thumb Code   128  rtx_system.o(.text.osRtxPendSV_Handler)
    osRtxPostProcess                         0x00000769   Thumb Code   108  rtx_system.o(.text.osRtxPostProcess)
    osRtxThreadDelayTick                     0x000008d1   Thumb Code    56  rtx_thread.o(.text.osRtxThreadDelayTick)
    osRtxThreadDispatch                      0x00000909   Thumb Code    80  rtx_thread.o(.text.osRtxThreadDispatch)
    osRtxThreadListPut                       0x00000959   Thumb Code    44  rtx_thread.o(.text.osRtxThreadListPut)
    osRtxThreadListRemove                    0x00000985   Thumb Code    24  rtx_thread.o(.text.osRtxThreadListRemove)
    osRtxThreadReadyPut                      0x0000099d   Thumb Code    24  rtx_thread.o(.text.osRtxThreadReadyPut)
    osRtxThreadStackCheck                    0x000009b5   Thumb Code    44  rtx_thread.o(.text.osRtxThreadStackCheck)
    osRtxThreadSwitch                        0x000009e1   Thumb Code    20  rtx_thread.o(.text.osRtxThreadSwitch)
    osRtxThreadWaitEnter                     0x000009f5   Thumb Code    60  rtx_thread.o(.text.osRtxThreadWaitEnter)
    osRtxThreadWaitExit                      0x00000a31   Thumb Code    34  rtx_thread.o(.text.osRtxThreadWaitExit)
    osRtxTick_Handler                        0x00000a55   Thumb Code   116  rtx_system.o(.text.osRtxTick_Handler)
    osThreadFlagsSet                         0x00000ac9   Thumb Code    88  rtx_thread.o(.text.osThreadFlagsSet)
    Q_Enqueue                                0x00000b9f   Thumb Code    46  main.o(i.Q_Enqueue)
    Q_Full                                   0x00000bcd   Thumb Code    16  main.o(i.Q_Full)
    SystemCoreClockUpdate                    0x00000bdd   Thumb Code   372  system_mkl25z4.o(i.SystemCoreClockUpdate)
    SystemInit                               0x00000d6d   Thumb Code     8  system_mkl25z4.o(i.SystemInit)
    UART2_IRQHandler                         0x00000d79   Thumb Code    52  main.o(i.UART2_IRQHandler)
    __ARM_clz                                0x00000db9   Thumb Code    46  depilogue.o(i.__ARM_clz)
    __ARM_common_switch8                     0x00000de7   Thumb Code    28  rtx_config.o(i.__ARM_common_switch8)
    __scatterload_copy                       0x00000e1d   Thumb Code    14  handlers.o(i.__scatterload_copy)
    __scatterload_null                       0x00000e2b   Thumb Code     2  handlers.o(i.__scatterload_null)
    __scatterload_zeroinit                   0x00000e2d   Thumb Code    14  handlers.o(i.__scatterload_zeroinit)
    initPWM                                  0x00000e3d   Thumb Code   308  main.o(i.initPWM)
    main                                     0x00000f7d   Thumb Code    36  main.o(i.main)
    moveBackward                             0x00000fa1   Thumb Code    28  main.o(i.moveBackward)
    osRtxErrorNotify                         0x00000fc1   Thumb Code    32  rtx_config.o(i.osRtxErrorNotify)
    reverseFL                                0x00000fe1   Thumb Code   160  main.o(i.reverseFL)
    reverseFR                                0x00001099   Thumb Code   164  main.o(i.reverseFR)
    reverseRL                                0x00001155   Thumb Code   162  main.o(i.reverseRL)
    reverseRR                                0x00001211   Thumb Code   162  main.o(i.reverseRR)
    stopFL                                   0x000012cd   Thumb Code    80  main.o(i.stopFL)
    stopFR                                   0x0000132d   Thumb Code    80  main.o(i.stopFR)
    stopMovement                             0x0000138d   Thumb Code    20  main.o(i.stopMovement)
    stopRL                                   0x000013a1   Thumb Code    80  main.o(i.stopRL)
    stopRR                                   0x00001401   Thumb Code    80  main.o(i.stopRR)
    osRtxUserSVC                             0x000014c0   Data           4  rtx_lib.o(.constdata)
    osRtxConfig                              0x000014c4   Data         104  rtx_lib.o(.rodata)
    os_cb_sections                           0x0000152c   Data          56  rtx_lib.o(.rodata)
    Region$$Table$$Base                      0x00001570   Number         0  anon$$obj.o(Region$$Table)
    Region$$Table$$Limit                     0x00001590   Number         0  anon$$obj.o(Region$$Table)
    .bss.os.msgqueue.cb$$Base                0x20000040   Number         0  rtx_lib.o(.bss.os.msgqueue.cb)
    .bss.os.msgqueue.cb$$Limit               0x20000074   Number         0  rtx_lib.o(.bss.os.msgqueue.cb)
    .bss.os.thread.cb$$Base                  0x200000c4   Number         0  rtx_lib.o(.bss.os.thread.cb)
    .bss.os.thread.cb$$Limit                 0x2000014c   Number         0  rtx_lib.o(.bss.os.thread.cb)
    green_led_moving                         0x20000350   Data           4  main.o(.data)
    green_led_connect_id                     0x20000354   Data           4  main.o(.data)
    green_led_moving_id                      0x20000358   Data           4  main.o(.data)
    green_led_stationary_id                  0x2000035c   Data           4  main.o(.data)
    red_led_moving_id                        0x20000360   Data           4  main.o(.data)
    red_led_stationary_id                    0x20000364   Data           4  main.o(.data)
    generate_melody_id                       0x20000368   Data           4  main.o(.data)
    end_challenge_id                         0x2000036c   Data           4  main.o(.data)
    UART_id                                  0x20000370   Data           4  main.o(.data)
    forward_id                               0x20000374   Data           4  main.o(.data)
    backward_id                              0x20000378   Data           4  main.o(.data)
    left_id                                  0x2000037c   Data           4  main.o(.data)
    right_id                                 0x20000380   Data           4  main.o(.data)
    stop_id                                  0x20000384   Data           4  main.o(.data)
    curve_left_id                            0x20000388   Data           4  main.o(.data)
    curve_right_id                           0x2000038c   Data           4  main.o(.data)
    redMovingMsg                             0x20000390   Data           4  main.o(.data)
    redStationaryMsg                         0x20000394   Data           4  main.o(.data)
    greenMovingMsg                           0x20000398   Data           4  main.o(.data)
    greenStationaryMsg                       0x2000039c   Data           4  main.o(.data)
    forwardMsg                               0x200003a0   Data           4  main.o(.data)
    backwardMsg                              0x200003a4   Data           4  main.o(.data)
    leftMsg                                  0x200003a8   Data           4  main.o(.data)
    rightMsg                                 0x200003ac   Data           4  main.o(.data)
    SystemCoreClock                          0x200003b0   Data           4  system_mkl25z4.o(.data)
    osRtxInfo                                0x200003b4   Data         164  rtx_kernel.o(.data.os)
    rx_q                                     0x20000458   Data          44  main.o(.bss)
    __initial_sp                             0x20000588   Data           0  startup_mkl25z4.o(STACK)



==============================================================================

Memory Map of the image

  Image Entry point : 0x000000d5

  Load Region LR_1 (Base: 0x00000000, Size: 0x000029e8, Max: 0xffffffff, ABSOLUTE, COMPRESSED[0x000015c4])

    Execution Region ER_RO (Exec base: 0x00000000, Load base: 0x00000000, Size: 0x00001590, Max: 0xffffffff, ABSOLUTE)

    Exec Addr    Load Addr    Size         Type   Attr      Idx    E Section Name        Object

    0x00000000   0x00000000   0x000000c0   Data   RO          456    RESET               startup_mkl25z4.o
    0x000000c0   0x000000c0   0x00000000   Code   RO          963  * .ARM.Collect$$$$00000000  mc_p.l(entry.o)
    0x000000c0   0x000000c0   0x00000004   Code   RO          990    .ARM.Collect$$$$00000001  mc_p.l(entry2.o)
    0x000000c4   0x000000c4   0x00000004   Code   RO          993    .ARM.Collect$$$$00000004  mc_p.l(entry5.o)
    0x000000c8   0x000000c8   0x00000000   Code   RO          995    .ARM.Collect$$$$00000008  mc_p.l(entry7b.o)
    0x000000c8   0x000000c8   0x00000000   Code   RO          997    .ARM.Collect$$$$0000000A  mc_p.l(entry8b.o)
    0x000000c8   0x000000c8   0x00000008   Code   RO          998    .ARM.Collect$$$$0000000B  mc_p.l(entry9a.o)
    0x000000d0   0x000000d0   0x00000000   Code   RO         1000    .ARM.Collect$$$$0000000D  mc_p.l(entry10a.o)
    0x000000d0   0x000000d0   0x00000000   Code   RO         1002    .ARM.Collect$$$$0000000F  mc_p.l(entry11a.o)
    0x000000d0   0x000000d0   0x00000004   Code   RO          991    .ARM.Collect$$$$00002712  mc_p.l(entry2.o)
    0x000000d4   0x000000d4   0x00000028   Code   RO          458  * .text               startup_mkl25z4.o
    0x000000fc   0x000000fc   0x000000a4   Code   RO          707    .text               RTX_CM0.lib(irq_cm0.o)
    0x000001a0   0x000001a0   0x0000002c   Code   RO          966    .text               mc_p.l(uidiv.o)
    0x000001cc   0x000001cc   0x000000b2   Code   RO          976    .text               mf_p.l(fadd.o)
    0x0000027e   0x0000027e   0x0000007c   Code   RO          978    .text               mf_p.l(fdiv.o)
    0x000002fa   0x000002fa   0x00000002   PAD
    0x000002fc   0x000002fc   0x000000d0   Code   RO          980    .text               mf_p.l(dmul.o)
    0x000003cc   0x000003cc   0x00000016   Code   RO          982    .text               mf_p.l(fflti.o)
    0x000003e2   0x000003e2   0x00000002   PAD
    0x000003e4   0x000003e4   0x0000001c   Code   RO          984    .text               mf_p.l(dfltui.o)
    0x00000400   0x00000400   0x00000010   Code   RO          457    .ARM.__at_0x400     startup_mkl25z4.o
    0x00000410   0x00000410   0x00000032   Code   RO          986    .text               mf_p.l(ffixi.o)
    0x00000442   0x00000442   0x00000002   PAD
    0x00000444   0x00000444   0x0000003c   Code   RO          988    .text               mf_p.l(dfixui.o)
    0x00000480   0x00000480   0x00000022   Code   RO         1004    .text               mc_p.l(llushr.o)
    0x000004a2   0x000004a2   0x00000000   Code   RO         1006    .text               mc_p.l(iusefp.o)
    0x000004a2   0x000004a2   0x00000082   Code   RO         1007    .text               mf_p.l(fepilogue.o)
    0x00000524   0x00000524   0x000000be   Code   RO         1009    .text               mf_p.l(depilogue.o)
    0x000005e2   0x000005e2   0x00000002   PAD
    0x000005e4   0x000005e4   0x00000024   Code   RO         1013    .text               mc_p.l(init.o)
    0x00000608   0x00000608   0x00000020   Code   RO         1015    .text               mc_p.l(llshl.o)
    0x00000628   0x00000628   0x0000003a   Code   RO         1025    .text               mc_p.l(__dczerorl.o)
    0x00000662   0x00000662   0x00000002   PAD
    0x00000664   0x00000664   0x0000000c   Code   RO          942    .text.OS_Tick_AcknowledgeIRQ  RTX_CM0.lib(os_systick.o)
    0x00000670   0x00000670   0x0000004e   Code   RO          580    .text.ThreadFlagsCheck  RTX_CM0.lib(rtx_thread.o)
    0x000006be   0x000006be   0x00000002   PAD
    0x000006c0   0x000006c0   0x00000028   Code   RO          633    .text.osDelay       RTX_CM0.lib(rtx_delay.o)
    0x000006e8   0x000006e8   0x00000080   Code   RO          923    .text.osRtxPendSV_Handler  RTX_CM0.lib(rtx_system.o)
    0x00000768   0x00000768   0x0000006c   Code   RO          925    .text.osRtxPostProcess  RTX_CM0.lib(rtx_system.o)
    0x000007d4   0x000007d4   0x00000038   Code   RO          520    .text.osRtxThreadBlock  RTX_CM0.lib(rtx_thread.o)
    0x0000080c   0x0000080c   0x00000080   Code   RO          528    .text.osRtxThreadDelayInsert  RTX_CM0.lib(rtx_thread.o)
    0x0000088c   0x0000088c   0x00000044   Code   RO          524    .text.osRtxThreadDelayRemove  RTX_CM0.lib(rtx_thread.o)
    0x000008d0   0x000008d0   0x00000038   Code   RO          510    .text.osRtxThreadDelayTick  RTX_CM0.lib(rtx_thread.o)
    0x00000908   0x00000908   0x00000050   Code   RO          518    .text.osRtxThreadDispatch  RTX_CM0.lib(rtx_thread.o)
    0x00000958   0x00000958   0x0000002c   Code   RO          500    .text.osRtxThreadListPut  RTX_CM0.lib(rtx_thread.o)
    0x00000984   0x00000984   0x00000018   Code   RO          506    .text.osRtxThreadListRemove  RTX_CM0.lib(rtx_thread.o)
    0x0000099c   0x0000099c   0x00000018   Code   RO          508    .text.osRtxThreadReadyPut  RTX_CM0.lib(rtx_thread.o)
    0x000009b4   0x000009b4   0x0000002c   Code   RO          516    .text.osRtxThreadStackCheck  RTX_CM0.lib(rtx_thread.o)
    0x000009e0   0x000009e0   0x00000014   Code   RO          514    .text.osRtxThreadSwitch  RTX_CM0.lib(rtx_thread.o)
    0x000009f4   0x000009f4   0x0000003c   Code   RO          526    .text.osRtxThreadWaitEnter  RTX_CM0.lib(rtx_thread.o)
    0x00000a30   0x00000a30   0x00000022   Code   RO          522    .text.osRtxThreadWaitExit  RTX_CM0.lib(rtx_thread.o)
    0x00000a52   0x00000a52   0x00000002   PAD
    0x00000a54   0x00000a54   0x00000074   Code   RO          921    .text.osRtxTick_Handler  RTX_CM0.lib(rtx_system.o)
    0x00000ac8   0x00000ac8   0x00000058   Code   RO          570    .text.osThreadFlagsSet  RTX_CM0.lib(rtx_thread.o)
    0x00000b20   0x00000b20   0x00000012   Code   RO          637    .text.svcRtxDelay   RTX_CM0.lib(rtx_delay.o)
    0x00000b32   0x00000b32   0x0000006c   Code   RO          616    .text.svcRtxThreadFlagsSet  RTX_CM0.lib(rtx_thread.o)
    0x00000b9e   0x00000b9e   0x0000002e   Code   RO           11    i.Q_Enqueue         main.o
    0x00000bcc   0x00000bcc   0x00000010   Code   RO           12    i.Q_Full            main.o
    0x00000bdc   0x00000bdc   0x00000190   Code   RO          466    i.SystemCoreClockUpdate  system_mkl25z4.o
    0x00000d6c   0x00000d6c   0x0000000c   Code   RO          467    i.SystemInit        system_mkl25z4.o
    0x00000d78   0x00000d78   0x00000040   Code   RO           20    i.UART2_IRQHandler  main.o
    0x00000db8   0x00000db8   0x0000002e   Code   RO         1011    i.__ARM_clz         mf_p.l(depilogue.o)
    0x00000de6   0x00000de6   0x0000001c   Code   RO          445    i.__ARM_common_switch8  rtx_config.o
    0x00000e02   0x00000e02   0x00000002   PAD
    0x00000e04   0x00000e04   0x00000018   Code   RO           22    i.__NVIC_ClearPendingIRQ  main.o
    0x00000e1c   0x00000e1c   0x0000000e   Code   RO         1019    i.__scatterload_copy  mc_p.l(handlers.o)
    0x00000e2a   0x00000e2a   0x00000002   Code   RO         1020    i.__scatterload_null  mc_p.l(handlers.o)
    0x00000e2c   0x00000e2c   0x0000000e   Code   RO         1021    i.__scatterload_zeroinit  mc_p.l(handlers.o)
    0x00000e3a   0x00000e3a   0x00000002   PAD
    0x00000e3c   0x00000e3c   0x00000140   Code   RO           38    i.initPWM           main.o
    0x00000f7c   0x00000f7c   0x00000024   Code   RO           40    i.main              main.o
    0x00000fa0   0x00000fa0   0x00000020   Code   RO           41    i.moveBackward      main.o
    0x00000fc0   0x00000fc0   0x00000020   Code   RO          424    i.osRtxErrorNotify  rtx_config.o
    0x00000fe0   0x00000fe0   0x000000b8   Code   RO           45    i.reverseFL         main.o
    0x00001098   0x00001098   0x000000bc   Code   RO           46    i.reverseFR         main.o
    0x00001154   0x00001154   0x000000bc   Code   RO           47    i.reverseRL         main.o
    0x00001210   0x00001210   0x000000bc   Code   RO           48    i.reverseRR         main.o
    0x000012cc   0x000012cc   0x00000060   Code   RO           49    i.stopFL            main.o
    0x0000132c   0x0000132c   0x00000060   Code   RO           50    i.stopFR            main.o
    0x0000138c   0x0000138c   0x00000014   Code   RO           51    i.stopMovement      main.o
    0x000013a0   0x000013a0   0x00000060   Code   RO           52    i.stopRL            main.o
    0x00001400   0x00001400   0x00000060   Code   RO           53    i.stopRR            main.o
    0x00001460   0x00001460   0x00000064   Data   RO          394    .constdata          rtx_lib.o
    0x000014c4   0x000014c4   0x000000a0   Data   RO          396    .rodata             rtx_lib.o
    0x00001564   0x00001564   0x0000000b   Data   RO          766    .rodata.str1.4      RTX_CM0.lib(rtx_kernel.o)
    0x0000156f   0x0000156f   0x00000001   PAD
    0x00001570   0x00001570   0x00000020   Data   RO         1017    Region$$Table       anon$$obj.o


    Execution Region ER_RW (Exec base: 0x1ffff000, Load base: 0x00001590, Size: 0x00001458, Max: 0xffffffff, ABSOLUTE, COMPRESSED[0x00000034])

    Exec Addr    Load Addr    Size         Type   Attr      Idx    E Section Name        Object

    0x1ffff000   COMPRESSED   0x00001040   Data   RW          389    .bss.os             rtx_lib.o
    0x20000040   COMPRESSED   0x00000034   Data   RW          390    .bss.os.msgqueue.cb  rtx_lib.o
    0x20000074   COMPRESSED   0x00000050   Data   RW          391    .bss.os.msgqueue.mem  rtx_lib.o
    0x200000c4   COMPRESSED   0x00000088   Data   RW          392    .bss.os.thread.cb   rtx_lib.o
    0x2000014c   COMPRESSED   0x00000004   PAD
    0x20000150   COMPRESSED   0x00000200   Data   RW          393    .bss.os.thread.stack  rtx_lib.o
    0x20000350   COMPRESSED   0x00000060   Data   RW           61    .data               main.o
    0x200003b0   COMPRESSED   0x00000004   Data   RW          468    .data               system_mkl25z4.o
    0x200003b4   COMPRESSED   0x000000a4   Data   RW          767    .data.os            RTX_CM0.lib(rtx_kernel.o)


    Execution Region ER_ZI (Exec base: 0x20000458, Load base: 0x000015c4, Size: 0x00000130, Max: 0xffffffff, ABSOLUTE)

    Exec Addr    Load Addr    Size         Type   Attr      Idx    E Section Name        Object

    0x20000458        -       0x0000002c   Zero   RW           59    .bss                main.o
    0x20000484   0x000015c4   0x00000004   PAD
    0x20000488        -       0x00000100   Zero   RW          454    STACK               startup_mkl25z4.o


==============================================================================

Image component sizes


      Code (inc. data)   RO Data    RW Data    ZI Data      Debug   Object Name

      1690        198          0         96         44     237757   main.o
        60          8          0          0          0        607   rtx_config.o
         0          0        260       4940          0       9166   rtx_lib.o
        56         30        192          0        256        860   startup_mkl25z4.o
       412         42          0          4          0       1503   system_mkl25z4.o

    ----------------------------------------------------------------------
      2220        278        484       5044        304     249893   Object Totals
         0          0         32          0          0          0   (incl. Generated)
         2          0          0          4          4          0   (incl. Padding)

    ----------------------------------------------------------------------

      Code (inc. data)   RO Data    RW Data    ZI Data      Debug   Library Member Name

       164          8          0          0          0        496   irq_cm0.o
        12          4          0          0          0       2766   os_systick.o
        58          4          0          0          0       2753   rtx_delay.o
         0          0         11        164          0      15465   rtx_kernel.o
       352         26          0          0          0       4635   rtx_system.o
       912         44          0          0          0      30867   rtx_thread.o
        58          0          0          0          0          0   __dczerorl.o
         0          0          0          0          0          0   entry.o
         0          0          0          0          0          0   entry10a.o
         0          0          0          0          0          0   entry11a.o
         8          4          0          0          0          0   entry2.o
         4          0          0          0          0          0   entry5.o
         0          0          0          0          0          0   entry7b.o
         0          0          0          0          0          0   entry8b.o
         8          4          0          0          0          0   entry9a.o
        30          0          0          0          0          0   handlers.o
        36          8          0          0          0         68   init.o
         0          0          0          0          0          0   iusefp.o
        32          0          0          0          0         68   llshl.o
        34          0          0          0          0         68   llushr.o
        44          0          0          0          0         72   uidiv.o
       236          0          0          0          0        216   depilogue.o
        60         10          0          0          0         68   dfixui.o
        28          4          0          0          0         68   dfltui.o
       208          6          0          0          0         88   dmul.o
       178          0          0          0          0        108   fadd.o
       124          0          0          0          0         72   fdiv.o
       130          0          0          0          0        144   fepilogue.o
        50          0          0          0          0         60   ffixi.o
        22          0          0          0          0         68   fflti.o

    ----------------------------------------------------------------------
      2804        122         12        164          0      58150   Library Totals
        16          0          1          0          0          0   (incl. Padding)

    ----------------------------------------------------------------------

      Code (inc. data)   RO Data    RW Data    ZI Data      Debug   Library Name

      1498         86         11        164          0      56982   RTX_CM0.lib
       254         16          0          0          0        276   mc_p.l
      1036         20          0          0          0        892   mf_p.l

    ----------------------------------------------------------------------
      2804        122         12        164          0      58150   Library Totals

    ----------------------------------------------------------------------

==============================================================================


      Code (inc. data)   RO Data    RW Data    ZI Data      Debug   

      5024        400        496       5208        304     306803   Grand Totals
      5024        400        496         52        304     306803   ELF Image Totals (compressed)
      5024        400        496         52          0          0   ROM Totals

==============================================================================

    Total RO  Size (Code + RO Data)                 5520 (   5.39kB)
    Total RW  Size (RW Data + ZI Data)              5512 (   5.38kB)
    Total ROM Size (Code + RO Data + RW Data)       5572 (   5.44kB)

==============================================================================

